******************************************************************************
             TMS320C2000 Linker PC v6.1.5                      
******************************************************************************
>> Linked Sat Sep 21 20:50:40 2013

OUTPUT FILE NAME:   <CAN_Slave.out>
ENTRY POINT SYMBOL: "_c_int00"  address: 003f8353


MEMORY CONFIGURATION

         name            origin    length      used     unused   attr    fill
----------------------  --------  ---------  --------  --------  ----  --------
PAGE 0:
  RAMM0                 00000000   00000400  00000000  00000400  RWIX
  BEGIN                 003f8000   00000002  00000002  00000000  RWIX
  PRAMH0                003f8002   00000ffe  00000488  00000b76  RWIX
  RESET                 003fffc0   00000002  00000000  00000002  RWIX

PAGE 1:
  RAMM1                 00000400   00000400  00000400  00000000  RWIX
  DEV_EMU               00000880   00000180  000000d0  000000b0  RWIX
  FLASH_REGS            00000a80   00000060  00000008  00000058  RWIX
  CSM                   00000ae0   00000010  00000010  00000000  RWIX
  XINTF                 00000b20   00000020  00000020  00000000  RWIX
  CPU_TIMER0            00000c00   00000008  00000008  00000000  RWIX
  CPU_TIMER1            00000c08   00000008  00000008  00000000  RWIX
  CPU_TIMER2            00000c10   00000008  00000008  00000000  RWIX
  PIE_CTRL              00000ce0   00000020  0000001a  00000006  RWIX
  PIE_VECT              00000d00   00000100  00000100  00000000  RWIX
  ECANA                 00006000   00000040  00000034  0000000c  RWIX
  ECANA_LAM             00006040   00000040  00000040  00000000  RWIX
  ECANA_MOTS            00006080   00000040  00000040  00000000  RWIX
  ECANA_MOTO            000060c0   00000040  00000040  00000000  RWIX
  ECANA_MBOX            00006100   00000100  00000100  00000000  RWIX
  SYSTEM                00007010   00000020  00000020  00000000  RWIX
  SPIA                  00007040   00000010  00000010  00000000  RWIX
  SCIA                  00007050   00000010  00000010  00000000  RWIX
  XINTRUPT              00007070   00000010  00000010  00000000  RWIX
  GPIOMUX               000070c0   00000020  00000020  00000000  RWIX
  GPIODAT               000070e0   00000020  00000020  00000000  RWIX
  ADC                   00007100   00000020  0000001a  00000006  RWIX
  EVA                   00007400   00000040  00000032  0000000e  RWIX
  EVB                   00007500   00000040  00000032  0000000e  RWIX
  SCIB                  00007750   00000010  00000010  00000000  RWIX
  MCBSPA                00007800   00000040  00000025  0000001b  RWIX
  CSM_PWL               003f7ff8   00000008  00000008  00000000  RWIX
  DRAMH0                003f9000   00001000  00000116  00000eea  RWIX


SECTION ALLOCATION MAP

 output                                  attributes/
section   page    origin      length       input sections
--------  ----  ----------  ----------   ----------------
.pinit     0    003f8002    00000000     UNINITIALIZED

codestart 
*          0    003f8000    00000002     
                  003f8000    00000002     DSP281x_CodeStartBranch.obj (codestart)

.text      0    003f8002    00000457     
                  003f8002    0000014f     DSP281x_DefaultIsr.obj (.text:retain)
                  003f8151    000000ae     functions.obj (.text)
                  003f81ff    00000084     DSP281x_ECan.obj (.text)
                  003f8283    00000081     DSP281x_SysCtrl.obj (.text)
                  003f8304    0000004f     functions.obj (.text:retain)
                  003f8353    00000044     rts2800_ml.lib : boot.obj (.text)
                  003f8397    00000028     DSP281x_PieCtrl.obj (.text)
                  003f83bf    00000022     main.obj (.text)
                  003f83e1    00000020     DSP281x_PieVect.obj (.text)
                  003f8401    00000019     rts2800_ml.lib : args_main.obj (.text)
                  003f841a    00000019                    : exit.obj (.text)
                  003f8433    00000015     DSP281x_Gpio.obj (.text)
                  003f8448    00000009     rts2800_ml.lib : _lock.obj (.text)
                  003f8451    00000008     DSP281x_CodeStartBranch.obj (.text)

ramfuncs   0    003f8459    0000001b     
                  003f8459    00000017     DSP281x_SysCtrl.obj (ramfuncs)
                  003f8470    00000004     DSP281x_usDelay.obj (ramfuncs)

.cinit     0    003f8474    00000016     
                  003f8474    0000000a     rts2800_ml.lib : _lock.obj (.cinit)
                  003f847e    0000000a                    : exit.obj (.cinit)
                  003f8488    00000002     --HOLE-- [fill = 0]

.reset     0    003fffc0    00000002     DSECT
                  003fffc0    00000002     rts2800_ml.lib : boot.obj (.reset)

.stack     1    00000400    00000400     UNINITIALIZED
                  00000400    00000400     --HOLE--

DevEmuRegsFile 
*          1    00000880    000000d0     UNINITIALIZED
                  00000880    000000d0     DSP281x_GlobalVariableDefs.obj (DevEmuRegsFile)

FlashRegsFile 
*          1    00000a80    00000008     UNINITIALIZED
                  00000a80    00000008     DSP281x_GlobalVariableDefs.obj (FlashRegsFile)

CsmRegsFile 
*          1    00000ae0    00000010     UNINITIALIZED
                  00000ae0    00000010     DSP281x_GlobalVariableDefs.obj (CsmRegsFile)

XintfRegsFile 
*          1    00000b20    00000020     UNINITIALIZED
                  00000b20    00000020     DSP281x_GlobalVariableDefs.obj (XintfRegsFile)

CpuTimer0RegsFile 
*          1    00000c00    00000008     UNINITIALIZED
                  00000c00    00000008     DSP281x_GlobalVariableDefs.obj (CpuTimer0RegsFile)

CpuTimer1RegsFile 
*          1    00000c08    00000008     UNINITIALIZED
                  00000c08    00000008     DSP281x_GlobalVariableDefs.obj (CpuTimer1RegsFile)

CpuTimer2RegsFile 
*          1    00000c10    00000008     UNINITIALIZED
                  00000c10    00000008     DSP281x_GlobalVariableDefs.obj (CpuTimer2RegsFile)

PieCtrlRegsFile 
*          1    00000ce0    0000001a     UNINITIALIZED
                  00000ce0    0000001a     DSP281x_GlobalVariableDefs.obj (PieCtrlRegsFile)

PieVectTableFile 
*          1    00000d00    00000100     UNINITIALIZED
                  00000d00    00000100     DSP281x_GlobalVariableDefs.obj (PieVectTableFile)

ECanaRegsFile 
*          1    00006000    00000034     UNINITIALIZED
                  00006000    00000034     DSP281x_GlobalVariableDefs.obj (ECanaRegsFile)

ECanaLAMRegsFile 
*          1    00006040    00000040     UNINITIALIZED
                  00006040    00000040     DSP281x_GlobalVariableDefs.obj (ECanaLAMRegsFile)

ECanaMOTSRegsFile 
*          1    00006080    00000040     UNINITIALIZED
                  00006080    00000040     DSP281x_GlobalVariableDefs.obj (ECanaMOTSRegsFile)

ECanaMOTORegsFile 
*          1    000060c0    00000040     UNINITIALIZED
                  000060c0    00000040     DSP281x_GlobalVariableDefs.obj (ECanaMOTORegsFile)

ECanaMboxesFile 
*          1    00006100    00000100     UNINITIALIZED
                  00006100    00000100     DSP281x_GlobalVariableDefs.obj (ECanaMboxesFile)

SysCtrlRegsFile 
*          1    00007010    00000020     UNINITIALIZED
                  00007010    00000020     DSP281x_GlobalVariableDefs.obj (SysCtrlRegsFile)

SpiaRegsFile 
*          1    00007040    00000010     UNINITIALIZED
                  00007040    00000010     DSP281x_GlobalVariableDefs.obj (SpiaRegsFile)

SciaRegsFile 
*          1    00007050    00000010     UNINITIALIZED
                  00007050    00000010     DSP281x_GlobalVariableDefs.obj (SciaRegsFile)

XIntruptRegsFile 
*          1    00007070    00000010     UNINITIALIZED
                  00007070    00000010     DSP281x_GlobalVariableDefs.obj (XIntruptRegsFile)

GpioMuxRegsFile 
*          1    000070c0    00000020     UNINITIALIZED
                  000070c0    00000020     DSP281x_GlobalVariableDefs.obj (GpioMuxRegsFile)

GpioDataRegsFile 
*          1    000070e0    00000020     UNINITIALIZED
                  000070e0    00000020     DSP281x_GlobalVariableDefs.obj (GpioDataRegsFile)

AdcRegsFile 
*          1    00007100    0000001a     UNINITIALIZED
                  00007100    0000001a     DSP281x_GlobalVariableDefs.obj (AdcRegsFile)

EvaRegsFile 
*          1    00007400    00000032     UNINITIALIZED
                  00007400    00000032     DSP281x_GlobalVariableDefs.obj (EvaRegsFile)

EvbRegsFile 
*          1    00007500    00000032     UNINITIALIZED
                  00007500    00000032     DSP281x_GlobalVariableDefs.obj (EvbRegsFile)

ScibRegsFile 
*          1    00007750    00000010     UNINITIALIZED
                  00007750    00000010     DSP281x_GlobalVariableDefs.obj (ScibRegsFile)

McbspaRegsFile 
*          1    00007800    00000025     UNINITIALIZED
                  00007800    00000025     DSP281x_GlobalVariableDefs.obj (McbspaRegsFile)

CsmPwlFile 
*          1    003f7ff8    00000008     UNINITIALIZED
                  003f7ff8    00000008     DSP281x_GlobalVariableDefs.obj (CsmPwlFile)

.econst    1    003f9000    00000100     
                  003f9000    00000100     DSP281x_PieVect.obj (.econst)

.ebss      1    003f9100    00000016     UNINITIALIZED
                  003f9100    0000000e     main.obj (.ebss)
                  003f910e    00000004     rts2800_ml.lib : _lock.obj (.ebss)
                  003f9112    00000004                    : exit.obj (.ebss)


GLOBAL SYMBOLS: SORTED ALPHABETICALLY BY Name 

address    name
--------   ----
003f8002   .text
003f841a   C$$EXIT
003f8075   _ADCINT_ISR
00007100   _AdcRegs
003f80bb   _CAPINT1_ISR
003f80c0   _CAPINT2_ISR
003f80c5   _CAPINT3_ISR
003f8101   _CAPINT4_ISR
003f8106   _CAPINT5_ISR
003f810b   _CAPINT6_ISR
003f8084   _CMP1INT_ISR
003f8089   _CMP2INT_ISR
003f808e   _CMP3INT_ISR
003f80ca   _CMP4INT_ISR
003f80cf   _CMP5INT_ISR
003f80d4   _CMP6INT_ISR
00000c00   _CpuTimer0Regs
00000c08   _CpuTimer1Regs
00000c10   _CpuTimer2Regs
003f7ff8   _CsmPwl
00000ae0   _CsmRegs
003f82d3   _CsmUnlock
003f800c   _DATALOG_ISR
003f8470   _DSP28x_usDelay
00000880   _DevEmuRegs
003f8295   _DisableDog
003f8138   _ECAN0INTA_ISR
003f813d   _ECAN1INTA_ISR
00006040   _ECanaLAMRegs
000060c0   _ECanaMOTORegs
00006080   _ECanaMOTSRegs
00006100   _ECanaMboxes
00006000   _ECanaRegs
003f8142   _EMPTY_ISR
003f8016   _EMUINT_ISR
003f83b6   _EnableInterrupts
003f9108   _ErrorCount
00007400   _EvaRegs
00007500   _EvbRegs
00000a80   _FlashRegs
000070e0   _GpioDataRegs
000070c0   _GpioMuxRegs
003f8020   _ILLEGAL_ISR
003f8002   _INT13_ISR
003f8007   _INT14_ISR
003f81ff   _InitECan
003f8459   _InitFlash
003f8433   _InitGpio
003f82ba   _InitPeripheralClocks
003f8397   _InitPieCtrl
003f83e1   _InitPieVectTable
003f829d   _InitPll
003f8283   _InitSysCtrl
003f828b   _KickDog
003f811a   _MRINTA_ISR
003f811f   _MXINTA_ISR
00007800   _McbspaRegs
003f9100   _MessageHigh
003f910a   _MessageLow
003f9104   _MessageToBeSent
003f801b   _NMI_ISR
003f8061   _PDPINTA_ISR
003f8066   _PDPINTB_ISR
003f8147   _PIE_RESERVED
00000ce0   _PieCtrlRegs
00000d00   _PieVectTable
003f9000   _PieVectTableInit
003f8011   _RTOSINT_ISR
003f8124   _SCIRXINTA_ISR
003f812e   _SCIRXINTB_ISR
003f8129   _SCITXINTA_ISR
003f8133   _SCITXINTB_ISR
003f8110   _SPIRXINTA_ISR
003f8115   _SPITXINTA_ISR
00007050   _SciaRegs
00007750   _ScibRegs
00007040   _SpiaRegs
00007010   _SysCtrlRegs
003f8098   _T1CINT_ISR
003f80a2   _T1OFINT_ISR
003f8093   _T1PINT_ISR
003f809d   _T1UFINT_ISR
003f80ac   _T2CINT_ISR
003f80b6   _T2OFINT_ISR
003f80a7   _T2PINT_ISR
003f80b1   _T2UFINT_ISR
003f80de   _T3CINT_ISR
003f80e8   _T3OFINT_ISR
003f80d9   _T3PINT_ISR
003f80e3   _T3UFINT_ISR
003f80f2   _T4CINT_ISR
003f80fc   _T4OFINT_ISR
003f80ed   _T4PINT_ISR
003f80f7   _T4UFINT_ISR
003f807a   _TINT0_ISR
003f9106   _TestMbox1
003f910c   _TestMbox2
003f9102   _TestMbox3
003f8052   _USER10_ISR
003f8057   _USER11_ISR
003f805c   _USER12_ISR
003f8025   _USER1_ISR
003f802a   _USER2_ISR
003f802f   _USER3_ISR
003f8034   _USER4_ISR
003f8039   _USER5_ISR
003f803e   _USER6_ISR
003f8043   _USER7_ISR
003f8048   _USER8_ISR
003f804d   _USER9_ISR
003f807f   _WAKEINT_ISR
003f806b   _XINT1_ISR
003f8070   _XINT2_ISR
00007070   _XIntruptRegs
00000b20   _XintfRegs
00000800   __STACK_END
00000400   __STACK_SIZE
00000001   __TI_args_main
ffffffff   ___binit__
ffffffff   ___c_args__
003f8474   ___cinit__
003f8459   ___etext__
ffffffff   ___pinit__
003f8002   ___text__
003f8401   __args_main
003f9112   __cleanup_ptr
003f9114   __dtors_ptr
003f9110   __lock
003f8450   __nop
003f844c   __register_lock
003f8448   __register_unlock
00000400   __stack
003f910e   __unlock
003f841a   _abort
003f8353   _c_int00
003f81bd   _delay_loop
003f8304   _eCAN0INT_ISR
003f841c   _exit
003f81d1   _initEcanInterrupt
003f8151   _initMBoxes
003f81a2   _mailbox_read
003f83bf   _main
003f814c   _rsvd_ISR
003f8180   _sendMessage
ffffffff   binit
003f8474   cinit
003f8459   etext
ffffffff   pinit


GLOBAL SYMBOLS: SORTED BY Symbol Address 

address    name
--------   ----
00000001   __TI_args_main
00000400   __STACK_SIZE
00000400   __stack
00000800   __STACK_END
00000880   _DevEmuRegs
00000a80   _FlashRegs
00000ae0   _CsmRegs
00000b20   _XintfRegs
00000c00   _CpuTimer0Regs
00000c08   _CpuTimer1Regs
00000c10   _CpuTimer2Regs
00000ce0   _PieCtrlRegs
00000d00   _PieVectTable
00006000   _ECanaRegs
00006040   _ECanaLAMRegs
00006080   _ECanaMOTSRegs
000060c0   _ECanaMOTORegs
00006100   _ECanaMboxes
00007010   _SysCtrlRegs
00007040   _SpiaRegs
00007050   _SciaRegs
00007070   _XIntruptRegs
000070c0   _GpioMuxRegs
000070e0   _GpioDataRegs
00007100   _AdcRegs
00007400   _EvaRegs
00007500   _EvbRegs
00007750   _ScibRegs
00007800   _McbspaRegs
003f7ff8   _CsmPwl
003f8002   .text
003f8002   _INT13_ISR
003f8002   ___text__
003f8007   _INT14_ISR
003f800c   _DATALOG_ISR
003f8011   _RTOSINT_ISR
003f8016   _EMUINT_ISR
003f801b   _NMI_ISR
003f8020   _ILLEGAL_ISR
003f8025   _USER1_ISR
003f802a   _USER2_ISR
003f802f   _USER3_ISR
003f8034   _USER4_ISR
003f8039   _USER5_ISR
003f803e   _USER6_ISR
003f8043   _USER7_ISR
003f8048   _USER8_ISR
003f804d   _USER9_ISR
003f8052   _USER10_ISR
003f8057   _USER11_ISR
003f805c   _USER12_ISR
003f8061   _PDPINTA_ISR
003f8066   _PDPINTB_ISR
003f806b   _XINT1_ISR
003f8070   _XINT2_ISR
003f8075   _ADCINT_ISR
003f807a   _TINT0_ISR
003f807f   _WAKEINT_ISR
003f8084   _CMP1INT_ISR
003f8089   _CMP2INT_ISR
003f808e   _CMP3INT_ISR
003f8093   _T1PINT_ISR
003f8098   _T1CINT_ISR
003f809d   _T1UFINT_ISR
003f80a2   _T1OFINT_ISR
003f80a7   _T2PINT_ISR
003f80ac   _T2CINT_ISR
003f80b1   _T2UFINT_ISR
003f80b6   _T2OFINT_ISR
003f80bb   _CAPINT1_ISR
003f80c0   _CAPINT2_ISR
003f80c5   _CAPINT3_ISR
003f80ca   _CMP4INT_ISR
003f80cf   _CMP5INT_ISR
003f80d4   _CMP6INT_ISR
003f80d9   _T3PINT_ISR
003f80de   _T3CINT_ISR
003f80e3   _T3UFINT_ISR
003f80e8   _T3OFINT_ISR
003f80ed   _T4PINT_ISR
003f80f2   _T4CINT_ISR
003f80f7   _T4UFINT_ISR
003f80fc   _T4OFINT_ISR
003f8101   _CAPINT4_ISR
003f8106   _CAPINT5_ISR
003f810b   _CAPINT6_ISR
003f8110   _SPIRXINTA_ISR
003f8115   _SPITXINTA_ISR
003f811a   _MRINTA_ISR
003f811f   _MXINTA_ISR
003f8124   _SCIRXINTA_ISR
003f8129   _SCITXINTA_ISR
003f812e   _SCIRXINTB_ISR
003f8133   _SCITXINTB_ISR
003f8138   _ECAN0INTA_ISR
003f813d   _ECAN1INTA_ISR
003f8142   _EMPTY_ISR
003f8147   _PIE_RESERVED
003f814c   _rsvd_ISR
003f8151   _initMBoxes
003f8180   _sendMessage
003f81a2   _mailbox_read
003f81bd   _delay_loop
003f81d1   _initEcanInterrupt
003f81ff   _InitECan
003f8283   _InitSysCtrl
003f828b   _KickDog
003f8295   _DisableDog
003f829d   _InitPll
003f82ba   _InitPeripheralClocks
003f82d3   _CsmUnlock
003f8304   _eCAN0INT_ISR
003f8353   _c_int00
003f8397   _InitPieCtrl
003f83b6   _EnableInterrupts
003f83bf   _main
003f83e1   _InitPieVectTable
003f8401   __args_main
003f841a   C$$EXIT
003f841a   _abort
003f841c   _exit
003f8433   _InitGpio
003f8448   __register_unlock
003f844c   __register_lock
003f8450   __nop
003f8459   _InitFlash
003f8459   ___etext__
003f8459   etext
003f8470   _DSP28x_usDelay
003f8474   ___cinit__
003f8474   cinit
003f9000   _PieVectTableInit
003f9100   _MessageHigh
003f9102   _TestMbox3
003f9104   _MessageToBeSent
003f9106   _TestMbox1
003f9108   _ErrorCount
003f910a   _MessageLow
003f910c   _TestMbox2
003f910e   __unlock
003f9110   __lock
003f9112   __cleanup_ptr
003f9114   __dtors_ptr
ffffffff   ___binit__
ffffffff   ___c_args__
ffffffff   ___pinit__
ffffffff   binit
ffffffff   pinit

[148 symbols]
