******************************************************************************
             TMS320C2000 Linker Unix v6.1.3                    
******************************************************************************
>> Linked Sun Sep 22 23:43:42 2013

OUTPUT FILE NAME:   <can_master.out>
ENTRY POINT SYMBOL: "_c_int00"  address: 003f8429


MEMORY CONFIGURATION

         name            origin    length      used     unused   attr    fill
----------------------  --------  ---------  --------  --------  ----  --------
PAGE 0:
  RAMM0                 00000000   00000400  00000000  00000400  RWIX
  BEGIN                 003f8000   00000002  00000002  00000000  RWIX
  PRAMH0                003f8002   00000ffe  000005d4  00000a2a  RWIX
  RESET                 003fffc0   00000002  00000000  00000002  RWIX

PAGE 1:
  RAMM1                 00000400   00000400  00000400  00000000  RWIX
  DEV_EMU               00000880   00000180  000000d0  000000b0  RWIX
  FLASH_REGS            00000a80   00000060  00000008  00000058  RWIX
  CSM                   00000ae0   00000010  00000010  00000000  RWIX
  XINTF                 00000b20   00000020  00000020  00000000  RWIX
  CPU_TIMER0            00000c00   00000008  00000008  00000000  RWIX
  CPU_TIMER1            00000c08   00000008  00000008  00000000  RWIX
  CPU_TIMER2            00000c10   00000008  00000008  00000000  RWIX
  PIE_CTRL              00000ce0   00000020  0000001a  00000006  RWIX
  PIE_VECT              00000d00   00000100  00000100  00000000  RWIX
  ECANA                 00006000   00000040  00000034  0000000c  RWIX
  ECANA_LAM             00006040   00000040  00000040  00000000  RWIX
  ECANA_MOTS            00006080   00000040  00000040  00000000  RWIX
  ECANA_MOTO            000060c0   00000040  00000040  00000000  RWIX
  ECANA_MBOX            00006100   00000100  00000100  00000000  RWIX
  SYSTEM                00007010   00000020  00000020  00000000  RWIX
  SPIA                  00007040   00000010  00000010  00000000  RWIX
  SCIA                  00007050   00000010  00000010  00000000  RWIX
  XINTRUPT              00007070   00000010  00000010  00000000  RWIX
  GPIOMUX               000070c0   00000020  00000020  00000000  RWIX
  GPIODAT               000070e0   00000020  00000020  00000000  RWIX
  ADC                   00007100   00000020  0000001a  00000006  RWIX
  EVA                   00007400   00000040  00000032  0000000e  RWIX
  EVB                   00007500   00000040  00000032  0000000e  RWIX
  SCIB                  00007750   00000010  00000010  00000000  RWIX
  MCBSPA                00007800   00000040  00000025  0000001b  RWIX
  CSM_PWL               003f7ff8   00000008  00000008  00000000  RWIX
  DRAMH0                003f9000   00001000  00000134  00000ecc  RWIX


SECTION ALLOCATION MAP

 output                                  attributes/
section   page    origin      length       input sections
--------  ----  ----------  ----------   ----------------
.pinit     0    003f8002    00000000     UNINITIALIZED

codestart 
*          0    003f8000    00000002     
                  003f8000    00000002     DSP281x_CodeStartBranch.obj (codestart)

.text      0    003f8002    00000536     
                  003f8002    00000184     main.obj (.text)
                  003f8186    0000014f     DSP281x_DefaultISR.obj (.text:retain)
                  003f82d5    00000084     DSP281x_ECan.obj (.text)
                  003f8359    00000082     DSP281x_SysCtrl.obj (.text)
                  003f83db    0000004e     main.obj (.text:retain)
                  003f8429    00000044     rts2800_ml.lib : boot.obj (.text)
                  003f846d    0000002a                    : l_div.obj (.text)
                  003f8497    00000028     DSP281x_PieCtrl.obj (.text)
                  003f84bf    00000020     DSP281x_PieVect.obj (.text)
                  003f84df    00000019     rts2800_ml.lib : args_main.obj (.text)
                  003f84f8    00000019                    : exit.obj (.text)
                  003f8511    00000015     DSP281x_Gpio.obj (.text)
                  003f8526    00000009     rts2800_ml.lib : _lock.obj (.text)
                  003f852f    00000008     DSP281x_CodeStartBranch.obj (.text)
                  003f8537    00000001     DSP281x_Ev.obj (.text)

.cinit     0    003f8538    00000083     
                  003f8538    0000006d     main.obj (.cinit)
                  003f85a5    0000000a     rts2800_ml.lib : _lock.obj (.cinit)
                  003f85af    0000000a                    : exit.obj (.cinit)
                  003f85b9    00000002     --HOLE-- [fill = 0]

ramfuncs   0    003f85bb    0000001b     
                  003f85bb    00000017     DSP281x_SysCtrl.obj (ramfuncs)
                  003f85d2    00000004     DSP281x_usDelay.obj (ramfuncs)

.reset     0    003fffc0    00000002     DSECT
                  003fffc0    00000002     rts2800_ml.lib : boot.obj (.reset)

.stack     1    00000400    00000400     UNINITIALIZED
                  00000400    00000400     --HOLE--

DevEmuRegsFile 
*          1    00000880    000000d0     UNINITIALIZED
                  00000880    000000d0     DSP281x_GlobalVariableDefs.obj (DevEmuRegsFile)

FlashRegsFile 
*          1    00000a80    00000008     UNINITIALIZED
                  00000a80    00000008     DSP281x_GlobalVariableDefs.obj (FlashRegsFile)

CsmRegsFile 
*          1    00000ae0    00000010     UNINITIALIZED
                  00000ae0    00000010     DSP281x_GlobalVariableDefs.obj (CsmRegsFile)

XintfRegsFile 
*          1    00000b20    00000020     UNINITIALIZED
                  00000b20    00000020     DSP281x_GlobalVariableDefs.obj (XintfRegsFile)

CpuTimer0RegsFile 
*          1    00000c00    00000008     UNINITIALIZED
                  00000c00    00000008     DSP281x_GlobalVariableDefs.obj (CpuTimer0RegsFile)

CpuTimer1RegsFile 
*          1    00000c08    00000008     UNINITIALIZED
                  00000c08    00000008     DSP281x_GlobalVariableDefs.obj (CpuTimer1RegsFile)

CpuTimer2RegsFile 
*          1    00000c10    00000008     UNINITIALIZED
                  00000c10    00000008     DSP281x_GlobalVariableDefs.obj (CpuTimer2RegsFile)

PieCtrlRegsFile 
*          1    00000ce0    0000001a     UNINITIALIZED
                  00000ce0    0000001a     DSP281x_GlobalVariableDefs.obj (PieCtrlRegsFile)

PieVectTableFile 
*          1    00000d00    00000100     UNINITIALIZED
                  00000d00    00000100     DSP281x_GlobalVariableDefs.obj (PieVectTableFile)

ECanaRegsFile 
*          1    00006000    00000034     UNINITIALIZED
                  00006000    00000034     DSP281x_GlobalVariableDefs.obj (ECanaRegsFile)

ECanaLAMRegsFile 
*          1    00006040    00000040     UNINITIALIZED
                  00006040    00000040     DSP281x_GlobalVariableDefs.obj (ECanaLAMRegsFile)

ECanaMOTSRegsFile 
*          1    00006080    00000040     UNINITIALIZED
                  00006080    00000040     DSP281x_GlobalVariableDefs.obj (ECanaMOTSRegsFile)

ECanaMOTORegsFile 
*          1    000060c0    00000040     UNINITIALIZED
                  000060c0    00000040     DSP281x_GlobalVariableDefs.obj (ECanaMOTORegsFile)

ECanaMboxesFile 
*          1    00006100    00000100     UNINITIALIZED
                  00006100    00000100     DSP281x_GlobalVariableDefs.obj (ECanaMboxesFile)

SysCtrlRegsFile 
*          1    00007010    00000020     UNINITIALIZED
                  00007010    00000020     DSP281x_GlobalVariableDefs.obj (SysCtrlRegsFile)

SpiaRegsFile 
*          1    00007040    00000010     UNINITIALIZED
                  00007040    00000010     DSP281x_GlobalVariableDefs.obj (SpiaRegsFile)

SciaRegsFile 
*          1    00007050    00000010     UNINITIALIZED
                  00007050    00000010     DSP281x_GlobalVariableDefs.obj (SciaRegsFile)

XIntruptRegsFile 
*          1    00007070    00000010     UNINITIALIZED
                  00007070    00000010     DSP281x_GlobalVariableDefs.obj (XIntruptRegsFile)

GpioMuxRegsFile 
*          1    000070c0    00000020     UNINITIALIZED
                  000070c0    00000020     DSP281x_GlobalVariableDefs.obj (GpioMuxRegsFile)

GpioDataRegsFile 
*          1    000070e0    00000020     UNINITIALIZED
                  000070e0    00000020     DSP281x_GlobalVariableDefs.obj (GpioDataRegsFile)

AdcRegsFile 
*          1    00007100    0000001a     UNINITIALIZED
                  00007100    0000001a     DSP281x_GlobalVariableDefs.obj (AdcRegsFile)

EvaRegsFile 
*          1    00007400    00000032     UNINITIALIZED
                  00007400    00000032     DSP281x_GlobalVariableDefs.obj (EvaRegsFile)

EvbRegsFile 
*          1    00007500    00000032     UNINITIALIZED
                  00007500    00000032     DSP281x_GlobalVariableDefs.obj (EvbRegsFile)

ScibRegsFile 
*          1    00007750    00000010     UNINITIALIZED
                  00007750    00000010     DSP281x_GlobalVariableDefs.obj (ScibRegsFile)

McbspaRegsFile 
*          1    00007800    00000025     UNINITIALIZED
                  00007800    00000025     DSP281x_GlobalVariableDefs.obj (McbspaRegsFile)

CsmPwlFile 
*          1    003f7ff8    00000008     UNINITIALIZED
                  003f7ff8    00000008     DSP281x_GlobalVariableDefs.obj (CsmPwlFile)

.econst    1    003f9000    00000100     
                  003f9000    00000100     DSP281x_PieVect.obj (.econst)

.ebss      1    003f9100    00000034     UNINITIALIZED
                  003f9100    0000002c     main.obj (.ebss)
                  003f912c    00000004     rts2800_ml.lib : _lock.obj (.ebss)
                  003f9130    00000004                    : exit.obj (.ebss)


GLOBAL SYMBOLS: SORTED ALPHABETICALLY BY Name 

address    name
--------   ----
003f8002   .text
003f84f8   C$$EXIT
003f846d   L$$DIV
003f847c   L$$MOD
003f848a   UL$$DIV
003f8491   UL$$MOD
003f81f9   _ADCINT_ISR
00007100   _AdcRegs
003f910e   _BatteryCurrentCharge
003f910c   _BatteryCurrentDischarge
003f9106   _BatteryTemp
003f9122   _BatteryVoltage
003f9108   _BusVoltage
003f823f   _CAPINT1_ISR
003f8244   _CAPINT2_ISR
003f8249   _CAPINT3_ISR
003f8285   _CAPINT4_ISR
003f828a   _CAPINT5_ISR
003f828f   _CAPINT6_ISR
003f8208   _CMP1INT_ISR
003f820d   _CMP2INT_ISR
003f8212   _CMP3INT_ISR
003f824e   _CMP4INT_ISR
003f8253   _CMP5INT_ISR
003f8258   _CMP6INT_ISR
00000c00   _CpuTimer0Regs
00000c08   _CpuTimer1Regs
00000c10   _CpuTimer2Regs
003f7ff8   _CsmPwl
00000ae0   _CsmRegs
003f83aa   _CsmUnlock
003f8190   _DATALOG_ISR
003f85d2   _DSP28x_usDelay
00000880   _DevEmuRegs
003f836b   _DisableDog
003f82bc   _ECAN0INTA_ISR
003f82c1   _ECAN1INTA_ISR
00006040   _ECanaLAMRegs
000060c0   _ECanaMOTORegs
00006080   _ECanaMOTSRegs
00006100   _ECanaMboxes
00006000   _ECanaRegs
003f82c6   _EMPTY_ISR
003f819a   _EMUINT_ISR
003f84b6   _EnableInterrupts
003f911a   _ErrorCount
00007400   _EvaRegs
00007500   _EvbRegs
00000a80   _FlashRegs
000070e0   _GpioDataRegs
000070c0   _GpioMuxRegs
003f81a4   _ILLEGAL_ISR
003f8186   _INT13_ISR
003f818b   _INT14_ISR
003f82d5   _InitECan
003f8537   _InitEv
003f85bb   _InitFlash
003f8511   _InitGpio
003f8390   _InitPeripheralClocks
003f8497   _InitPieCtrl
003f84bf   _InitPieVectTable
003f8373   _InitPll
003f8359   _InitSysCtrl
003f810f   _Init_ADC
003f8361   _KickDog
003f9104   _MDHTempR
003f911e   _MDHTempS
003f9102   _MDLTempR
003f9118   _MDLTempS
003f829e   _MRINTA_ISR
003f82a3   _MXINTA_ISR
003f9116   _MachinePowerTransfer
00007800   _McbspaRegs
003f9100   _MessageReceived
003f9110   _MotorFrequency
003f9124   _MotorOrGenerator
003f819f   _NMI_ISR
003f81e5   _PDPINTA_ISR
003f81ea   _PDPINTB_ISR
003f82cb   _PIE_RESERVED
003f9120   _PhaseAngle
00000ce0   _PieCtrlRegs
00000d00   _PieVectTable
003f9000   _PieVectTableInit
003f8195   _RTOSINT_ISR
003f911c   _RotorPosition
003f82a8   _SCIRXINTA_ISR
003f82b2   _SCIRXINTB_ISR
003f82ad   _SCITXINTA_ISR
003f82b7   _SCITXINTB_ISR
003f9114   _SOC
003f8294   _SPIRXINTA_ISR
003f8299   _SPITXINTA_ISR
00007050   _SciaRegs
00007750   _ScibRegs
003f9112   _SlaveBatteryPowerONAuth
003f910a   _SlaveFaultState
00007040   _SpiaRegs
00007010   _SysCtrlRegs
003f821c   _T1CINT_ISR
003f8226   _T1OFINT_ISR
003f8217   _T1PINT_ISR
003f8221   _T1UFINT_ISR
003f8230   _T2CINT_ISR
003f823a   _T2OFINT_ISR
003f822b   _T2PINT_ISR
003f8235   _T2UFINT_ISR
003f8262   _T3CINT_ISR
003f826c   _T3OFINT_ISR
003f825d   _T3PINT_ISR
003f8267   _T3UFINT_ISR
003f8276   _T4CINT_ISR
003f8280   _T4OFINT_ISR
003f8271   _T4PINT_ISR
003f827b   _T4UFINT_ISR
003f81fe   _TINT0_ISR
003f815c   _TOGGLE_PIN
003f9128   _TestMbox1
003f912a   _TestMbox2
003f9126   _TestMbox3
003f81d6   _USER10_ISR
003f81db   _USER11_ISR
003f81e0   _USER12_ISR
003f81a9   _USER1_ISR
003f81ae   _USER2_ISR
003f81b3   _USER3_ISR
003f81b8   _USER4_ISR
003f81bd   _USER5_ISR
003f81c2   _USER6_ISR
003f81c7   _USER7_ISR
003f81cc   _USER8_ISR
003f81d1   _USER9_ISR
003f8203   _WAKEINT_ISR
003f81ef   _XINT1_ISR
003f81f4   _XINT2_ISR
00007070   _XIntruptRegs
00000b20   _XintfRegs
00000800   __STACK_END
00000400   __STACK_SIZE
00000001   __TI_args_main
ffffffff   ___binit__
ffffffff   ___c_args__
003f8538   ___cinit__
003f8538   ___etext__
ffffffff   ___pinit__
003f8002   ___text__
003f84df   __args_main
003f9130   __cleanup_ptr
003f9132   __dtors_ptr
003f912e   __lock
003f852e   __nop
003f852a   __register_lock
003f8526   __register_unlock
00000400   __stack
003f912c   __unlock
003f84f8   _abort
003f8429   _c_int00
003f8081   _createMessage
003f80bc   _decodeMessage
003f80ff   _delay_loop
003f83db   _eCAN0INT_ISR
003f84fa   _exit
003f8163   _get_ADC
003f802a   _initEcanInterrupt
003f8058   _initMBoxes
003f80e8   _mailbox_read
003f8002   _main
003f82d0   _rsvd_ISR
003f80aa   _sendMessage
ffffffff   binit
003f8538   cinit
003f8538   etext
ffffffff   pinit


GLOBAL SYMBOLS: SORTED BY Symbol Address 

address    name
--------   ----
00000001   __TI_args_main
00000400   __STACK_SIZE
00000400   __stack
00000800   __STACK_END
00000880   _DevEmuRegs
00000a80   _FlashRegs
00000ae0   _CsmRegs
00000b20   _XintfRegs
00000c00   _CpuTimer0Regs
00000c08   _CpuTimer1Regs
00000c10   _CpuTimer2Regs
00000ce0   _PieCtrlRegs
00000d00   _PieVectTable
00006000   _ECanaRegs
00006040   _ECanaLAMRegs
00006080   _ECanaMOTSRegs
000060c0   _ECanaMOTORegs
00006100   _ECanaMboxes
00007010   _SysCtrlRegs
00007040   _SpiaRegs
00007050   _SciaRegs
00007070   _XIntruptRegs
000070c0   _GpioMuxRegs
000070e0   _GpioDataRegs
00007100   _AdcRegs
00007400   _EvaRegs
00007500   _EvbRegs
00007750   _ScibRegs
00007800   _McbspaRegs
003f7ff8   _CsmPwl
003f8002   .text
003f8002   ___text__
003f8002   _main
003f802a   _initEcanInterrupt
003f8058   _initMBoxes
003f8081   _createMessage
003f80aa   _sendMessage
003f80bc   _decodeMessage
003f80e8   _mailbox_read
003f80ff   _delay_loop
003f810f   _Init_ADC
003f815c   _TOGGLE_PIN
003f8163   _get_ADC
003f8186   _INT13_ISR
003f818b   _INT14_ISR
003f8190   _DATALOG_ISR
003f8195   _RTOSINT_ISR
003f819a   _EMUINT_ISR
003f819f   _NMI_ISR
003f81a4   _ILLEGAL_ISR
003f81a9   _USER1_ISR
003f81ae   _USER2_ISR
003f81b3   _USER3_ISR
003f81b8   _USER4_ISR
003f81bd   _USER5_ISR
003f81c2   _USER6_ISR
003f81c7   _USER7_ISR
003f81cc   _USER8_ISR
003f81d1   _USER9_ISR
003f81d6   _USER10_ISR
003f81db   _USER11_ISR
003f81e0   _USER12_ISR
003f81e5   _PDPINTA_ISR
003f81ea   _PDPINTB_ISR
003f81ef   _XINT1_ISR
003f81f4   _XINT2_ISR
003f81f9   _ADCINT_ISR
003f81fe   _TINT0_ISR
003f8203   _WAKEINT_ISR
003f8208   _CMP1INT_ISR
003f820d   _CMP2INT_ISR
003f8212   _CMP3INT_ISR
003f8217   _T1PINT_ISR
003f821c   _T1CINT_ISR
003f8221   _T1UFINT_ISR
003f8226   _T1OFINT_ISR
003f822b   _T2PINT_ISR
003f8230   _T2CINT_ISR
003f8235   _T2UFINT_ISR
003f823a   _T2OFINT_ISR
003f823f   _CAPINT1_ISR
003f8244   _CAPINT2_ISR
003f8249   _CAPINT3_ISR
003f824e   _CMP4INT_ISR
003f8253   _CMP5INT_ISR
003f8258   _CMP6INT_ISR
003f825d   _T3PINT_ISR
003f8262   _T3CINT_ISR
003f8267   _T3UFINT_ISR
003f826c   _T3OFINT_ISR
003f8271   _T4PINT_ISR
003f8276   _T4CINT_ISR
003f827b   _T4UFINT_ISR
003f8280   _T4OFINT_ISR
003f8285   _CAPINT4_ISR
003f828a   _CAPINT5_ISR
003f828f   _CAPINT6_ISR
003f8294   _SPIRXINTA_ISR
003f8299   _SPITXINTA_ISR
003f829e   _MRINTA_ISR
003f82a3   _MXINTA_ISR
003f82a8   _SCIRXINTA_ISR
003f82ad   _SCITXINTA_ISR
003f82b2   _SCIRXINTB_ISR
003f82b7   _SCITXINTB_ISR
003f82bc   _ECAN0INTA_ISR
003f82c1   _ECAN1INTA_ISR
003f82c6   _EMPTY_ISR
003f82cb   _PIE_RESERVED
003f82d0   _rsvd_ISR
003f82d5   _InitECan
003f8359   _InitSysCtrl
003f8361   _KickDog
003f836b   _DisableDog
003f8373   _InitPll
003f8390   _InitPeripheralClocks
003f83aa   _CsmUnlock
003f83db   _eCAN0INT_ISR
003f8429   _c_int00
003f846d   L$$DIV
003f847c   L$$MOD
003f848a   UL$$DIV
003f8491   UL$$MOD
003f8497   _InitPieCtrl
003f84b6   _EnableInterrupts
003f84bf   _InitPieVectTable
003f84df   __args_main
003f84f8   C$$EXIT
003f84f8   _abort
003f84fa   _exit
003f8511   _InitGpio
003f8526   __register_unlock
003f852a   __register_lock
003f852e   __nop
003f8537   _InitEv
003f8538   ___cinit__
003f8538   ___etext__
003f8538   cinit
003f8538   etext
003f85bb   _InitFlash
003f85d2   _DSP28x_usDelay
003f9000   _PieVectTableInit
003f9100   _MessageReceived
003f9102   _MDLTempR
003f9104   _MDHTempR
003f9106   _BatteryTemp
003f9108   _BusVoltage
003f910a   _SlaveFaultState
003f910c   _BatteryCurrentDischarge
003f910e   _BatteryCurrentCharge
003f9110   _MotorFrequency
003f9112   _SlaveBatteryPowerONAuth
003f9114   _SOC
003f9116   _MachinePowerTransfer
003f9118   _MDLTempS
003f911a   _ErrorCount
003f911c   _RotorPosition
003f911e   _MDHTempS
003f9120   _PhaseAngle
003f9122   _BatteryVoltage
003f9124   _MotorOrGenerator
003f9126   _TestMbox3
003f9128   _TestMbox1
003f912a   _TestMbox2
003f912c   __unlock
003f912e   __lock
003f9130   __cleanup_ptr
003f9132   __dtors_ptr
ffffffff   ___binit__
ffffffff   ___c_args__
ffffffff   ___pinit__
ffffffff   binit
ffffffff   pinit

[173 symbols]
