<?xml version="1.0"?>
<link_info>
   <banner>TMS320C2000 Linker Unix v6.1.3</banner>
   <copyright>Copyright (c) 1996-2012 Texas Instruments Incorporated</copyright>
   <link_time>0x523f2305</link_time>
   <output_file>can_communication_v0.out</output_file>
   <entry_point>
      <name>_c_int00</name>
      <address>0x3f8357</address>
   </entry_point>
   <input_file_list>
      <input_file id="fl-2">
         <path>./</path>
         <kind>object</kind>
         <file>main.obj</file>
         <name>main.obj</name>
      </input_file>
      <input_file id="fl-3">
         <path>./</path>
         <kind>object</kind>
         <file>DSP281x_usDelay.obj</file>
         <name>DSP281x_usDelay.obj</name>
      </input_file>
      <input_file id="fl-4">
         <path>./</path>
         <kind>object</kind>
         <file>DSP281x_SysCtrl.obj</file>
         <name>DSP281x_SysCtrl.obj</name>
      </input_file>
      <input_file id="fl-5">
         <path>./</path>
         <kind>object</kind>
         <file>DSP281x_PieVect.obj</file>
         <name>DSP281x_PieVect.obj</name>
      </input_file>
      <input_file id="fl-6">
         <path>./</path>
         <kind>object</kind>
         <file>DSP281x_PieCtrl.obj</file>
         <name>DSP281x_PieCtrl.obj</name>
      </input_file>
      <input_file id="fl-7">
         <path>./</path>
         <kind>object</kind>
         <file>DSP281x_Gpio.obj</file>
         <name>DSP281x_Gpio.obj</name>
      </input_file>
      <input_file id="fl-8">
         <path>./</path>
         <kind>object</kind>
         <file>DSP281x_GlobalVariableDefs.obj</file>
         <name>DSP281x_GlobalVariableDefs.obj</name>
      </input_file>
      <input_file id="fl-9">
         <path>./</path>
         <kind>object</kind>
         <file>DSP281x_Ev.obj</file>
         <name>DSP281x_Ev.obj</name>
      </input_file>
      <input_file id="fl-a">
         <path>./</path>
         <kind>object</kind>
         <file>DSP281x_ECan.obj</file>
         <name>DSP281x_ECan.obj</name>
      </input_file>
      <input_file id="fl-b">
         <path>./</path>
         <kind>object</kind>
         <file>DSP281x_DefaultISR.obj</file>
         <name>DSP281x_DefaultISR.obj</name>
      </input_file>
      <input_file id="fl-c">
         <path>./</path>
         <kind>object</kind>
         <file>DSP281x_CodeStartBranch.obj</file>
         <name>DSP281x_CodeStartBranch.obj</name>
      </input_file>
      <input_file id="fl-1c">
         <path>/opt/ti/ccsv5/tools/compiler/c2000_6.1.3/lib/</path>
         <kind>archive</kind>
         <file>rts2800_ml.lib</file>
         <name>boot.obj</name>
      </input_file>
      <input_file id="fl-1d">
         <path>/opt/ti/ccsv5/tools/compiler/c2000_6.1.3/lib/</path>
         <kind>archive</kind>
         <file>rts2800_ml.lib</file>
         <name>exit.obj</name>
      </input_file>
      <input_file id="fl-1e">
         <path>/opt/ti/ccsv5/tools/compiler/c2000_6.1.3/lib/</path>
         <kind>archive</kind>
         <file>rts2800_ml.lib</file>
         <name>_lock.obj</name>
      </input_file>
      <input_file id="fl-1f">
         <path>/opt/ti/ccsv5/tools/compiler/c2000_6.1.3/lib/</path>
         <kind>archive</kind>
         <file>rts2800_ml.lib</file>
         <name>args_main.obj</name>
      </input_file>
   </input_file_list>
   <object_component_list>
      <object_component id="oc-63">
         <name>PieVectTableFile</name>
         <uninitialized>true</uninitialized>
         <run_address>0xd00</run_address>
         <size>0x100</size>
         <input_file_ref idref="fl-8"/>
      </object_component>
      <object_component id="oc-62">
         <name>DevEmuRegsFile</name>
         <uninitialized>true</uninitialized>
         <run_address>0x880</run_address>
         <size>0xd0</size>
         <input_file_ref idref="fl-8"/>
      </object_component>
      <object_component id="oc-4c">
         <name>FlashRegsFile</name>
         <uninitialized>true</uninitialized>
         <run_address>0xa80</run_address>
         <size>0x8</size>
         <input_file_ref idref="fl-8"/>
      </object_component>
      <object_component id="oc-53">
         <name>CsmRegsFile</name>
         <uninitialized>true</uninitialized>
         <run_address>0xae0</run_address>
         <size>0x10</size>
         <input_file_ref idref="fl-8"/>
      </object_component>
      <object_component id="oc-57">
         <name>XintfRegsFile</name>
         <uninitialized>true</uninitialized>
         <run_address>0xb20</run_address>
         <size>0x20</size>
         <input_file_ref idref="fl-8"/>
      </object_component>
      <object_component id="oc-4d">
         <name>CpuTimer0RegsFile</name>
         <uninitialized>true</uninitialized>
         <run_address>0xc00</run_address>
         <size>0x8</size>
         <input_file_ref idref="fl-8"/>
      </object_component>
      <object_component id="oc-4e">
         <name>CpuTimer1RegsFile</name>
         <uninitialized>true</uninitialized>
         <run_address>0xc08</run_address>
         <size>0x8</size>
         <input_file_ref idref="fl-8"/>
      </object_component>
      <object_component id="oc-4b">
         <name>CpuTimer2RegsFile</name>
         <uninitialized>true</uninitialized>
         <run_address>0xc10</run_address>
         <size>0x8</size>
         <input_file_ref idref="fl-8"/>
      </object_component>
      <object_component id="oc-56">
         <name>PieCtrlRegsFile</name>
         <uninitialized>true</uninitialized>
         <run_address>0xce0</run_address>
         <size>0x1a</size>
         <input_file_ref idref="fl-8"/>
      </object_component>
      <object_component id="oc-5e">
         <name>ECanaRegsFile</name>
         <uninitialized>true</uninitialized>
         <run_address>0x6000</run_address>
         <size>0x34</size>
         <input_file_ref idref="fl-8"/>
      </object_component>
      <object_component id="oc-60">
         <name>ECanaLAMRegsFile</name>
         <uninitialized>true</uninitialized>
         <run_address>0x6040</run_address>
         <size>0x40</size>
         <input_file_ref idref="fl-8"/>
      </object_component>
      <object_component id="oc-64">
         <name>ECanaMboxesFile</name>
         <uninitialized>true</uninitialized>
         <run_address>0x6100</run_address>
         <size>0x100</size>
         <input_file_ref idref="fl-8"/>
      </object_component>
      <object_component id="oc-5f">
         <name>ECanaMOTSRegsFile</name>
         <uninitialized>true</uninitialized>
         <run_address>0x6080</run_address>
         <size>0x40</size>
         <input_file_ref idref="fl-8"/>
      </object_component>
      <object_component id="oc-61">
         <name>ECanaMOTORegsFile</name>
         <uninitialized>true</uninitialized>
         <run_address>0x60c0</run_address>
         <size>0x40</size>
         <input_file_ref idref="fl-8"/>
      </object_component>
      <object_component id="oc-58">
         <name>SysCtrlRegsFile</name>
         <uninitialized>true</uninitialized>
         <run_address>0x7010</run_address>
         <size>0x20</size>
         <input_file_ref idref="fl-8"/>
      </object_component>
      <object_component id="oc-51">
         <name>SpiaRegsFile</name>
         <uninitialized>true</uninitialized>
         <run_address>0x7040</run_address>
         <size>0x10</size>
         <input_file_ref idref="fl-8"/>
      </object_component>
      <object_component id="oc-52">
         <name>SciaRegsFile</name>
         <uninitialized>true</uninitialized>
         <run_address>0x7050</run_address>
         <size>0x10</size>
         <input_file_ref idref="fl-8"/>
      </object_component>
      <object_component id="oc-54">
         <name>XIntruptRegsFile</name>
         <uninitialized>true</uninitialized>
         <run_address>0x7070</run_address>
         <size>0x10</size>
         <input_file_ref idref="fl-8"/>
      </object_component>
      <object_component id="oc-59">
         <name>GpioMuxRegsFile</name>
         <uninitialized>true</uninitialized>
         <run_address>0x70c0</run_address>
         <size>0x20</size>
         <input_file_ref idref="fl-8"/>
      </object_component>
      <object_component id="oc-5a">
         <name>GpioDataRegsFile</name>
         <uninitialized>true</uninitialized>
         <run_address>0x70e0</run_address>
         <size>0x20</size>
         <input_file_ref idref="fl-8"/>
      </object_component>
      <object_component id="oc-55">
         <name>AdcRegsFile</name>
         <uninitialized>true</uninitialized>
         <run_address>0x7100</run_address>
         <size>0x1a</size>
         <input_file_ref idref="fl-8"/>
      </object_component>
      <object_component id="oc-5c">
         <name>EvaRegsFile</name>
         <uninitialized>true</uninitialized>
         <run_address>0x7400</run_address>
         <size>0x32</size>
         <input_file_ref idref="fl-8"/>
      </object_component>
      <object_component id="oc-5d">
         <name>EvbRegsFile</name>
         <uninitialized>true</uninitialized>
         <run_address>0x7500</run_address>
         <size>0x32</size>
         <input_file_ref idref="fl-8"/>
      </object_component>
      <object_component id="oc-50">
         <name>ScibRegsFile</name>
         <uninitialized>true</uninitialized>
         <run_address>0x7750</run_address>
         <size>0x10</size>
         <input_file_ref idref="fl-8"/>
      </object_component>
      <object_component id="oc-5b">
         <name>McbspaRegsFile</name>
         <uninitialized>true</uninitialized>
         <run_address>0x7800</run_address>
         <size>0x25</size>
         <input_file_ref idref="fl-8"/>
      </object_component>
      <object_component id="oc-4f">
         <name>CsmPwlFile</name>
         <uninitialized>true</uninitialized>
         <run_address>0x3f7ff8</run_address>
         <size>0x8</size>
         <input_file_ref idref="fl-8"/>
      </object_component>
      <object_component id="oc-76">
         <name>codestart</name>
         <load_address>0x3f8000</load_address>
         <run_address>0x3f8000</run_address>
         <size>0x2</size>
         <input_file_ref idref="fl-c"/>
      </object_component>
      <object_component id="oc-36">
         <name>ramfuncs</name>
         <load_address>0x3f846b</load_address>
         <run_address>0x3f846b</run_address>
         <size>0x17</size>
         <input_file_ref idref="fl-4"/>
      </object_component>
      <object_component id="oc-30">
         <name>ramfuncs</name>
         <load_address>0x3f8482</load_address>
         <run_address>0x3f8482</run_address>
         <size>0x4</size>
         <input_file_ref idref="fl-3"/>
      </object_component>
      <object_component id="oc-71">
         <name>.text:retain</name>
         <load_address>0x3f8002</load_address>
         <run_address>0x3f8002</run_address>
         <size>0x14f</size>
         <input_file_ref idref="fl-b"/>
      </object_component>
      <object_component id="oc-28">
         <name>.text</name>
         <load_address>0x3f8151</load_address>
         <run_address>0x3f8151</run_address>
         <size>0xba</size>
         <input_file_ref idref="fl-2"/>
      </object_component>
      <object_component id="oc-6b">
         <name>.text</name>
         <load_address>0x3f820b</load_address>
         <run_address>0x3f820b</run_address>
         <size>0x84</size>
         <input_file_ref idref="fl-a"/>
      </object_component>
      <object_component id="oc-34">
         <name>.text</name>
         <load_address>0x3f828f</load_address>
         <run_address>0x3f828f</run_address>
         <size>0x82</size>
         <input_file_ref idref="fl-4"/>
      </object_component>
      <object_component id="oc-2c">
         <name>.text:retain</name>
         <load_address>0x3f8311</load_address>
         <run_address>0x3f8311</run_address>
         <size>0x46</size>
         <input_file_ref idref="fl-2"/>
      </object_component>
      <object_component id="oc-27">
         <name>.text</name>
         <load_address>0x3f8357</load_address>
         <run_address>0x3f8357</run_address>
         <size>0x44</size>
         <input_file_ref idref="fl-1c"/>
      </object_component>
      <object_component id="oc-40">
         <name>.text</name>
         <load_address>0x3f839b</load_address>
         <run_address>0x3f839b</run_address>
         <size>0x28</size>
         <input_file_ref idref="fl-6"/>
      </object_component>
      <object_component id="oc-3a">
         <name>.text</name>
         <load_address>0x3f83c3</load_address>
         <run_address>0x3f83c3</run_address>
         <size>0x20</size>
         <input_file_ref idref="fl-5"/>
      </object_component>
      <object_component id="oc-8b">
         <name>.text</name>
         <load_address>0x3f83e3</load_address>
         <run_address>0x3f83e3</run_address>
         <size>0x19</size>
         <input_file_ref idref="fl-1f"/>
      </object_component>
      <object_component id="oc-7f">
         <name>.text</name>
         <load_address>0x3f83fc</load_address>
         <run_address>0x3f83fc</run_address>
         <size>0x19</size>
         <input_file_ref idref="fl-1d"/>
      </object_component>
      <object_component id="oc-45">
         <name>.text</name>
         <load_address>0x3f8415</load_address>
         <run_address>0x3f8415</run_address>
         <size>0x15</size>
         <input_file_ref idref="fl-7"/>
      </object_component>
      <object_component id="oc-85">
         <name>.text</name>
         <load_address>0x3f842a</load_address>
         <run_address>0x3f842a</run_address>
         <size>0x9</size>
         <input_file_ref idref="fl-1e"/>
      </object_component>
      <object_component id="oc-75">
         <name>.text</name>
         <load_address>0x3f8433</load_address>
         <run_address>0x3f8433</run_address>
         <size>0x8</size>
         <input_file_ref idref="fl-c"/>
      </object_component>
      <object_component id="oc-66">
         <name>.text</name>
         <load_address>0x3f843b</load_address>
         <run_address>0x3f843b</run_address>
         <size>0x1</size>
         <input_file_ref idref="fl-9"/>
      </object_component>
      <object_component id="oc-2a">
         <name>.cinit</name>
         <load_address>0x3f843c</load_address>
         <run_address>0x3f843c</run_address>
         <size>0x19</size>
         <input_file_ref idref="fl-2"/>
      </object_component>
      <object_component id="oc-87">
         <name>.cinit</name>
         <load_address>0x3f8455</load_address>
         <run_address>0x3f8455</run_address>
         <size>0xa</size>
         <input_file_ref idref="fl-1e"/>
      </object_component>
      <object_component id="oc-81">
         <name>.cinit</name>
         <load_address>0x3f845f</load_address>
         <run_address>0x3f845f</run_address>
         <size>0xa</size>
         <input_file_ref idref="fl-1d"/>
      </object_component>
      <object_component id="oc-7b">
         <name>.reset</name>
         <load_address>0x3fffc0</load_address>
         <run_address>0x3fffc0</run_address>
         <size>0x2</size>
         <input_file_ref idref="fl-1c"/>
      </object_component>
      <object_component id="oc-7a">
         <name>.stack</name>
         <uninitialized>true</uninitialized>
         <run_address>0x400</run_address>
         <size>0x0</size>
         <input_file_ref idref="fl-1c"/>
      </object_component>
      <object_component id="oc-bd">
         <name>.stack</name>
         <uninitialized>true</uninitialized>
         <run_address>0x400</run_address>
         <size>0x0</size>
      </object_component>
      <object_component id="oc-2b">
         <name>.ebss</name>
         <uninitialized>true</uninitialized>
         <run_address>0x3f9100</run_address>
         <size>0xe</size>
         <input_file_ref idref="fl-2"/>
      </object_component>
      <object_component id="oc-82">
         <name>.ebss</name>
         <uninitialized>true</uninitialized>
         <run_address>0x3f9112</run_address>
         <size>0x4</size>
         <input_file_ref idref="fl-1d"/>
      </object_component>
      <object_component id="oc-88">
         <name>.ebss</name>
         <uninitialized>true</uninitialized>
         <run_address>0x3f910e</run_address>
         <size>0x4</size>
         <input_file_ref idref="fl-1e"/>
      </object_component>
      <object_component id="oc-3c">
         <name>.econst</name>
         <load_address>0x3f9000</load_address>
         <run_address>0x3f9000</run_address>
         <size>0x100</size>
         <input_file_ref idref="fl-5"/>
      </object_component>
      <object_component id="oc-29">
         <name>.debug_info</name>
         <load_address>0x0</load_address>
         <run_address>0x0</run_address>
         <size>0x8131</size>
         <input_file_ref idref="fl-2"/>
      </object_component>
      <object_component id="oc-31">
         <name>.debug_info</name>
         <load_address>0x8131</load_address>
         <run_address>0x8131</run_address>
         <size>0xea</size>
         <input_file_ref idref="fl-3"/>
      </object_component>
      <object_component id="oc-35">
         <name>.debug_info</name>
         <load_address>0x821b</load_address>
         <run_address>0x821b</run_address>
         <size>0x14fd</size>
         <input_file_ref idref="fl-4"/>
      </object_component>
      <object_component id="oc-3b">
         <name>.debug_info</name>
         <load_address>0x9718</load_address>
         <run_address>0x9718</run_address>
         <size>0x1fe0</size>
         <input_file_ref idref="fl-5"/>
      </object_component>
      <object_component id="oc-41">
         <name>.debug_info</name>
         <load_address>0xb6f8</load_address>
         <run_address>0xb6f8</run_address>
         <size>0xa64</size>
         <input_file_ref idref="fl-6"/>
      </object_component>
      <object_component id="oc-46">
         <name>.debug_info</name>
         <load_address>0xc15c</load_address>
         <run_address>0xc15c</run_address>
         <size>0x3d30</size>
         <input_file_ref idref="fl-7"/>
      </object_component>
      <object_component id="oc-4a">
         <name>.debug_info</name>
         <load_address>0xfe8c</load_address>
         <run_address>0xfe8c</run_address>
         <size>0x1302d</size>
         <input_file_ref idref="fl-8"/>
      </object_component>
      <object_component id="oc-67">
         <name>.debug_info</name>
         <load_address>0x22eb9</load_address>
         <run_address>0x22eb9</run_address>
         <size>0x2e8</size>
         <input_file_ref idref="fl-9"/>
      </object_component>
      <object_component id="oc-6c">
         <name>.debug_info</name>
         <load_address>0x231a1</load_address>
         <run_address>0x231a1</run_address>
         <size>0x5bc2</size>
         <input_file_ref idref="fl-a"/>
      </object_component>
      <object_component id="oc-70">
         <name>.debug_info</name>
         <load_address>0x28d63</load_address>
         <run_address>0x28d63</run_address>
         <size>0x2db9</size>
         <input_file_ref idref="fl-b"/>
      </object_component>
      <object_component id="oc-77">
         <name>.debug_info</name>
         <load_address>0x2bb1c</load_address>
         <run_address>0x2bb1c</run_address>
         <size>0x126</size>
         <input_file_ref idref="fl-c"/>
      </object_component>
      <object_component id="oc-7c">
         <name>.debug_info</name>
         <load_address>0x2bc42</load_address>
         <run_address>0x2bc42</run_address>
         <size>0xdf</size>
         <input_file_ref idref="fl-1c"/>
      </object_component>
      <object_component id="oc-80">
         <name>.debug_info</name>
         <load_address>0x2bd21</load_address>
         <run_address>0x2bd21</run_address>
         <size>0x3f0</size>
         <input_file_ref idref="fl-1d"/>
      </object_component>
      <object_component id="oc-86">
         <name>.debug_info</name>
         <load_address>0x2c111</load_address>
         <run_address>0x2c111</run_address>
         <size>0x3cf</size>
         <input_file_ref idref="fl-1e"/>
      </object_component>
      <object_component id="oc-8c">
         <name>.debug_info</name>
         <load_address>0x2c4e0</load_address>
         <run_address>0x2c4e0</run_address>
         <size>0x39b</size>
         <input_file_ref idref="fl-1f"/>
      </object_component>
      <object_component id="oc-be">
         <name>.debug_info</name>
         <load_address>0x2c87b</load_address>
         <run_address>0x2c87b</run_address>
         <size>0x71</size>
      </object_component>
      <object_component id="oc-2d">
         <name>.debug_frame</name>
         <load_address>0x0</load_address>
         <run_address>0x0</run_address>
         <size>0x177</size>
         <input_file_ref idref="fl-2"/>
      </object_component>
      <object_component id="oc-37">
         <name>.debug_frame</name>
         <load_address>0x177</load_address>
         <run_address>0x177</run_address>
         <size>0x116</size>
         <input_file_ref idref="fl-4"/>
      </object_component>
      <object_component id="oc-3d">
         <name>.debug_frame</name>
         <load_address>0x28d</load_address>
         <run_address>0x28d</run_address>
         <size>0x80</size>
         <input_file_ref idref="fl-5"/>
      </object_component>
      <object_component id="oc-42">
         <name>.debug_frame</name>
         <load_address>0x30d</load_address>
         <run_address>0x30d</run_address>
         <size>0x92</size>
         <input_file_ref idref="fl-6"/>
      </object_component>
      <object_component id="oc-47">
         <name>.debug_frame</name>
         <load_address>0x39f</load_address>
         <run_address>0x39f</run_address>
         <size>0x7a</size>
         <input_file_ref idref="fl-7"/>
      </object_component>
      <object_component id="oc-68">
         <name>.debug_frame</name>
         <load_address>0x419</load_address>
         <run_address>0x419</run_address>
         <size>0x7a</size>
         <input_file_ref idref="fl-9"/>
      </object_component>
      <object_component id="oc-6d">
         <name>.debug_frame</name>
         <load_address>0x493</load_address>
         <run_address>0x493</run_address>
         <size>0x81</size>
         <input_file_ref idref="fl-a"/>
      </object_component>
      <object_component id="oc-72">
         <name>.debug_frame</name>
         <load_address>0x514</load_address>
         <run_address>0x514</run_address>
         <size>0x6ed</size>
         <input_file_ref idref="fl-b"/>
      </object_component>
      <object_component id="oc-2e">
         <name>.debug_line</name>
         <load_address>0x0</load_address>
         <run_address>0x0</run_address>
         <size>0x140</size>
         <input_file_ref idref="fl-2"/>
      </object_component>
      <object_component id="oc-32">
         <name>.debug_line</name>
         <load_address>0x140</load_address>
         <run_address>0x140</run_address>
         <size>0x44</size>
         <input_file_ref idref="fl-3"/>
      </object_component>
      <object_component id="oc-38">
         <name>.debug_line</name>
         <load_address>0x184</load_address>
         <run_address>0x184</run_address>
         <size>0x123</size>
         <input_file_ref idref="fl-4"/>
      </object_component>
      <object_component id="oc-3e">
         <name>.debug_line</name>
         <load_address>0x2a7</load_address>
         <run_address>0x2a7</run_address>
         <size>0x62</size>
         <input_file_ref idref="fl-5"/>
      </object_component>
      <object_component id="oc-43">
         <name>.debug_line</name>
         <load_address>0x309</load_address>
         <run_address>0x309</run_address>
         <size>0x82</size>
         <input_file_ref idref="fl-6"/>
      </object_component>
      <object_component id="oc-48">
         <name>.debug_line</name>
         <load_address>0x38b</load_address>
         <run_address>0x38b</run_address>
         <size>0x4e</size>
         <input_file_ref idref="fl-7"/>
      </object_component>
      <object_component id="oc-69">
         <name>.debug_line</name>
         <load_address>0x3d9</load_address>
         <run_address>0x3d9</run_address>
         <size>0x3e</size>
         <input_file_ref idref="fl-9"/>
      </object_component>
      <object_component id="oc-6e">
         <name>.debug_line</name>
         <load_address>0x417</load_address>
         <run_address>0x417</run_address>
         <size>0xa1</size>
         <input_file_ref idref="fl-a"/>
      </object_component>
      <object_component id="oc-73">
         <name>.debug_line</name>
         <load_address>0x4b8</load_address>
         <run_address>0x4b8</run_address>
         <size>0x628</size>
         <input_file_ref idref="fl-b"/>
      </object_component>
      <object_component id="oc-78">
         <name>.debug_line</name>
         <load_address>0xae0</load_address>
         <run_address>0xae0</run_address>
         <size>0x5d</size>
         <input_file_ref idref="fl-c"/>
      </object_component>
      <object_component id="oc-7d">
         <name>.debug_line</name>
         <load_address>0xb3d</load_address>
         <run_address>0xb3d</run_address>
         <size>0x70</size>
         <input_file_ref idref="fl-1c"/>
      </object_component>
      <object_component id="oc-83">
         <name>.debug_line</name>
         <load_address>0xbad</load_address>
         <run_address>0xbad</run_address>
         <size>0x4f</size>
         <input_file_ref idref="fl-1d"/>
      </object_component>
      <object_component id="oc-89">
         <name>.debug_line</name>
         <load_address>0xbfc</load_address>
         <run_address>0xbfc</run_address>
         <size>0x57</size>
         <input_file_ref idref="fl-1e"/>
      </object_component>
      <object_component id="oc-8d">
         <name>.debug_line</name>
         <load_address>0xc53</load_address>
         <run_address>0xc53</run_address>
         <size>0x41</size>
         <input_file_ref idref="fl-1f"/>
      </object_component>
      <object_component id="oc-2f">
         <name>.debug_abbrev</name>
         <load_address>0x0</load_address>
         <run_address>0x0</run_address>
         <size>0x173</size>
         <input_file_ref idref="fl-2"/>
      </object_component>
      <object_component id="oc-33">
         <name>.debug_abbrev</name>
         <load_address>0x173</load_address>
         <run_address>0x173</run_address>
         <size>0x2c</size>
         <input_file_ref idref="fl-3"/>
      </object_component>
      <object_component id="oc-39">
         <name>.debug_abbrev</name>
         <load_address>0x19f</load_address>
         <run_address>0x19f</run_address>
         <size>0x13b</size>
         <input_file_ref idref="fl-4"/>
      </object_component>
      <object_component id="oc-3f">
         <name>.debug_abbrev</name>
         <load_address>0x2da</load_address>
         <run_address>0x2da</run_address>
         <size>0x124</size>
         <input_file_ref idref="fl-5"/>
      </object_component>
      <object_component id="oc-44">
         <name>.debug_abbrev</name>
         <load_address>0x3fe</load_address>
         <run_address>0x3fe</run_address>
         <size>0xbb</size>
         <input_file_ref idref="fl-6"/>
      </object_component>
      <object_component id="oc-49">
         <name>.debug_abbrev</name>
         <load_address>0x4b9</load_address>
         <run_address>0x4b9</run_address>
         <size>0xcd</size>
         <input_file_ref idref="fl-7"/>
      </object_component>
      <object_component id="oc-65">
         <name>.debug_abbrev</name>
         <load_address>0x586</load_address>
         <run_address>0x586</run_address>
         <size>0xb3</size>
         <input_file_ref idref="fl-8"/>
      </object_component>
      <object_component id="oc-6a">
         <name>.debug_abbrev</name>
         <load_address>0x639</load_address>
         <run_address>0x639</run_address>
         <size>0x5a</size>
         <input_file_ref idref="fl-9"/>
      </object_component>
      <object_component id="oc-6f">
         <name>.debug_abbrev</name>
         <load_address>0x693</load_address>
         <run_address>0x693</run_address>
         <size>0x101</size>
         <input_file_ref idref="fl-a"/>
      </object_component>
      <object_component id="oc-74">
         <name>.debug_abbrev</name>
         <load_address>0x794</load_address>
         <run_address>0x794</run_address>
         <size>0xdc</size>
         <input_file_ref idref="fl-b"/>
      </object_component>
      <object_component id="oc-79">
         <name>.debug_abbrev</name>
         <load_address>0x870</load_address>
         <run_address>0x870</run_address>
         <size>0x20</size>
         <input_file_ref idref="fl-c"/>
      </object_component>
      <object_component id="oc-7e">
         <name>.debug_abbrev</name>
         <load_address>0x890</load_address>
         <run_address>0x890</run_address>
         <size>0x46</size>
         <input_file_ref idref="fl-1c"/>
      </object_component>
      <object_component id="oc-84">
         <name>.debug_abbrev</name>
         <load_address>0x8d6</load_address>
         <run_address>0x8d6</run_address>
         <size>0xe8</size>
         <input_file_ref idref="fl-1d"/>
      </object_component>
      <object_component id="oc-8a">
         <name>.debug_abbrev</name>
         <load_address>0x9be</load_address>
         <run_address>0x9be</run_address>
         <size>0x90</size>
         <input_file_ref idref="fl-1e"/>
      </object_component>
      <object_component id="oc-8e">
         <name>.debug_abbrev</name>
         <load_address>0xa4e</load_address>
         <run_address>0xa4e</run_address>
         <size>0xdd</size>
         <input_file_ref idref="fl-1f"/>
      </object_component>
      <object_component id="oc-bf">
         <name>.debug_abbrev</name>
         <load_address>0xb2b</load_address>
         <run_address>0xb2b</run_address>
         <size>0xd</size>
      </object_component>
   </object_component_list>
   <logical_group_list>
      <logical_group id="lg-2">
         <name>PieVectTableFile</name>
         <run_address>0xd00</run_address>
         <size>0x100</size>
         <contents>
            <object_component_ref idref="oc-63"/>
         </contents>
      </logical_group>
      <logical_group id="lg-3">
         <name>DevEmuRegsFile</name>
         <run_address>0x880</run_address>
         <size>0xd0</size>
         <contents>
            <object_component_ref idref="oc-62"/>
         </contents>
      </logical_group>
      <logical_group id="lg-4">
         <name>FlashRegsFile</name>
         <run_address>0xa80</run_address>
         <size>0x8</size>
         <contents>
            <object_component_ref idref="oc-4c"/>
         </contents>
      </logical_group>
      <logical_group id="lg-5">
         <name>CsmRegsFile</name>
         <run_address>0xae0</run_address>
         <size>0x10</size>
         <contents>
            <object_component_ref idref="oc-53"/>
         </contents>
      </logical_group>
      <logical_group id="lg-6">
         <name>XintfRegsFile</name>
         <run_address>0xb20</run_address>
         <size>0x20</size>
         <contents>
            <object_component_ref idref="oc-57"/>
         </contents>
      </logical_group>
      <logical_group id="lg-7">
         <name>CpuTimer0RegsFile</name>
         <run_address>0xc00</run_address>
         <size>0x8</size>
         <contents>
            <object_component_ref idref="oc-4d"/>
         </contents>
      </logical_group>
      <logical_group id="lg-8">
         <name>CpuTimer1RegsFile</name>
         <run_address>0xc08</run_address>
         <size>0x8</size>
         <contents>
            <object_component_ref idref="oc-4e"/>
         </contents>
      </logical_group>
      <logical_group id="lg-9">
         <name>CpuTimer2RegsFile</name>
         <run_address>0xc10</run_address>
         <size>0x8</size>
         <contents>
            <object_component_ref idref="oc-4b"/>
         </contents>
      </logical_group>
      <logical_group id="lg-a">
         <name>PieCtrlRegsFile</name>
         <run_address>0xce0</run_address>
         <size>0x1a</size>
         <contents>
            <object_component_ref idref="oc-56"/>
         </contents>
      </logical_group>
      <logical_group id="lg-b">
         <name>ECanaRegsFile</name>
         <run_address>0x6000</run_address>
         <size>0x34</size>
         <contents>
            <object_component_ref idref="oc-5e"/>
         </contents>
      </logical_group>
      <logical_group id="lg-c">
         <name>ECanaLAMRegsFile</name>
         <run_address>0x6040</run_address>
         <size>0x40</size>
         <contents>
            <object_component_ref idref="oc-60"/>
         </contents>
      </logical_group>
      <logical_group id="lg-d">
         <name>ECanaMboxesFile</name>
         <run_address>0x6100</run_address>
         <size>0x100</size>
         <contents>
            <object_component_ref idref="oc-64"/>
         </contents>
      </logical_group>
      <logical_group id="lg-e">
         <name>ECanaMOTSRegsFile</name>
         <run_address>0x6080</run_address>
         <size>0x40</size>
         <contents>
            <object_component_ref idref="oc-5f"/>
         </contents>
      </logical_group>
      <logical_group id="lg-f">
         <name>ECanaMOTORegsFile</name>
         <run_address>0x60c0</run_address>
         <size>0x40</size>
         <contents>
            <object_component_ref idref="oc-61"/>
         </contents>
      </logical_group>
      <logical_group id="lg-10">
         <name>SysCtrlRegsFile</name>
         <run_address>0x7010</run_address>
         <size>0x20</size>
         <contents>
            <object_component_ref idref="oc-58"/>
         </contents>
      </logical_group>
      <logical_group id="lg-11">
         <name>SpiaRegsFile</name>
         <run_address>0x7040</run_address>
         <size>0x10</size>
         <contents>
            <object_component_ref idref="oc-51"/>
         </contents>
      </logical_group>
      <logical_group id="lg-12">
         <name>SciaRegsFile</name>
         <run_address>0x7050</run_address>
         <size>0x10</size>
         <contents>
            <object_component_ref idref="oc-52"/>
         </contents>
      </logical_group>
      <logical_group id="lg-13">
         <name>XIntruptRegsFile</name>
         <run_address>0x7070</run_address>
         <size>0x10</size>
         <contents>
            <object_component_ref idref="oc-54"/>
         </contents>
      </logical_group>
      <logical_group id="lg-14">
         <name>GpioMuxRegsFile</name>
         <run_address>0x70c0</run_address>
         <size>0x20</size>
         <contents>
            <object_component_ref idref="oc-59"/>
         </contents>
      </logical_group>
      <logical_group id="lg-15">
         <name>GpioDataRegsFile</name>
         <run_address>0x70e0</run_address>
         <size>0x20</size>
         <contents>
            <object_component_ref idref="oc-5a"/>
         </contents>
      </logical_group>
      <logical_group id="lg-16">
         <name>AdcRegsFile</name>
         <run_address>0x7100</run_address>
         <size>0x1a</size>
         <contents>
            <object_component_ref idref="oc-55"/>
         </contents>
      </logical_group>
      <logical_group id="lg-17">
         <name>EvaRegsFile</name>
         <run_address>0x7400</run_address>
         <size>0x32</size>
         <contents>
            <object_component_ref idref="oc-5c"/>
         </contents>
      </logical_group>
      <logical_group id="lg-18">
         <name>EvbRegsFile</name>
         <run_address>0x7500</run_address>
         <size>0x32</size>
         <contents>
            <object_component_ref idref="oc-5d"/>
         </contents>
      </logical_group>
      <logical_group id="lg-19">
         <name>ScibRegsFile</name>
         <run_address>0x7750</run_address>
         <size>0x10</size>
         <contents>
            <object_component_ref idref="oc-50"/>
         </contents>
      </logical_group>
      <logical_group id="lg-1a">
         <name>McbspaRegsFile</name>
         <run_address>0x7800</run_address>
         <size>0x25</size>
         <contents>
            <object_component_ref idref="oc-5b"/>
         </contents>
      </logical_group>
      <logical_group id="lg-1b">
         <name>CsmPwlFile</name>
         <run_address>0x3f7ff8</run_address>
         <size>0x8</size>
         <contents>
            <object_component_ref idref="oc-4f"/>
         </contents>
      </logical_group>
      <logical_group id="lg-1c">
         <name>codestart</name>
         <load_address>0x3f8000</load_address>
         <run_address>0x3f8000</run_address>
         <size>0x2</size>
         <contents>
            <object_component_ref idref="oc-76"/>
         </contents>
      </logical_group>
      <logical_group id="lg-1d">
         <name>ramfuncs</name>
         <load_address>0x3f846b</load_address>
         <run_address>0x3f846b</run_address>
         <size>0x1b</size>
         <contents>
            <object_component_ref idref="oc-36"/>
            <object_component_ref idref="oc-30"/>
         </contents>
      </logical_group>
      <logical_group id="lg-1e">
         <name>.text</name>
         <load_address>0x3f8002</load_address>
         <run_address>0x3f8002</run_address>
         <size>0x43a</size>
         <contents>
            <object_component_ref idref="oc-71"/>
            <object_component_ref idref="oc-28"/>
            <object_component_ref idref="oc-6b"/>
            <object_component_ref idref="oc-34"/>
            <object_component_ref idref="oc-2c"/>
            <object_component_ref idref="oc-27"/>
            <object_component_ref idref="oc-40"/>
            <object_component_ref idref="oc-3a"/>
            <object_component_ref idref="oc-8b"/>
            <object_component_ref idref="oc-7f"/>
            <object_component_ref idref="oc-45"/>
            <object_component_ref idref="oc-85"/>
            <object_component_ref idref="oc-75"/>
            <object_component_ref idref="oc-66"/>
         </contents>
      </logical_group>
      <logical_group id="lg-1f">
         <name>.cinit</name>
         <load_address>0x3f843c</load_address>
         <run_address>0x3f843c</run_address>
         <size>0x2f</size>
         <contents>
            <object_component_ref idref="oc-2a"/>
            <object_component_ref idref="oc-87"/>
            <object_component_ref idref="oc-81"/>
         </contents>
      </logical_group>
      <logical_group id="lg-20">
         <name>.pinit</name>
         <run_address>0x0</run_address>
         <size>0x0</size>
         <contents>
         </contents>
      </logical_group>
      <logical_group id="lg-21">
         <name>.switch</name>
         <run_address>0x0</run_address>
         <size>0x0</size>
         <contents>
         </contents>
      </logical_group>
      <logical_group id="lg-22">
         <name>.reset</name>
         <load_address>0x3fffc0</load_address>
         <run_address>0x3fffc0</run_address>
         <size>0x2</size>
         <contents>
            <object_component_ref idref="oc-7b"/>
         </contents>
      </logical_group>
      <logical_group id="lg-23">
         <name>.stack</name>
         <run_address>0x400</run_address>
         <size>0x400</size>
         <contents>
            <object_component_ref idref="oc-7a"/>
            <object_component_ref idref="oc-bd"/>
         </contents>
      </logical_group>
      <logical_group id="lg-24">
         <name>.ebss</name>
         <run_address>0x3f9100</run_address>
         <size>0x16</size>
         <contents>
            <object_component_ref idref="oc-2b"/>
            <object_component_ref idref="oc-82"/>
            <object_component_ref idref="oc-88"/>
         </contents>
      </logical_group>
      <logical_group id="lg-25">
         <name>.econst</name>
         <load_address>0x3f9000</load_address>
         <run_address>0x3f9000</run_address>
         <size>0x100</size>
         <contents>
            <object_component_ref idref="oc-3c"/>
         </contents>
      </logical_group>
      <logical_group id="lg-26">
         <name>.esysmem</name>
         <run_address>0x0</run_address>
         <size>0x0</size>
         <contents>
         </contents>
      </logical_group>
      <logical_group id="lg-b4">
         <name>.debug_info</name>
         <load_address>0x0</load_address>
         <run_address>0x0</run_address>
         <size>0x2c8ec</size>
         <contents>
            <object_component_ref idref="oc-29"/>
            <object_component_ref idref="oc-31"/>
            <object_component_ref idref="oc-35"/>
            <object_component_ref idref="oc-3b"/>
            <object_component_ref idref="oc-41"/>
            <object_component_ref idref="oc-46"/>
            <object_component_ref idref="oc-4a"/>
            <object_component_ref idref="oc-67"/>
            <object_component_ref idref="oc-6c"/>
            <object_component_ref idref="oc-70"/>
            <object_component_ref idref="oc-77"/>
            <object_component_ref idref="oc-7c"/>
            <object_component_ref idref="oc-80"/>
            <object_component_ref idref="oc-86"/>
            <object_component_ref idref="oc-8c"/>
            <object_component_ref idref="oc-be"/>
         </contents>
      </logical_group>
      <logical_group id="lg-b6">
         <name>.debug_frame</name>
         <load_address>0x0</load_address>
         <run_address>0x0</run_address>
         <size>0xc01</size>
         <contents>
            <object_component_ref idref="oc-2d"/>
            <object_component_ref idref="oc-37"/>
            <object_component_ref idref="oc-3d"/>
            <object_component_ref idref="oc-42"/>
            <object_component_ref idref="oc-47"/>
            <object_component_ref idref="oc-68"/>
            <object_component_ref idref="oc-6d"/>
            <object_component_ref idref="oc-72"/>
         </contents>
      </logical_group>
      <logical_group id="lg-b8">
         <name>.debug_line</name>
         <load_address>0x0</load_address>
         <run_address>0x0</run_address>
         <size>0xc94</size>
         <contents>
            <object_component_ref idref="oc-2e"/>
            <object_component_ref idref="oc-32"/>
            <object_component_ref idref="oc-38"/>
            <object_component_ref idref="oc-3e"/>
            <object_component_ref idref="oc-43"/>
            <object_component_ref idref="oc-48"/>
            <object_component_ref idref="oc-69"/>
            <object_component_ref idref="oc-6e"/>
            <object_component_ref idref="oc-73"/>
            <object_component_ref idref="oc-78"/>
            <object_component_ref idref="oc-7d"/>
            <object_component_ref idref="oc-83"/>
            <object_component_ref idref="oc-89"/>
            <object_component_ref idref="oc-8d"/>
         </contents>
      </logical_group>
      <logical_group id="lg-ba">
         <name>.debug_abbrev</name>
         <load_address>0x0</load_address>
         <run_address>0x0</run_address>
         <size>0xb38</size>
         <contents>
            <object_component_ref idref="oc-2f"/>
            <object_component_ref idref="oc-33"/>
            <object_component_ref idref="oc-39"/>
            <object_component_ref idref="oc-3f"/>
            <object_component_ref idref="oc-44"/>
            <object_component_ref idref="oc-49"/>
            <object_component_ref idref="oc-65"/>
            <object_component_ref idref="oc-6a"/>
            <object_component_ref idref="oc-6f"/>
            <object_component_ref idref="oc-74"/>
            <object_component_ref idref="oc-79"/>
            <object_component_ref idref="oc-7e"/>
            <object_component_ref idref="oc-84"/>
            <object_component_ref idref="oc-8a"/>
            <object_component_ref idref="oc-8e"/>
            <object_component_ref idref="oc-bf"/>
         </contents>
      </logical_group>
   </logical_group_list>
   <placement_map>
      <memory_area>
         <name>RAMM0</name>
         <page_id>0x0</page_id>
         <origin>0x0</origin>
         <length>0x400</length>
         <used_space>0x0</used_space>
         <unused_space>0x400</unused_space>
         <attributes>RWIX</attributes>
         <usage_details>
         </usage_details>
      </memory_area>
      <memory_area>
         <name>BEGIN</name>
         <page_id>0x0</page_id>
         <origin>0x3f8000</origin>
         <length>0x2</length>
         <used_space>0x2</used_space>
         <unused_space>0x0</unused_space>
         <attributes>RWIX</attributes>
         <usage_details>
            <allocated_space>
               <start_address>0x3f8000</start_address>
               <size>0x2</size>
               <logical_group_ref idref="lg-1c"/>
            </allocated_space>
         </usage_details>
      </memory_area>
      <memory_area>
         <name>PRAMH0</name>
         <page_id>0x0</page_id>
         <origin>0x3f8002</origin>
         <length>0xffe</length>
         <used_space>0x484</used_space>
         <unused_space>0xb7a</unused_space>
         <attributes>RWIX</attributes>
         <usage_details>
            <allocated_space>
               <start_address>0x3f8002</start_address>
               <size>0x43a</size>
               <logical_group_ref idref="lg-1e"/>
            </allocated_space>
            <allocated_space>
               <start_address>0x3f843c</start_address>
               <size>0x2f</size>
               <logical_group_ref idref="lg-1f"/>
            </allocated_space>
            <allocated_space>
               <start_address>0x3f846b</start_address>
               <size>0x1b</size>
               <logical_group_ref idref="lg-1d"/>
            </allocated_space>
            <available_space>
               <start_address>0x3f8486</start_address>
               <size>0xb7a</size>
            </available_space>
         </usage_details>
      </memory_area>
      <memory_area>
         <name>RESET</name>
         <page_id>0x0</page_id>
         <origin>0x3fffc0</origin>
         <length>0x2</length>
         <used_space>0x0</used_space>
         <unused_space>0x2</unused_space>
         <attributes>RWIX</attributes>
         <usage_details>
         </usage_details>
      </memory_area>
      <memory_area>
         <name>RAMM1</name>
         <page_id>0x1</page_id>
         <origin>0x400</origin>
         <length>0x400</length>
         <used_space>0x400</used_space>
         <unused_space>0x0</unused_space>
         <attributes>RWIX</attributes>
         <usage_details>
            <allocated_space>
               <start_address>0x400</start_address>
               <size>0x400</size>
               <logical_group_ref idref="lg-23"/>
            </allocated_space>
         </usage_details>
      </memory_area>
      <memory_area>
         <name>DEV_EMU</name>
         <page_id>0x1</page_id>
         <origin>0x880</origin>
         <length>0x180</length>
         <used_space>0xd0</used_space>
         <unused_space>0xb0</unused_space>
         <attributes>RWIX</attributes>
         <usage_details>
            <allocated_space>
               <start_address>0x880</start_address>
               <size>0xd0</size>
               <logical_group_ref idref="lg-3"/>
            </allocated_space>
            <available_space>
               <start_address>0x950</start_address>
               <size>0xb0</size>
            </available_space>
         </usage_details>
      </memory_area>
      <memory_area>
         <name>FLASH_REGS</name>
         <page_id>0x1</page_id>
         <origin>0xa80</origin>
         <length>0x60</length>
         <used_space>0x8</used_space>
         <unused_space>0x58</unused_space>
         <attributes>RWIX</attributes>
         <usage_details>
            <allocated_space>
               <start_address>0xa80</start_address>
               <size>0x8</size>
               <logical_group_ref idref="lg-4"/>
            </allocated_space>
            <available_space>
               <start_address>0xa88</start_address>
               <size>0x58</size>
            </available_space>
         </usage_details>
      </memory_area>
      <memory_area>
         <name>CSM</name>
         <page_id>0x1</page_id>
         <origin>0xae0</origin>
         <length>0x10</length>
         <used_space>0x10</used_space>
         <unused_space>0x0</unused_space>
         <attributes>RWIX</attributes>
         <usage_details>
            <allocated_space>
               <start_address>0xae0</start_address>
               <size>0x10</size>
               <logical_group_ref idref="lg-5"/>
            </allocated_space>
         </usage_details>
      </memory_area>
      <memory_area>
         <name>XINTF</name>
         <page_id>0x1</page_id>
         <origin>0xb20</origin>
         <length>0x20</length>
         <used_space>0x20</used_space>
         <unused_space>0x0</unused_space>
         <attributes>RWIX</attributes>
         <usage_details>
            <allocated_space>
               <start_address>0xb20</start_address>
               <size>0x20</size>
               <logical_group_ref idref="lg-6"/>
            </allocated_space>
         </usage_details>
      </memory_area>
      <memory_area>
         <name>CPU_TIMER0</name>
         <page_id>0x1</page_id>
         <origin>0xc00</origin>
         <length>0x8</length>
         <used_space>0x8</used_space>
         <unused_space>0x0</unused_space>
         <attributes>RWIX</attributes>
         <usage_details>
            <allocated_space>
               <start_address>0xc00</start_address>
               <size>0x8</size>
               <logical_group_ref idref="lg-7"/>
            </allocated_space>
         </usage_details>
      </memory_area>
      <memory_area>
         <name>CPU_TIMER1</name>
         <page_id>0x1</page_id>
         <origin>0xc08</origin>
         <length>0x8</length>
         <used_space>0x8</used_space>
         <unused_space>0x0</unused_space>
         <attributes>RWIX</attributes>
         <usage_details>
            <allocated_space>
               <start_address>0xc08</start_address>
               <size>0x8</size>
               <logical_group_ref idref="lg-8"/>
            </allocated_space>
         </usage_details>
      </memory_area>
      <memory_area>
         <name>CPU_TIMER2</name>
         <page_id>0x1</page_id>
         <origin>0xc10</origin>
         <length>0x8</length>
         <used_space>0x8</used_space>
         <unused_space>0x0</unused_space>
         <attributes>RWIX</attributes>
         <usage_details>
            <allocated_space>
               <start_address>0xc10</start_address>
               <size>0x8</size>
               <logical_group_ref idref="lg-9"/>
            </allocated_space>
         </usage_details>
      </memory_area>
      <memory_area>
         <name>PIE_CTRL</name>
         <page_id>0x1</page_id>
         <origin>0xce0</origin>
         <length>0x20</length>
         <used_space>0x1a</used_space>
         <unused_space>0x6</unused_space>
         <attributes>RWIX</attributes>
         <usage_details>
            <allocated_space>
               <start_address>0xce0</start_address>
               <size>0x1a</size>
               <logical_group_ref idref="lg-a"/>
            </allocated_space>
            <available_space>
               <start_address>0xcfa</start_address>
               <size>0x6</size>
            </available_space>
         </usage_details>
      </memory_area>
      <memory_area>
         <name>PIE_VECT</name>
         <page_id>0x1</page_id>
         <origin>0xd00</origin>
         <length>0x100</length>
         <used_space>0x100</used_space>
         <unused_space>0x0</unused_space>
         <attributes>RWIX</attributes>
         <usage_details>
            <allocated_space>
               <start_address>0xd00</start_address>
               <size>0x100</size>
               <logical_group_ref idref="lg-2"/>
            </allocated_space>
         </usage_details>
      </memory_area>
      <memory_area>
         <name>ECANA</name>
         <page_id>0x1</page_id>
         <origin>0x6000</origin>
         <length>0x40</length>
         <used_space>0x34</used_space>
         <unused_space>0xc</unused_space>
         <attributes>RWIX</attributes>
         <usage_details>
            <allocated_space>
               <start_address>0x6000</start_address>
               <size>0x34</size>
               <logical_group_ref idref="lg-b"/>
            </allocated_space>
            <available_space>
               <start_address>0x6034</start_address>
               <size>0xc</size>
            </available_space>
         </usage_details>
      </memory_area>
      <memory_area>
         <name>ECANA_LAM</name>
         <page_id>0x1</page_id>
         <origin>0x6040</origin>
         <length>0x40</length>
         <used_space>0x40</used_space>
         <unused_space>0x0</unused_space>
         <attributes>RWIX</attributes>
         <usage_details>
            <allocated_space>
               <start_address>0x6040</start_address>
               <size>0x40</size>
               <logical_group_ref idref="lg-c"/>
            </allocated_space>
         </usage_details>
      </memory_area>
      <memory_area>
         <name>ECANA_MOTS</name>
         <page_id>0x1</page_id>
         <origin>0x6080</origin>
         <length>0x40</length>
         <used_space>0x40</used_space>
         <unused_space>0x0</unused_space>
         <attributes>RWIX</attributes>
         <usage_details>
            <allocated_space>
               <start_address>0x6080</start_address>
               <size>0x40</size>
               <logical_group_ref idref="lg-e"/>
            </allocated_space>
         </usage_details>
      </memory_area>
      <memory_area>
         <name>ECANA_MOTO</name>
         <page_id>0x1</page_id>
         <origin>0x60c0</origin>
         <length>0x40</length>
         <used_space>0x40</used_space>
         <unused_space>0x0</unused_space>
         <attributes>RWIX</attributes>
         <usage_details>
            <allocated_space>
               <start_address>0x60c0</start_address>
               <size>0x40</size>
               <logical_group_ref idref="lg-f"/>
            </allocated_space>
         </usage_details>
      </memory_area>
      <memory_area>
         <name>ECANA_MBOX</name>
         <page_id>0x1</page_id>
         <origin>0x6100</origin>
         <length>0x100</length>
         <used_space>0x100</used_space>
         <unused_space>0x0</unused_space>
         <attributes>RWIX</attributes>
         <usage_details>
            <allocated_space>
               <start_address>0x6100</start_address>
               <size>0x100</size>
               <logical_group_ref idref="lg-d"/>
            </allocated_space>
         </usage_details>
      </memory_area>
      <memory_area>
         <name>SYSTEM</name>
         <page_id>0x1</page_id>
         <origin>0x7010</origin>
         <length>0x20</length>
         <used_space>0x20</used_space>
         <unused_space>0x0</unused_space>
         <attributes>RWIX</attributes>
         <usage_details>
            <allocated_space>
               <start_address>0x7010</start_address>
               <size>0x20</size>
               <logical_group_ref idref="lg-10"/>
            </allocated_space>
         </usage_details>
      </memory_area>
      <memory_area>
         <name>SPIA</name>
         <page_id>0x1</page_id>
         <origin>0x7040</origin>
         <length>0x10</length>
         <used_space>0x10</used_space>
         <unused_space>0x0</unused_space>
         <attributes>RWIX</attributes>
         <usage_details>
            <allocated_space>
               <start_address>0x7040</start_address>
               <size>0x10</size>
               <logical_group_ref idref="lg-11"/>
            </allocated_space>
         </usage_details>
      </memory_area>
      <memory_area>
         <name>SCIA</name>
         <page_id>0x1</page_id>
         <origin>0x7050</origin>
         <length>0x10</length>
         <used_space>0x10</used_space>
         <unused_space>0x0</unused_space>
         <attributes>RWIX</attributes>
         <usage_details>
            <allocated_space>
               <start_address>0x7050</start_address>
               <size>0x10</size>
               <logical_group_ref idref="lg-12"/>
            </allocated_space>
         </usage_details>
      </memory_area>
      <memory_area>
         <name>XINTRUPT</name>
         <page_id>0x1</page_id>
         <origin>0x7070</origin>
         <length>0x10</length>
         <used_space>0x10</used_space>
         <unused_space>0x0</unused_space>
         <attributes>RWIX</attributes>
         <usage_details>
            <allocated_space>
               <start_address>0x7070</start_address>
               <size>0x10</size>
               <logical_group_ref idref="lg-13"/>
            </allocated_space>
         </usage_details>
      </memory_area>
      <memory_area>
         <name>GPIOMUX</name>
         <page_id>0x1</page_id>
         <origin>0x70c0</origin>
         <length>0x20</length>
         <used_space>0x20</used_space>
         <unused_space>0x0</unused_space>
         <attributes>RWIX</attributes>
         <usage_details>
            <allocated_space>
               <start_address>0x70c0</start_address>
               <size>0x20</size>
               <logical_group_ref idref="lg-14"/>
            </allocated_space>
         </usage_details>
      </memory_area>
      <memory_area>
         <name>GPIODAT</name>
         <page_id>0x1</page_id>
         <origin>0x70e0</origin>
         <length>0x20</length>
         <used_space>0x20</used_space>
         <unused_space>0x0</unused_space>
         <attributes>RWIX</attributes>
         <usage_details>
            <allocated_space>
               <start_address>0x70e0</start_address>
               <size>0x20</size>
               <logical_group_ref idref="lg-15"/>
            </allocated_space>
         </usage_details>
      </memory_area>
      <memory_area>
         <name>ADC</name>
         <page_id>0x1</page_id>
         <origin>0x7100</origin>
         <length>0x20</length>
         <used_space>0x1a</used_space>
         <unused_space>0x6</unused_space>
         <attributes>RWIX</attributes>
         <usage_details>
            <allocated_space>
               <start_address>0x7100</start_address>
               <size>0x1a</size>
               <logical_group_ref idref="lg-16"/>
            </allocated_space>
            <available_space>
               <start_address>0x711a</start_address>
               <size>0x6</size>
            </available_space>
         </usage_details>
      </memory_area>
      <memory_area>
         <name>EVA</name>
         <page_id>0x1</page_id>
         <origin>0x7400</origin>
         <length>0x40</length>
         <used_space>0x32</used_space>
         <unused_space>0xe</unused_space>
         <attributes>RWIX</attributes>
         <usage_details>
            <allocated_space>
               <start_address>0x7400</start_address>
               <size>0x32</size>
               <logical_group_ref idref="lg-17"/>
            </allocated_space>
            <available_space>
               <start_address>0x7432</start_address>
               <size>0xe</size>
            </available_space>
         </usage_details>
      </memory_area>
      <memory_area>
         <name>EVB</name>
         <page_id>0x1</page_id>
         <origin>0x7500</origin>
         <length>0x40</length>
         <used_space>0x32</used_space>
         <unused_space>0xe</unused_space>
         <attributes>RWIX</attributes>
         <usage_details>
            <allocated_space>
               <start_address>0x7500</start_address>
               <size>0x32</size>
               <logical_group_ref idref="lg-18"/>
            </allocated_space>
            <available_space>
               <start_address>0x7532</start_address>
               <size>0xe</size>
            </available_space>
         </usage_details>
      </memory_area>
      <memory_area>
         <name>SCIB</name>
         <page_id>0x1</page_id>
         <origin>0x7750</origin>
         <length>0x10</length>
         <used_space>0x10</used_space>
         <unused_space>0x0</unused_space>
         <attributes>RWIX</attributes>
         <usage_details>
            <allocated_space>
               <start_address>0x7750</start_address>
               <size>0x10</size>
               <logical_group_ref idref="lg-19"/>
            </allocated_space>
         </usage_details>
      </memory_area>
      <memory_area>
         <name>MCBSPA</name>
         <page_id>0x1</page_id>
         <origin>0x7800</origin>
         <length>0x40</length>
         <used_space>0x25</used_space>
         <unused_space>0x1b</unused_space>
         <attributes>RWIX</attributes>
         <usage_details>
            <allocated_space>
               <start_address>0x7800</start_address>
               <size>0x25</size>
               <logical_group_ref idref="lg-1a"/>
            </allocated_space>
            <available_space>
               <start_address>0x7825</start_address>
               <size>0x1b</size>
            </available_space>
         </usage_details>
      </memory_area>
      <memory_area>
         <name>CSM_PWL</name>
         <page_id>0x1</page_id>
         <origin>0x3f7ff8</origin>
         <length>0x8</length>
         <used_space>0x8</used_space>
         <unused_space>0x0</unused_space>
         <attributes>RWIX</attributes>
         <usage_details>
            <allocated_space>
               <start_address>0x3f7ff8</start_address>
               <size>0x8</size>
               <logical_group_ref idref="lg-1b"/>
            </allocated_space>
         </usage_details>
      </memory_area>
      <memory_area>
         <name>DRAMH0</name>
         <page_id>0x1</page_id>
         <origin>0x3f9000</origin>
         <length>0x1000</length>
         <used_space>0x116</used_space>
         <unused_space>0xeea</unused_space>
         <attributes>RWIX</attributes>
         <usage_details>
            <allocated_space>
               <start_address>0x3f9000</start_address>
               <size>0x100</size>
               <logical_group_ref idref="lg-25"/>
            </allocated_space>
            <allocated_space>
               <start_address>0x3f9100</start_address>
               <size>0x16</size>
               <logical_group_ref idref="lg-24"/>
            </allocated_space>
            <available_space>
               <start_address>0x3f9116</start_address>
               <size>0xeea</size>
            </available_space>
         </usage_details>
      </memory_area>
   </placement_map>
   <symbol_table>
      <symbol id="sm-0">
         <name>cinit</name>
         <value>0x3f843c</value>
      </symbol>
      <symbol id="sm-1">
         <name>___cinit__</name>
         <value>0x3f843c</value>
      </symbol>
      <symbol id="sm-2">
         <name>pinit</name>
         <value>0xffffffff</value>
      </symbol>
      <symbol id="sm-3">
         <name>___pinit__</name>
         <value>0xffffffff</value>
      </symbol>
      <symbol id="sm-4">
         <name>binit</name>
         <value>0xffffffff</value>
      </symbol>
      <symbol id="sm-5">
         <name>___binit__</name>
         <value>0xffffffff</value>
      </symbol>
      <symbol id="sm-6">
         <name>__STACK_SIZE</name>
         <value>0x400</value>
      </symbol>
      <symbol id="sm-7">
         <name>__STACK_END</name>
         <value>0x800</value>
      </symbol>
      <symbol id="sm-8">
         <name>___c_args__</name>
         <value>0xffffffff</value>
      </symbol>
      <symbol id="sm-9">
         <name>.text</name>
         <value>0x3f8002</value>
      </symbol>
      <symbol id="sm-a">
         <name>___text__</name>
         <value>0x3f8002</value>
      </symbol>
      <symbol id="sm-b">
         <name>etext</name>
         <value>0x3f843c</value>
      </symbol>
      <symbol id="sm-c">
         <name>___etext__</name>
         <value>0x3f843c</value>
      </symbol>
      <symbol id="sm-79">
         <name>_main</name>
         <value>0x3f8151</value>
         <object_component_ref idref="oc-28"/>
      </symbol>
      <symbol id="sm-7a">
         <name>_Success</name>
         <value>0x3f9102</value>
         <object_component_ref idref="oc-2b"/>
      </symbol>
      <symbol id="sm-7b">
         <name>_eCAN0INT_ISR</name>
         <value>0x3f8311</value>
         <object_component_ref idref="oc-2c"/>
      </symbol>
      <symbol id="sm-7c">
         <name>_initMBoxes</name>
         <value>0x3f81a3</value>
         <object_component_ref idref="oc-28"/>
      </symbol>
      <symbol id="sm-7d">
         <name>_MessageHigh</name>
         <value>0x3f9106</value>
         <object_component_ref idref="oc-2b"/>
      </symbol>
      <symbol id="sm-7e">
         <name>_ErrorCount</name>
         <value>0x3f910c</value>
         <object_component_ref idref="oc-2b"/>
      </symbol>
      <symbol id="sm-7f">
         <name>_initEcanInterrupt</name>
         <value>0x3f8175</value>
         <object_component_ref idref="oc-28"/>
      </symbol>
      <symbol id="sm-80">
         <name>_mailbox_read</name>
         <value>0x3f81e4</value>
         <object_component_ref idref="oc-28"/>
      </symbol>
      <symbol id="sm-81">
         <name>_sendMessage</name>
         <value>0x3f81cc</value>
         <object_component_ref idref="oc-28"/>
      </symbol>
      <symbol id="sm-82">
         <name>_MessageLow</name>
         <value>0x3f910a</value>
         <object_component_ref idref="oc-2b"/>
      </symbol>
      <symbol id="sm-83">
         <name>_delay_loop</name>
         <value>0x3f81fb</value>
         <object_component_ref idref="oc-28"/>
      </symbol>
      <symbol id="sm-84">
         <name>_TestMbox1</name>
         <value>0x3f9100</value>
         <object_component_ref idref="oc-2b"/>
      </symbol>
      <symbol id="sm-85">
         <name>_TestMbox2</name>
         <value>0x3f9104</value>
         <object_component_ref idref="oc-2b"/>
      </symbol>
      <symbol id="sm-86">
         <name>_TestMbox3</name>
         <value>0x3f9108</value>
         <object_component_ref idref="oc-2b"/>
      </symbol>
      <symbol id="sm-8e">
         <name>_DSP28x_usDelay</name>
         <value>0x3f8482</value>
         <object_component_ref idref="oc-30"/>
      </symbol>
      <symbol id="sm-a0">
         <name>_InitPll</name>
         <value>0x3f82a9</value>
         <object_component_ref idref="oc-34"/>
      </symbol>
      <symbol id="sm-a1">
         <name>_DisableDog</name>
         <value>0x3f82a1</value>
         <object_component_ref idref="oc-34"/>
      </symbol>
      <symbol id="sm-a2">
         <name>_InitPeripheralClocks</name>
         <value>0x3f82c6</value>
         <object_component_ref idref="oc-34"/>
      </symbol>
      <symbol id="sm-a3">
         <name>_KickDog</name>
         <value>0x3f8297</value>
         <object_component_ref idref="oc-34"/>
      </symbol>
      <symbol id="sm-a4">
         <name>_InitFlash</name>
         <value>0x3f846b</value>
         <object_component_ref idref="oc-36"/>
      </symbol>
      <symbol id="sm-a5">
         <name>_CsmUnlock</name>
         <value>0x3f82e0</value>
         <object_component_ref idref="oc-34"/>
      </symbol>
      <symbol id="sm-a6">
         <name>_InitSysCtrl</name>
         <value>0x3f828f</value>
         <object_component_ref idref="oc-34"/>
      </symbol>
      <symbol id="sm-b6">
         <name>_PieVectTableInit</name>
         <value>0x3f9000</value>
         <object_component_ref idref="oc-3c"/>
      </symbol>
      <symbol id="sm-b7">
         <name>_InitPieVectTable</name>
         <value>0x3f83c3</value>
         <object_component_ref idref="oc-3a"/>
      </symbol>
      <symbol id="sm-c1">
         <name>_InitPieCtrl</name>
         <value>0x3f839b</value>
         <object_component_ref idref="oc-40"/>
      </symbol>
      <symbol id="sm-c2">
         <name>_EnableInterrupts</name>
         <value>0x3f83ba</value>
         <object_component_ref idref="oc-40"/>
      </symbol>
      <symbol id="sm-cc">
         <name>_InitGpio</name>
         <value>0x3f8415</value>
         <object_component_ref idref="oc-45"/>
      </symbol>
      <symbol id="sm-106">
         <name>_PieVectTable</name>
         <value>0xd00</value>
         <object_component_ref idref="oc-63"/>
      </symbol>
      <symbol id="sm-107">
         <name>_CsmRegs</name>
         <value>0xae0</value>
         <object_component_ref idref="oc-53"/>
      </symbol>
      <symbol id="sm-108">
         <name>_ECanaLAMRegs</name>
         <value>0x6040</value>
         <object_component_ref idref="oc-60"/>
      </symbol>
      <symbol id="sm-109">
         <name>_EvaRegs</name>
         <value>0x7400</value>
         <object_component_ref idref="oc-5c"/>
      </symbol>
      <symbol id="sm-10a">
         <name>_GpioMuxRegs</name>
         <value>0x70c0</value>
         <object_component_ref idref="oc-59"/>
      </symbol>
      <symbol id="sm-10b">
         <name>_EvbRegs</name>
         <value>0x7500</value>
         <object_component_ref idref="oc-5d"/>
      </symbol>
      <symbol id="sm-10c">
         <name>_CpuTimer1Regs</name>
         <value>0xc08</value>
         <object_component_ref idref="oc-4e"/>
      </symbol>
      <symbol id="sm-10d">
         <name>_SysCtrlRegs</name>
         <value>0x7010</value>
         <object_component_ref idref="oc-58"/>
      </symbol>
      <symbol id="sm-10e">
         <name>_SpiaRegs</name>
         <value>0x7040</value>
         <object_component_ref idref="oc-51"/>
      </symbol>
      <symbol id="sm-10f">
         <name>_ECanaMOTSRegs</name>
         <value>0x6080</value>
         <object_component_ref idref="oc-5f"/>
      </symbol>
      <symbol id="sm-110">
         <name>_FlashRegs</name>
         <value>0xa80</value>
         <object_component_ref idref="oc-4c"/>
      </symbol>
      <symbol id="sm-111">
         <name>_CpuTimer0Regs</name>
         <value>0xc00</value>
         <object_component_ref idref="oc-4d"/>
      </symbol>
      <symbol id="sm-112">
         <name>_DevEmuRegs</name>
         <value>0x880</value>
         <object_component_ref idref="oc-62"/>
      </symbol>
      <symbol id="sm-113">
         <name>_SciaRegs</name>
         <value>0x7050</value>
         <object_component_ref idref="oc-52"/>
      </symbol>
      <symbol id="sm-114">
         <name>_GpioDataRegs</name>
         <value>0x70e0</value>
         <object_component_ref idref="oc-5a"/>
      </symbol>
      <symbol id="sm-115">
         <name>_CsmPwl</name>
         <value>0x3f7ff8</value>
         <object_component_ref idref="oc-4f"/>
      </symbol>
      <symbol id="sm-116">
         <name>_AdcRegs</name>
         <value>0x7100</value>
         <object_component_ref idref="oc-55"/>
      </symbol>
      <symbol id="sm-117">
         <name>_XIntruptRegs</name>
         <value>0x7070</value>
         <object_component_ref idref="oc-54"/>
      </symbol>
      <symbol id="sm-118">
         <name>_CpuTimer2Regs</name>
         <value>0xc10</value>
         <object_component_ref idref="oc-4b"/>
      </symbol>
      <symbol id="sm-119">
         <name>_PieCtrlRegs</name>
         <value>0xce0</value>
         <object_component_ref idref="oc-56"/>
      </symbol>
      <symbol id="sm-11a">
         <name>_ECanaRegs</name>
         <value>0x6000</value>
         <object_component_ref idref="oc-5e"/>
      </symbol>
      <symbol id="sm-11b">
         <name>_XintfRegs</name>
         <value>0xb20</value>
         <object_component_ref idref="oc-57"/>
      </symbol>
      <symbol id="sm-11c">
         <name>_McbspaRegs</name>
         <value>0x7800</value>
         <object_component_ref idref="oc-5b"/>
      </symbol>
      <symbol id="sm-11d">
         <name>_ScibRegs</name>
         <value>0x7750</value>
         <object_component_ref idref="oc-50"/>
      </symbol>
      <symbol id="sm-11e">
         <name>_ECanaMboxes</name>
         <value>0x6100</value>
         <object_component_ref idref="oc-64"/>
      </symbol>
      <symbol id="sm-11f">
         <name>_ECanaMOTORegs</name>
         <value>0x60c0</value>
         <object_component_ref idref="oc-61"/>
      </symbol>
      <symbol id="sm-127">
         <name>_InitEv</name>
         <value>0x3f843b</value>
         <object_component_ref idref="oc-66"/>
      </symbol>
      <symbol id="sm-137">
         <name>_InitECan</name>
         <value>0x3f820b</value>
         <object_component_ref idref="oc-6b"/>
      </symbol>
      <symbol id="sm-205">
         <name>_ILLEGAL_ISR</name>
         <value>0x3f8020</value>
         <object_component_ref idref="oc-71"/>
      </symbol>
      <symbol id="sm-206">
         <name>_T1PINT_ISR</name>
         <value>0x3f8093</value>
         <object_component_ref idref="oc-71"/>
      </symbol>
      <symbol id="sm-207">
         <name>_CMP6INT_ISR</name>
         <value>0x3f80d4</value>
         <object_component_ref idref="oc-71"/>
      </symbol>
      <symbol id="sm-208">
         <name>_T2CINT_ISR</name>
         <value>0x3f80ac</value>
         <object_component_ref idref="oc-71"/>
      </symbol>
      <symbol id="sm-209">
         <name>_CMP3INT_ISR</name>
         <value>0x3f808e</value>
         <object_component_ref idref="oc-71"/>
      </symbol>
      <symbol id="sm-20a">
         <name>_DATALOG_ISR</name>
         <value>0x3f800c</value>
         <object_component_ref idref="oc-71"/>
      </symbol>
      <symbol id="sm-20b">
         <name>_SPITXINTA_ISR</name>
         <value>0x3f8115</value>
         <object_component_ref idref="oc-71"/>
      </symbol>
      <symbol id="sm-20c">
         <name>_SPIRXINTA_ISR</name>
         <value>0x3f8110</value>
         <object_component_ref idref="oc-71"/>
      </symbol>
      <symbol id="sm-20d">
         <name>_INT13_ISR</name>
         <value>0x3f8002</value>
         <object_component_ref idref="oc-71"/>
      </symbol>
      <symbol id="sm-20e">
         <name>_CAPINT3_ISR</name>
         <value>0x3f80c5</value>
         <object_component_ref idref="oc-71"/>
      </symbol>
      <symbol id="sm-20f">
         <name>_MXINTA_ISR</name>
         <value>0x3f811f</value>
         <object_component_ref idref="oc-71"/>
      </symbol>
      <symbol id="sm-210">
         <name>_T1UFINT_ISR</name>
         <value>0x3f809d</value>
         <object_component_ref idref="oc-71"/>
      </symbol>
      <symbol id="sm-211">
         <name>_T3UFINT_ISR</name>
         <value>0x3f80e3</value>
         <object_component_ref idref="oc-71"/>
      </symbol>
      <symbol id="sm-212">
         <name>_USER5_ISR</name>
         <value>0x3f8039</value>
         <object_component_ref idref="oc-71"/>
      </symbol>
      <symbol id="sm-213">
         <name>_EMPTY_ISR</name>
         <value>0x3f8142</value>
         <object_component_ref idref="oc-71"/>
      </symbol>
      <symbol id="sm-214">
         <name>_ECAN0INTA_ISR</name>
         <value>0x3f8138</value>
         <object_component_ref idref="oc-71"/>
      </symbol>
      <symbol id="sm-215">
         <name>_EMUINT_ISR</name>
         <value>0x3f8016</value>
         <object_component_ref idref="oc-71"/>
      </symbol>
      <symbol id="sm-216">
         <name>_PDPINTB_ISR</name>
         <value>0x3f8066</value>
         <object_component_ref idref="oc-71"/>
      </symbol>
      <symbol id="sm-217">
         <name>_CMP5INT_ISR</name>
         <value>0x3f80cf</value>
         <object_component_ref idref="oc-71"/>
      </symbol>
      <symbol id="sm-218">
         <name>_CAPINT2_ISR</name>
         <value>0x3f80c0</value>
         <object_component_ref idref="oc-71"/>
      </symbol>
      <symbol id="sm-219">
         <name>_CMP2INT_ISR</name>
         <value>0x3f8089</value>
         <object_component_ref idref="oc-71"/>
      </symbol>
      <symbol id="sm-21a">
         <name>_USER11_ISR</name>
         <value>0x3f8057</value>
         <object_component_ref idref="oc-71"/>
      </symbol>
      <symbol id="sm-21b">
         <name>_USER4_ISR</name>
         <value>0x3f8034</value>
         <object_component_ref idref="oc-71"/>
      </symbol>
      <symbol id="sm-21c">
         <name>_TINT0_ISR</name>
         <value>0x3f807a</value>
         <object_component_ref idref="oc-71"/>
      </symbol>
      <symbol id="sm-21d">
         <name>_WAKEINT_ISR</name>
         <value>0x3f807f</value>
         <object_component_ref idref="oc-71"/>
      </symbol>
      <symbol id="sm-21e">
         <name>_T2UFINT_ISR</name>
         <value>0x3f80b1</value>
         <object_component_ref idref="oc-71"/>
      </symbol>
      <symbol id="sm-21f">
         <name>_T4UFINT_ISR</name>
         <value>0x3f80f7</value>
         <object_component_ref idref="oc-71"/>
      </symbol>
      <symbol id="sm-220">
         <name>_USER10_ISR</name>
         <value>0x3f8052</value>
         <object_component_ref idref="oc-71"/>
      </symbol>
      <symbol id="sm-221">
         <name>_T1OFINT_ISR</name>
         <value>0x3f80a2</value>
         <object_component_ref idref="oc-71"/>
      </symbol>
      <symbol id="sm-222">
         <name>_T3OFINT_ISR</name>
         <value>0x3f80e8</value>
         <object_component_ref idref="oc-71"/>
      </symbol>
      <symbol id="sm-223">
         <name>_USER7_ISR</name>
         <value>0x3f8043</value>
         <object_component_ref idref="oc-71"/>
      </symbol>
      <symbol id="sm-224">
         <name>_XINT1_ISR</name>
         <value>0x3f806b</value>
         <object_component_ref idref="oc-71"/>
      </symbol>
      <symbol id="sm-225">
         <name>_INT14_ISR</name>
         <value>0x3f8007</value>
         <object_component_ref idref="oc-71"/>
      </symbol>
      <symbol id="sm-226">
         <name>_T2PINT_ISR</name>
         <value>0x3f80a7</value>
         <object_component_ref idref="oc-71"/>
      </symbol>
      <symbol id="sm-227">
         <name>_CMP4INT_ISR</name>
         <value>0x3f80ca</value>
         <object_component_ref idref="oc-71"/>
      </symbol>
      <symbol id="sm-228">
         <name>_CMP1INT_ISR</name>
         <value>0x3f8084</value>
         <object_component_ref idref="oc-71"/>
      </symbol>
      <symbol id="sm-229">
         <name>_T4CINT_ISR</name>
         <value>0x3f80f2</value>
         <object_component_ref idref="oc-71"/>
      </symbol>
      <symbol id="sm-22a">
         <name>_USER6_ISR</name>
         <value>0x3f803e</value>
         <object_component_ref idref="oc-71"/>
      </symbol>
      <symbol id="sm-22b">
         <name>_T3CINT_ISR</name>
         <value>0x3f80de</value>
         <object_component_ref idref="oc-71"/>
      </symbol>
      <symbol id="sm-22c">
         <name>_CAPINT5_ISR</name>
         <value>0x3f8106</value>
         <object_component_ref idref="oc-71"/>
      </symbol>
      <symbol id="sm-22d">
         <name>_MRINTA_ISR</name>
         <value>0x3f811a</value>
         <object_component_ref idref="oc-71"/>
      </symbol>
      <symbol id="sm-22e">
         <name>_T2OFINT_ISR</name>
         <value>0x3f80b6</value>
         <object_component_ref idref="oc-71"/>
      </symbol>
      <symbol id="sm-22f">
         <name>_T4OFINT_ISR</name>
         <value>0x3f80fc</value>
         <object_component_ref idref="oc-71"/>
      </symbol>
      <symbol id="sm-230">
         <name>_USER12_ISR</name>
         <value>0x3f805c</value>
         <object_component_ref idref="oc-71"/>
      </symbol>
      <symbol id="sm-231">
         <name>_ADCINT_ISR</name>
         <value>0x3f8075</value>
         <object_component_ref idref="oc-71"/>
      </symbol>
      <symbol id="sm-232">
         <name>_USER1_ISR</name>
         <value>0x3f8025</value>
         <object_component_ref idref="oc-71"/>
      </symbol>
      <symbol id="sm-233">
         <name>_NMI_ISR</name>
         <value>0x3f801b</value>
         <object_component_ref idref="oc-71"/>
      </symbol>
      <symbol id="sm-234">
         <name>_SCITXINTB_ISR</name>
         <value>0x3f8133</value>
         <object_component_ref idref="oc-71"/>
      </symbol>
      <symbol id="sm-235">
         <name>_SCIRXINTB_ISR</name>
         <value>0x3f812e</value>
         <object_component_ref idref="oc-71"/>
      </symbol>
      <symbol id="sm-236">
         <name>_T1CINT_ISR</name>
         <value>0x3f8098</value>
         <object_component_ref idref="oc-71"/>
      </symbol>
      <symbol id="sm-237">
         <name>_CAPINT4_ISR</name>
         <value>0x3f8101</value>
         <object_component_ref idref="oc-71"/>
      </symbol>
      <symbol id="sm-238">
         <name>_ECAN1INTA_ISR</name>
         <value>0x3f813d</value>
         <object_component_ref idref="oc-71"/>
      </symbol>
      <symbol id="sm-239">
         <name>_PIE_RESERVED</name>
         <value>0x3f8147</value>
         <object_component_ref idref="oc-71"/>
      </symbol>
      <symbol id="sm-23a">
         <name>_XINT2_ISR</name>
         <value>0x3f8070</value>
         <object_component_ref idref="oc-71"/>
      </symbol>
      <symbol id="sm-23b">
         <name>_RTOSINT_ISR</name>
         <value>0x3f8011</value>
         <object_component_ref idref="oc-71"/>
      </symbol>
      <symbol id="sm-23c">
         <name>_USER9_ISR</name>
         <value>0x3f804d</value>
         <object_component_ref idref="oc-71"/>
      </symbol>
      <symbol id="sm-23d">
         <name>_USER3_ISR</name>
         <value>0x3f802f</value>
         <object_component_ref idref="oc-71"/>
      </symbol>
      <symbol id="sm-23e">
         <name>_CAPINT6_ISR</name>
         <value>0x3f810b</value>
         <object_component_ref idref="oc-71"/>
      </symbol>
      <symbol id="sm-23f">
         <name>_T4PINT_ISR</name>
         <value>0x3f80ed</value>
         <object_component_ref idref="oc-71"/>
      </symbol>
      <symbol id="sm-240">
         <name>_T3PINT_ISR</name>
         <value>0x3f80d9</value>
         <object_component_ref idref="oc-71"/>
      </symbol>
      <symbol id="sm-241">
         <name>_USER8_ISR</name>
         <value>0x3f8048</value>
         <object_component_ref idref="oc-71"/>
      </symbol>
      <symbol id="sm-242">
         <name>_USER2_ISR</name>
         <value>0x3f802a</value>
         <object_component_ref idref="oc-71"/>
      </symbol>
      <symbol id="sm-243">
         <name>_SCITXINTA_ISR</name>
         <value>0x3f8129</value>
         <object_component_ref idref="oc-71"/>
      </symbol>
      <symbol id="sm-244">
         <name>_SCIRXINTA_ISR</name>
         <value>0x3f8124</value>
         <object_component_ref idref="oc-71"/>
      </symbol>
      <symbol id="sm-245">
         <name>_PDPINTA_ISR</name>
         <value>0x3f8061</value>
         <object_component_ref idref="oc-71"/>
      </symbol>
      <symbol id="sm-246">
         <name>_rsvd_ISR</name>
         <value>0x3f814c</value>
         <object_component_ref idref="oc-71"/>
      </symbol>
      <symbol id="sm-247">
         <name>_CAPINT1_ISR</name>
         <value>0x3f80bb</value>
         <object_component_ref idref="oc-71"/>
      </symbol>
      <symbol id="sm-25e">
         <name>_c_int00</name>
         <value>0x3f8357</value>
         <object_component_ref idref="oc-27"/>
      </symbol>
      <symbol id="sm-25f">
         <name>__stack</name>
         <value>0x400</value>
         <object_component_ref idref="oc-7a"/>
      </symbol>
      <symbol id="sm-26d">
         <name>C$$EXIT</name>
         <value>0x3f83fc</value>
         <object_component_ref idref="oc-7f"/>
      </symbol>
      <symbol id="sm-26e">
         <name>_exit</name>
         <value>0x3f83fe</value>
         <object_component_ref idref="oc-7f"/>
      </symbol>
      <symbol id="sm-26f">
         <name>_abort</name>
         <value>0x3f83fc</value>
         <object_component_ref idref="oc-7f"/>
      </symbol>
      <symbol id="sm-270">
         <name>__cleanup_ptr</name>
         <value>0x3f9112</value>
         <object_component_ref idref="oc-82"/>
      </symbol>
      <symbol id="sm-271">
         <name>__dtors_ptr</name>
         <value>0x3f9114</value>
         <object_component_ref idref="oc-82"/>
      </symbol>
      <symbol id="sm-27f">
         <name>__unlock</name>
         <value>0x3f910e</value>
         <object_component_ref idref="oc-88"/>
      </symbol>
      <symbol id="sm-280">
         <name>__lock</name>
         <value>0x3f9110</value>
         <object_component_ref idref="oc-88"/>
      </symbol>
      <symbol id="sm-281">
         <name>__register_lock</name>
         <value>0x3f842e</value>
         <object_component_ref idref="oc-85"/>
      </symbol>
      <symbol id="sm-282">
         <name>__nop</name>
         <value>0x3f8432</value>
         <object_component_ref idref="oc-85"/>
      </symbol>
      <symbol id="sm-283">
         <name>__register_unlock</name>
         <value>0x3f842a</value>
         <object_component_ref idref="oc-85"/>
      </symbol>
      <symbol id="sm-28d">
         <name>__args_main</name>
         <value>0x3f83e3</value>
         <object_component_ref idref="oc-8b"/>
      </symbol>
      <symbol id="sm-28e">
         <name>__TI_args_main</name>
         <value>0x1</value>
      </symbol>
   </symbol_table>
</link_info>
