<?xml version="1.0"?>
<link_info>
   <banner>TMS320C2000 Linker Unix v6.1.3</banner>
   <copyright>Copyright (c) 1996-2012 Texas Instruments Incorporated</copyright>
   <link_time>0x523fb8ee</link_time>
   <output_file>can_master.out</output_file>
   <entry_point>
      <name>_c_int00</name>
      <address>0x3f8429</address>
   </entry_point>
   <input_file_list>
      <input_file id="fl-2">
         <path>./</path>
         <kind>object</kind>
         <file>main.obj</file>
         <name>main.obj</name>
      </input_file>
      <input_file id="fl-3">
         <path>./</path>
         <kind>object</kind>
         <file>DSP281x_usDelay.obj</file>
         <name>DSP281x_usDelay.obj</name>
      </input_file>
      <input_file id="fl-4">
         <path>./</path>
         <kind>object</kind>
         <file>DSP281x_SysCtrl.obj</file>
         <name>DSP281x_SysCtrl.obj</name>
      </input_file>
      <input_file id="fl-5">
         <path>./</path>
         <kind>object</kind>
         <file>DSP281x_PieVect.obj</file>
         <name>DSP281x_PieVect.obj</name>
      </input_file>
      <input_file id="fl-6">
         <path>./</path>
         <kind>object</kind>
         <file>DSP281x_PieCtrl.obj</file>
         <name>DSP281x_PieCtrl.obj</name>
      </input_file>
      <input_file id="fl-7">
         <path>./</path>
         <kind>object</kind>
         <file>DSP281x_Gpio.obj</file>
         <name>DSP281x_Gpio.obj</name>
      </input_file>
      <input_file id="fl-8">
         <path>./</path>
         <kind>object</kind>
         <file>DSP281x_GlobalVariableDefs.obj</file>
         <name>DSP281x_GlobalVariableDefs.obj</name>
      </input_file>
      <input_file id="fl-9">
         <path>./</path>
         <kind>object</kind>
         <file>DSP281x_Ev.obj</file>
         <name>DSP281x_Ev.obj</name>
      </input_file>
      <input_file id="fl-a">
         <path>./</path>
         <kind>object</kind>
         <file>DSP281x_ECan.obj</file>
         <name>DSP281x_ECan.obj</name>
      </input_file>
      <input_file id="fl-b">
         <path>./</path>
         <kind>object</kind>
         <file>DSP281x_DefaultISR.obj</file>
         <name>DSP281x_DefaultISR.obj</name>
      </input_file>
      <input_file id="fl-c">
         <path>./</path>
         <kind>object</kind>
         <file>DSP281x_CodeStartBranch.obj</file>
         <name>DSP281x_CodeStartBranch.obj</name>
      </input_file>
      <input_file id="fl-1c">
         <path>/opt/ti/ccsv5/tools/compiler/c2000_6.1.3/lib/</path>
         <kind>archive</kind>
         <file>rts2800_ml.lib</file>
         <name>boot.obj</name>
      </input_file>
      <input_file id="fl-1d">
         <path>/opt/ti/ccsv5/tools/compiler/c2000_6.1.3/lib/</path>
         <kind>archive</kind>
         <file>rts2800_ml.lib</file>
         <name>exit.obj</name>
      </input_file>
      <input_file id="fl-1e">
         <path>/opt/ti/ccsv5/tools/compiler/c2000_6.1.3/lib/</path>
         <kind>archive</kind>
         <file>rts2800_ml.lib</file>
         <name>l_div.obj</name>
      </input_file>
      <input_file id="fl-1f">
         <path>/opt/ti/ccsv5/tools/compiler/c2000_6.1.3/lib/</path>
         <kind>archive</kind>
         <file>rts2800_ml.lib</file>
         <name>_lock.obj</name>
      </input_file>
      <input_file id="fl-20">
         <path>/opt/ti/ccsv5/tools/compiler/c2000_6.1.3/lib/</path>
         <kind>archive</kind>
         <file>rts2800_ml.lib</file>
         <name>args_main.obj</name>
      </input_file>
   </input_file_list>
   <object_component_list>
      <object_component id="oc-63">
         <name>PieVectTableFile</name>
         <uninitialized>true</uninitialized>
         <run_address>0xd00</run_address>
         <size>0x100</size>
         <input_file_ref idref="fl-8"/>
      </object_component>
      <object_component id="oc-62">
         <name>DevEmuRegsFile</name>
         <uninitialized>true</uninitialized>
         <run_address>0x880</run_address>
         <size>0xd0</size>
         <input_file_ref idref="fl-8"/>
      </object_component>
      <object_component id="oc-4c">
         <name>FlashRegsFile</name>
         <uninitialized>true</uninitialized>
         <run_address>0xa80</run_address>
         <size>0x8</size>
         <input_file_ref idref="fl-8"/>
      </object_component>
      <object_component id="oc-53">
         <name>CsmRegsFile</name>
         <uninitialized>true</uninitialized>
         <run_address>0xae0</run_address>
         <size>0x10</size>
         <input_file_ref idref="fl-8"/>
      </object_component>
      <object_component id="oc-57">
         <name>XintfRegsFile</name>
         <uninitialized>true</uninitialized>
         <run_address>0xb20</run_address>
         <size>0x20</size>
         <input_file_ref idref="fl-8"/>
      </object_component>
      <object_component id="oc-4d">
         <name>CpuTimer0RegsFile</name>
         <uninitialized>true</uninitialized>
         <run_address>0xc00</run_address>
         <size>0x8</size>
         <input_file_ref idref="fl-8"/>
      </object_component>
      <object_component id="oc-4e">
         <name>CpuTimer1RegsFile</name>
         <uninitialized>true</uninitialized>
         <run_address>0xc08</run_address>
         <size>0x8</size>
         <input_file_ref idref="fl-8"/>
      </object_component>
      <object_component id="oc-4b">
         <name>CpuTimer2RegsFile</name>
         <uninitialized>true</uninitialized>
         <run_address>0xc10</run_address>
         <size>0x8</size>
         <input_file_ref idref="fl-8"/>
      </object_component>
      <object_component id="oc-56">
         <name>PieCtrlRegsFile</name>
         <uninitialized>true</uninitialized>
         <run_address>0xce0</run_address>
         <size>0x1a</size>
         <input_file_ref idref="fl-8"/>
      </object_component>
      <object_component id="oc-5e">
         <name>ECanaRegsFile</name>
         <uninitialized>true</uninitialized>
         <run_address>0x6000</run_address>
         <size>0x34</size>
         <input_file_ref idref="fl-8"/>
      </object_component>
      <object_component id="oc-60">
         <name>ECanaLAMRegsFile</name>
         <uninitialized>true</uninitialized>
         <run_address>0x6040</run_address>
         <size>0x40</size>
         <input_file_ref idref="fl-8"/>
      </object_component>
      <object_component id="oc-64">
         <name>ECanaMboxesFile</name>
         <uninitialized>true</uninitialized>
         <run_address>0x6100</run_address>
         <size>0x100</size>
         <input_file_ref idref="fl-8"/>
      </object_component>
      <object_component id="oc-5f">
         <name>ECanaMOTSRegsFile</name>
         <uninitialized>true</uninitialized>
         <run_address>0x6080</run_address>
         <size>0x40</size>
         <input_file_ref idref="fl-8"/>
      </object_component>
      <object_component id="oc-61">
         <name>ECanaMOTORegsFile</name>
         <uninitialized>true</uninitialized>
         <run_address>0x60c0</run_address>
         <size>0x40</size>
         <input_file_ref idref="fl-8"/>
      </object_component>
      <object_component id="oc-58">
         <name>SysCtrlRegsFile</name>
         <uninitialized>true</uninitialized>
         <run_address>0x7010</run_address>
         <size>0x20</size>
         <input_file_ref idref="fl-8"/>
      </object_component>
      <object_component id="oc-51">
         <name>SpiaRegsFile</name>
         <uninitialized>true</uninitialized>
         <run_address>0x7040</run_address>
         <size>0x10</size>
         <input_file_ref idref="fl-8"/>
      </object_component>
      <object_component id="oc-52">
         <name>SciaRegsFile</name>
         <uninitialized>true</uninitialized>
         <run_address>0x7050</run_address>
         <size>0x10</size>
         <input_file_ref idref="fl-8"/>
      </object_component>
      <object_component id="oc-54">
         <name>XIntruptRegsFile</name>
         <uninitialized>true</uninitialized>
         <run_address>0x7070</run_address>
         <size>0x10</size>
         <input_file_ref idref="fl-8"/>
      </object_component>
      <object_component id="oc-59">
         <name>GpioMuxRegsFile</name>
         <uninitialized>true</uninitialized>
         <run_address>0x70c0</run_address>
         <size>0x20</size>
         <input_file_ref idref="fl-8"/>
      </object_component>
      <object_component id="oc-5a">
         <name>GpioDataRegsFile</name>
         <uninitialized>true</uninitialized>
         <run_address>0x70e0</run_address>
         <size>0x20</size>
         <input_file_ref idref="fl-8"/>
      </object_component>
      <object_component id="oc-55">
         <name>AdcRegsFile</name>
         <uninitialized>true</uninitialized>
         <run_address>0x7100</run_address>
         <size>0x1a</size>
         <input_file_ref idref="fl-8"/>
      </object_component>
      <object_component id="oc-5c">
         <name>EvaRegsFile</name>
         <uninitialized>true</uninitialized>
         <run_address>0x7400</run_address>
         <size>0x32</size>
         <input_file_ref idref="fl-8"/>
      </object_component>
      <object_component id="oc-5d">
         <name>EvbRegsFile</name>
         <uninitialized>true</uninitialized>
         <run_address>0x7500</run_address>
         <size>0x32</size>
         <input_file_ref idref="fl-8"/>
      </object_component>
      <object_component id="oc-50">
         <name>ScibRegsFile</name>
         <uninitialized>true</uninitialized>
         <run_address>0x7750</run_address>
         <size>0x10</size>
         <input_file_ref idref="fl-8"/>
      </object_component>
      <object_component id="oc-5b">
         <name>McbspaRegsFile</name>
         <uninitialized>true</uninitialized>
         <run_address>0x7800</run_address>
         <size>0x25</size>
         <input_file_ref idref="fl-8"/>
      </object_component>
      <object_component id="oc-4f">
         <name>CsmPwlFile</name>
         <uninitialized>true</uninitialized>
         <run_address>0x3f7ff8</run_address>
         <size>0x8</size>
         <input_file_ref idref="fl-8"/>
      </object_component>
      <object_component id="oc-76">
         <name>codestart</name>
         <load_address>0x3f8000</load_address>
         <run_address>0x3f8000</run_address>
         <size>0x2</size>
         <input_file_ref idref="fl-c"/>
      </object_component>
      <object_component id="oc-36">
         <name>ramfuncs</name>
         <load_address>0x3f85bb</load_address>
         <run_address>0x3f85bb</run_address>
         <size>0x17</size>
         <input_file_ref idref="fl-4"/>
      </object_component>
      <object_component id="oc-30">
         <name>ramfuncs</name>
         <load_address>0x3f85d2</load_address>
         <run_address>0x3f85d2</run_address>
         <size>0x4</size>
         <input_file_ref idref="fl-3"/>
      </object_component>
      <object_component id="oc-28">
         <name>.text</name>
         <load_address>0x3f8002</load_address>
         <run_address>0x3f8002</run_address>
         <size>0x184</size>
         <input_file_ref idref="fl-2"/>
      </object_component>
      <object_component id="oc-71">
         <name>.text:retain</name>
         <load_address>0x3f8186</load_address>
         <run_address>0x3f8186</run_address>
         <size>0x14f</size>
         <input_file_ref idref="fl-b"/>
      </object_component>
      <object_component id="oc-6b">
         <name>.text</name>
         <load_address>0x3f82d5</load_address>
         <run_address>0x3f82d5</run_address>
         <size>0x84</size>
         <input_file_ref idref="fl-a"/>
      </object_component>
      <object_component id="oc-34">
         <name>.text</name>
         <load_address>0x3f8359</load_address>
         <run_address>0x3f8359</run_address>
         <size>0x82</size>
         <input_file_ref idref="fl-4"/>
      </object_component>
      <object_component id="oc-2c">
         <name>.text:retain</name>
         <load_address>0x3f83db</load_address>
         <run_address>0x3f83db</run_address>
         <size>0x4e</size>
         <input_file_ref idref="fl-2"/>
      </object_component>
      <object_component id="oc-27">
         <name>.text</name>
         <load_address>0x3f8429</load_address>
         <run_address>0x3f8429</run_address>
         <size>0x44</size>
         <input_file_ref idref="fl-1c"/>
      </object_component>
      <object_component id="oc-85">
         <name>.text</name>
         <load_address>0x3f846d</load_address>
         <run_address>0x3f846d</run_address>
         <size>0x2a</size>
         <input_file_ref idref="fl-1e"/>
      </object_component>
      <object_component id="oc-40">
         <name>.text</name>
         <load_address>0x3f8497</load_address>
         <run_address>0x3f8497</run_address>
         <size>0x28</size>
         <input_file_ref idref="fl-6"/>
      </object_component>
      <object_component id="oc-3a">
         <name>.text</name>
         <load_address>0x3f84bf</load_address>
         <run_address>0x3f84bf</run_address>
         <size>0x20</size>
         <input_file_ref idref="fl-5"/>
      </object_component>
      <object_component id="oc-8f">
         <name>.text</name>
         <load_address>0x3f84df</load_address>
         <run_address>0x3f84df</run_address>
         <size>0x19</size>
         <input_file_ref idref="fl-20"/>
      </object_component>
      <object_component id="oc-7f">
         <name>.text</name>
         <load_address>0x3f84f8</load_address>
         <run_address>0x3f84f8</run_address>
         <size>0x19</size>
         <input_file_ref idref="fl-1d"/>
      </object_component>
      <object_component id="oc-45">
         <name>.text</name>
         <load_address>0x3f8511</load_address>
         <run_address>0x3f8511</run_address>
         <size>0x15</size>
         <input_file_ref idref="fl-7"/>
      </object_component>
      <object_component id="oc-89">
         <name>.text</name>
         <load_address>0x3f8526</load_address>
         <run_address>0x3f8526</run_address>
         <size>0x9</size>
         <input_file_ref idref="fl-1f"/>
      </object_component>
      <object_component id="oc-75">
         <name>.text</name>
         <load_address>0x3f852f</load_address>
         <run_address>0x3f852f</run_address>
         <size>0x8</size>
         <input_file_ref idref="fl-c"/>
      </object_component>
      <object_component id="oc-66">
         <name>.text</name>
         <load_address>0x3f8537</load_address>
         <run_address>0x3f8537</run_address>
         <size>0x1</size>
         <input_file_ref idref="fl-9"/>
      </object_component>
      <object_component id="oc-2a">
         <name>.cinit</name>
         <load_address>0x3f8538</load_address>
         <run_address>0x3f8538</run_address>
         <size>0x6d</size>
         <input_file_ref idref="fl-2"/>
      </object_component>
      <object_component id="oc-8b">
         <name>.cinit</name>
         <load_address>0x3f85a5</load_address>
         <run_address>0x3f85a5</run_address>
         <size>0xa</size>
         <input_file_ref idref="fl-1f"/>
      </object_component>
      <object_component id="oc-81">
         <name>.cinit</name>
         <load_address>0x3f85af</load_address>
         <run_address>0x3f85af</run_address>
         <size>0xa</size>
         <input_file_ref idref="fl-1d"/>
      </object_component>
      <object_component id="oc-7b">
         <name>.reset</name>
         <load_address>0x3fffc0</load_address>
         <run_address>0x3fffc0</run_address>
         <size>0x2</size>
         <input_file_ref idref="fl-1c"/>
      </object_component>
      <object_component id="oc-7a">
         <name>.stack</name>
         <uninitialized>true</uninitialized>
         <run_address>0x400</run_address>
         <size>0x0</size>
         <input_file_ref idref="fl-1c"/>
      </object_component>
      <object_component id="oc-c1">
         <name>.stack</name>
         <uninitialized>true</uninitialized>
         <run_address>0x400</run_address>
         <size>0x0</size>
      </object_component>
      <object_component id="oc-2b">
         <name>.ebss</name>
         <uninitialized>true</uninitialized>
         <run_address>0x3f9100</run_address>
         <size>0x2c</size>
         <input_file_ref idref="fl-2"/>
      </object_component>
      <object_component id="oc-82">
         <name>.ebss</name>
         <uninitialized>true</uninitialized>
         <run_address>0x3f9130</run_address>
         <size>0x4</size>
         <input_file_ref idref="fl-1d"/>
      </object_component>
      <object_component id="oc-8c">
         <name>.ebss</name>
         <uninitialized>true</uninitialized>
         <run_address>0x3f912c</run_address>
         <size>0x4</size>
         <input_file_ref idref="fl-1f"/>
      </object_component>
      <object_component id="oc-3c">
         <name>.econst</name>
         <load_address>0x3f9000</load_address>
         <run_address>0x3f9000</run_address>
         <size>0x100</size>
         <input_file_ref idref="fl-5"/>
      </object_component>
      <object_component id="oc-29">
         <name>.debug_info</name>
         <load_address>0x0</load_address>
         <run_address>0x0</run_address>
         <size>0x939f</size>
         <input_file_ref idref="fl-2"/>
      </object_component>
      <object_component id="oc-31">
         <name>.debug_info</name>
         <load_address>0x939f</load_address>
         <run_address>0x939f</run_address>
         <size>0xe0</size>
         <input_file_ref idref="fl-3"/>
      </object_component>
      <object_component id="oc-35">
         <name>.debug_info</name>
         <load_address>0x947f</load_address>
         <run_address>0x947f</run_address>
         <size>0x14f3</size>
         <input_file_ref idref="fl-4"/>
      </object_component>
      <object_component id="oc-3b">
         <name>.debug_info</name>
         <load_address>0xa972</load_address>
         <run_address>0xa972</run_address>
         <size>0x1fd6</size>
         <input_file_ref idref="fl-5"/>
      </object_component>
      <object_component id="oc-41">
         <name>.debug_info</name>
         <load_address>0xc948</load_address>
         <run_address>0xc948</run_address>
         <size>0xa5a</size>
         <input_file_ref idref="fl-6"/>
      </object_component>
      <object_component id="oc-46">
         <name>.debug_info</name>
         <load_address>0xd3a2</load_address>
         <run_address>0xd3a2</run_address>
         <size>0x3d26</size>
         <input_file_ref idref="fl-7"/>
      </object_component>
      <object_component id="oc-4a">
         <name>.debug_info</name>
         <load_address>0x110c8</load_address>
         <run_address>0x110c8</run_address>
         <size>0x13023</size>
         <input_file_ref idref="fl-8"/>
      </object_component>
      <object_component id="oc-67">
         <name>.debug_info</name>
         <load_address>0x240eb</load_address>
         <run_address>0x240eb</run_address>
         <size>0x2de</size>
         <input_file_ref idref="fl-9"/>
      </object_component>
      <object_component id="oc-6c">
         <name>.debug_info</name>
         <load_address>0x243c9</load_address>
         <run_address>0x243c9</run_address>
         <size>0x5bb8</size>
         <input_file_ref idref="fl-a"/>
      </object_component>
      <object_component id="oc-70">
         <name>.debug_info</name>
         <load_address>0x29f81</load_address>
         <run_address>0x29f81</run_address>
         <size>0x2daf</size>
         <input_file_ref idref="fl-b"/>
      </object_component>
      <object_component id="oc-77">
         <name>.debug_info</name>
         <load_address>0x2cd30</load_address>
         <run_address>0x2cd30</run_address>
         <size>0x11c</size>
         <input_file_ref idref="fl-c"/>
      </object_component>
      <object_component id="oc-7c">
         <name>.debug_info</name>
         <load_address>0x2ce4c</load_address>
         <run_address>0x2ce4c</run_address>
         <size>0xdf</size>
         <input_file_ref idref="fl-1c"/>
      </object_component>
      <object_component id="oc-80">
         <name>.debug_info</name>
         <load_address>0x2cf2b</load_address>
         <run_address>0x2cf2b</run_address>
         <size>0x3f0</size>
         <input_file_ref idref="fl-1d"/>
      </object_component>
      <object_component id="oc-86">
         <name>.debug_info</name>
         <load_address>0x2d31b</load_address>
         <run_address>0x2d31b</run_address>
         <size>0x14f</size>
         <input_file_ref idref="fl-1e"/>
      </object_component>
      <object_component id="oc-8a">
         <name>.debug_info</name>
         <load_address>0x2d46a</load_address>
         <run_address>0x2d46a</run_address>
         <size>0x3cf</size>
         <input_file_ref idref="fl-1f"/>
      </object_component>
      <object_component id="oc-90">
         <name>.debug_info</name>
         <load_address>0x2d839</load_address>
         <run_address>0x2d839</run_address>
         <size>0x39b</size>
         <input_file_ref idref="fl-20"/>
      </object_component>
      <object_component id="oc-c2">
         <name>.debug_info</name>
         <load_address>0x2dbd4</load_address>
         <run_address>0x2dbd4</run_address>
         <size>0x71</size>
      </object_component>
      <object_component id="oc-2d">
         <name>.debug_frame</name>
         <load_address>0x0</load_address>
         <run_address>0x0</run_address>
         <size>0x1f6</size>
         <input_file_ref idref="fl-2"/>
      </object_component>
      <object_component id="oc-37">
         <name>.debug_frame</name>
         <load_address>0x1f6</load_address>
         <run_address>0x1f6</run_address>
         <size>0x116</size>
         <input_file_ref idref="fl-4"/>
      </object_component>
      <object_component id="oc-3d">
         <name>.debug_frame</name>
         <load_address>0x30c</load_address>
         <run_address>0x30c</run_address>
         <size>0x80</size>
         <input_file_ref idref="fl-5"/>
      </object_component>
      <object_component id="oc-42">
         <name>.debug_frame</name>
         <load_address>0x38c</load_address>
         <run_address>0x38c</run_address>
         <size>0x92</size>
         <input_file_ref idref="fl-6"/>
      </object_component>
      <object_component id="oc-47">
         <name>.debug_frame</name>
         <load_address>0x41e</load_address>
         <run_address>0x41e</run_address>
         <size>0x7a</size>
         <input_file_ref idref="fl-7"/>
      </object_component>
      <object_component id="oc-68">
         <name>.debug_frame</name>
         <load_address>0x498</load_address>
         <run_address>0x498</run_address>
         <size>0x7a</size>
         <input_file_ref idref="fl-9"/>
      </object_component>
      <object_component id="oc-6d">
         <name>.debug_frame</name>
         <load_address>0x512</load_address>
         <run_address>0x512</run_address>
         <size>0x81</size>
         <input_file_ref idref="fl-a"/>
      </object_component>
      <object_component id="oc-72">
         <name>.debug_frame</name>
         <load_address>0x593</load_address>
         <run_address>0x593</run_address>
         <size>0x6ed</size>
         <input_file_ref idref="fl-b"/>
      </object_component>
      <object_component id="oc-2e">
         <name>.debug_line</name>
         <load_address>0x0</load_address>
         <run_address>0x0</run_address>
         <size>0x21a</size>
         <input_file_ref idref="fl-2"/>
      </object_component>
      <object_component id="oc-32">
         <name>.debug_line</name>
         <load_address>0x21a</load_address>
         <run_address>0x21a</run_address>
         <size>0x44</size>
         <input_file_ref idref="fl-3"/>
      </object_component>
      <object_component id="oc-38">
         <name>.debug_line</name>
         <load_address>0x25e</load_address>
         <run_address>0x25e</run_address>
         <size>0x123</size>
         <input_file_ref idref="fl-4"/>
      </object_component>
      <object_component id="oc-3e">
         <name>.debug_line</name>
         <load_address>0x381</load_address>
         <run_address>0x381</run_address>
         <size>0x62</size>
         <input_file_ref idref="fl-5"/>
      </object_component>
      <object_component id="oc-43">
         <name>.debug_line</name>
         <load_address>0x3e3</load_address>
         <run_address>0x3e3</run_address>
         <size>0x82</size>
         <input_file_ref idref="fl-6"/>
      </object_component>
      <object_component id="oc-48">
         <name>.debug_line</name>
         <load_address>0x465</load_address>
         <run_address>0x465</run_address>
         <size>0x4e</size>
         <input_file_ref idref="fl-7"/>
      </object_component>
      <object_component id="oc-69">
         <name>.debug_line</name>
         <load_address>0x4b3</load_address>
         <run_address>0x4b3</run_address>
         <size>0x3e</size>
         <input_file_ref idref="fl-9"/>
      </object_component>
      <object_component id="oc-6e">
         <name>.debug_line</name>
         <load_address>0x4f1</load_address>
         <run_address>0x4f1</run_address>
         <size>0xa1</size>
         <input_file_ref idref="fl-a"/>
      </object_component>
      <object_component id="oc-73">
         <name>.debug_line</name>
         <load_address>0x592</load_address>
         <run_address>0x592</run_address>
         <size>0x628</size>
         <input_file_ref idref="fl-b"/>
      </object_component>
      <object_component id="oc-78">
         <name>.debug_line</name>
         <load_address>0xbba</load_address>
         <run_address>0xbba</run_address>
         <size>0x5d</size>
         <input_file_ref idref="fl-c"/>
      </object_component>
      <object_component id="oc-7d">
         <name>.debug_line</name>
         <load_address>0xc17</load_address>
         <run_address>0xc17</run_address>
         <size>0x70</size>
         <input_file_ref idref="fl-1c"/>
      </object_component>
      <object_component id="oc-83">
         <name>.debug_line</name>
         <load_address>0xc87</load_address>
         <run_address>0xc87</run_address>
         <size>0x4f</size>
         <input_file_ref idref="fl-1d"/>
      </object_component>
      <object_component id="oc-87">
         <name>.debug_line</name>
         <load_address>0xcd6</load_address>
         <run_address>0xcd6</run_address>
         <size>0x8b</size>
         <input_file_ref idref="fl-1e"/>
      </object_component>
      <object_component id="oc-8d">
         <name>.debug_line</name>
         <load_address>0xd61</load_address>
         <run_address>0xd61</run_address>
         <size>0x57</size>
         <input_file_ref idref="fl-1f"/>
      </object_component>
      <object_component id="oc-91">
         <name>.debug_line</name>
         <load_address>0xdb8</load_address>
         <run_address>0xdb8</run_address>
         <size>0x41</size>
         <input_file_ref idref="fl-20"/>
      </object_component>
      <object_component id="oc-2f">
         <name>.debug_abbrev</name>
         <load_address>0x0</load_address>
         <run_address>0x0</run_address>
         <size>0x1e6</size>
         <input_file_ref idref="fl-2"/>
      </object_component>
      <object_component id="oc-33">
         <name>.debug_abbrev</name>
         <load_address>0x1e6</load_address>
         <run_address>0x1e6</run_address>
         <size>0x2c</size>
         <input_file_ref idref="fl-3"/>
      </object_component>
      <object_component id="oc-39">
         <name>.debug_abbrev</name>
         <load_address>0x212</load_address>
         <run_address>0x212</run_address>
         <size>0x13b</size>
         <input_file_ref idref="fl-4"/>
      </object_component>
      <object_component id="oc-3f">
         <name>.debug_abbrev</name>
         <load_address>0x34d</load_address>
         <run_address>0x34d</run_address>
         <size>0x124</size>
         <input_file_ref idref="fl-5"/>
      </object_component>
      <object_component id="oc-44">
         <name>.debug_abbrev</name>
         <load_address>0x471</load_address>
         <run_address>0x471</run_address>
         <size>0xbb</size>
         <input_file_ref idref="fl-6"/>
      </object_component>
      <object_component id="oc-49">
         <name>.debug_abbrev</name>
         <load_address>0x52c</load_address>
         <run_address>0x52c</run_address>
         <size>0xcd</size>
         <input_file_ref idref="fl-7"/>
      </object_component>
      <object_component id="oc-65">
         <name>.debug_abbrev</name>
         <load_address>0x5f9</load_address>
         <run_address>0x5f9</run_address>
         <size>0xb3</size>
         <input_file_ref idref="fl-8"/>
      </object_component>
      <object_component id="oc-6a">
         <name>.debug_abbrev</name>
         <load_address>0x6ac</load_address>
         <run_address>0x6ac</run_address>
         <size>0x5a</size>
         <input_file_ref idref="fl-9"/>
      </object_component>
      <object_component id="oc-6f">
         <name>.debug_abbrev</name>
         <load_address>0x706</load_address>
         <run_address>0x706</run_address>
         <size>0x101</size>
         <input_file_ref idref="fl-a"/>
      </object_component>
      <object_component id="oc-74">
         <name>.debug_abbrev</name>
         <load_address>0x807</load_address>
         <run_address>0x807</run_address>
         <size>0xdc</size>
         <input_file_ref idref="fl-b"/>
      </object_component>
      <object_component id="oc-79">
         <name>.debug_abbrev</name>
         <load_address>0x8e3</load_address>
         <run_address>0x8e3</run_address>
         <size>0x20</size>
         <input_file_ref idref="fl-c"/>
      </object_component>
      <object_component id="oc-7e">
         <name>.debug_abbrev</name>
         <load_address>0x903</load_address>
         <run_address>0x903</run_address>
         <size>0x46</size>
         <input_file_ref idref="fl-1c"/>
      </object_component>
      <object_component id="oc-84">
         <name>.debug_abbrev</name>
         <load_address>0x949</load_address>
         <run_address>0x949</run_address>
         <size>0xe8</size>
         <input_file_ref idref="fl-1d"/>
      </object_component>
      <object_component id="oc-88">
         <name>.debug_abbrev</name>
         <load_address>0xa31</load_address>
         <run_address>0xa31</run_address>
         <size>0x38</size>
         <input_file_ref idref="fl-1e"/>
      </object_component>
      <object_component id="oc-8e">
         <name>.debug_abbrev</name>
         <load_address>0xa69</load_address>
         <run_address>0xa69</run_address>
         <size>0x90</size>
         <input_file_ref idref="fl-1f"/>
      </object_component>
      <object_component id="oc-92">
         <name>.debug_abbrev</name>
         <load_address>0xaf9</load_address>
         <run_address>0xaf9</run_address>
         <size>0xdd</size>
         <input_file_ref idref="fl-20"/>
      </object_component>
      <object_component id="oc-c3">
         <name>.debug_abbrev</name>
         <load_address>0xbd6</load_address>
         <run_address>0xbd6</run_address>
         <size>0xd</size>
      </object_component>
   </object_component_list>
   <logical_group_list>
      <logical_group id="lg-2">
         <name>PieVectTableFile</name>
         <run_address>0xd00</run_address>
         <size>0x100</size>
         <contents>
            <object_component_ref idref="oc-63"/>
         </contents>
      </logical_group>
      <logical_group id="lg-3">
         <name>DevEmuRegsFile</name>
         <run_address>0x880</run_address>
         <size>0xd0</size>
         <contents>
            <object_component_ref idref="oc-62"/>
         </contents>
      </logical_group>
      <logical_group id="lg-4">
         <name>FlashRegsFile</name>
         <run_address>0xa80</run_address>
         <size>0x8</size>
         <contents>
            <object_component_ref idref="oc-4c"/>
         </contents>
      </logical_group>
      <logical_group id="lg-5">
         <name>CsmRegsFile</name>
         <run_address>0xae0</run_address>
         <size>0x10</size>
         <contents>
            <object_component_ref idref="oc-53"/>
         </contents>
      </logical_group>
      <logical_group id="lg-6">
         <name>XintfRegsFile</name>
         <run_address>0xb20</run_address>
         <size>0x20</size>
         <contents>
            <object_component_ref idref="oc-57"/>
         </contents>
      </logical_group>
      <logical_group id="lg-7">
         <name>CpuTimer0RegsFile</name>
         <run_address>0xc00</run_address>
         <size>0x8</size>
         <contents>
            <object_component_ref idref="oc-4d"/>
         </contents>
      </logical_group>
      <logical_group id="lg-8">
         <name>CpuTimer1RegsFile</name>
         <run_address>0xc08</run_address>
         <size>0x8</size>
         <contents>
            <object_component_ref idref="oc-4e"/>
         </contents>
      </logical_group>
      <logical_group id="lg-9">
         <name>CpuTimer2RegsFile</name>
         <run_address>0xc10</run_address>
         <size>0x8</size>
         <contents>
            <object_component_ref idref="oc-4b"/>
         </contents>
      </logical_group>
      <logical_group id="lg-a">
         <name>PieCtrlRegsFile</name>
         <run_address>0xce0</run_address>
         <size>0x1a</size>
         <contents>
            <object_component_ref idref="oc-56"/>
         </contents>
      </logical_group>
      <logical_group id="lg-b">
         <name>ECanaRegsFile</name>
         <run_address>0x6000</run_address>
         <size>0x34</size>
         <contents>
            <object_component_ref idref="oc-5e"/>
         </contents>
      </logical_group>
      <logical_group id="lg-c">
         <name>ECanaLAMRegsFile</name>
         <run_address>0x6040</run_address>
         <size>0x40</size>
         <contents>
            <object_component_ref idref="oc-60"/>
         </contents>
      </logical_group>
      <logical_group id="lg-d">
         <name>ECanaMboxesFile</name>
         <run_address>0x6100</run_address>
         <size>0x100</size>
         <contents>
            <object_component_ref idref="oc-64"/>
         </contents>
      </logical_group>
      <logical_group id="lg-e">
         <name>ECanaMOTSRegsFile</name>
         <run_address>0x6080</run_address>
         <size>0x40</size>
         <contents>
            <object_component_ref idref="oc-5f"/>
         </contents>
      </logical_group>
      <logical_group id="lg-f">
         <name>ECanaMOTORegsFile</name>
         <run_address>0x60c0</run_address>
         <size>0x40</size>
         <contents>
            <object_component_ref idref="oc-61"/>
         </contents>
      </logical_group>
      <logical_group id="lg-10">
         <name>SysCtrlRegsFile</name>
         <run_address>0x7010</run_address>
         <size>0x20</size>
         <contents>
            <object_component_ref idref="oc-58"/>
         </contents>
      </logical_group>
      <logical_group id="lg-11">
         <name>SpiaRegsFile</name>
         <run_address>0x7040</run_address>
         <size>0x10</size>
         <contents>
            <object_component_ref idref="oc-51"/>
         </contents>
      </logical_group>
      <logical_group id="lg-12">
         <name>SciaRegsFile</name>
         <run_address>0x7050</run_address>
         <size>0x10</size>
         <contents>
            <object_component_ref idref="oc-52"/>
         </contents>
      </logical_group>
      <logical_group id="lg-13">
         <name>XIntruptRegsFile</name>
         <run_address>0x7070</run_address>
         <size>0x10</size>
         <contents>
            <object_component_ref idref="oc-54"/>
         </contents>
      </logical_group>
      <logical_group id="lg-14">
         <name>GpioMuxRegsFile</name>
         <run_address>0x70c0</run_address>
         <size>0x20</size>
         <contents>
            <object_component_ref idref="oc-59"/>
         </contents>
      </logical_group>
      <logical_group id="lg-15">
         <name>GpioDataRegsFile</name>
         <run_address>0x70e0</run_address>
         <size>0x20</size>
         <contents>
            <object_component_ref idref="oc-5a"/>
         </contents>
      </logical_group>
      <logical_group id="lg-16">
         <name>AdcRegsFile</name>
         <run_address>0x7100</run_address>
         <size>0x1a</size>
         <contents>
            <object_component_ref idref="oc-55"/>
         </contents>
      </logical_group>
      <logical_group id="lg-17">
         <name>EvaRegsFile</name>
         <run_address>0x7400</run_address>
         <size>0x32</size>
         <contents>
            <object_component_ref idref="oc-5c"/>
         </contents>
      </logical_group>
      <logical_group id="lg-18">
         <name>EvbRegsFile</name>
         <run_address>0x7500</run_address>
         <size>0x32</size>
         <contents>
            <object_component_ref idref="oc-5d"/>
         </contents>
      </logical_group>
      <logical_group id="lg-19">
         <name>ScibRegsFile</name>
         <run_address>0x7750</run_address>
         <size>0x10</size>
         <contents>
            <object_component_ref idref="oc-50"/>
         </contents>
      </logical_group>
      <logical_group id="lg-1a">
         <name>McbspaRegsFile</name>
         <run_address>0x7800</run_address>
         <size>0x25</size>
         <contents>
            <object_component_ref idref="oc-5b"/>
         </contents>
      </logical_group>
      <logical_group id="lg-1b">
         <name>CsmPwlFile</name>
         <run_address>0x3f7ff8</run_address>
         <size>0x8</size>
         <contents>
            <object_component_ref idref="oc-4f"/>
         </contents>
      </logical_group>
      <logical_group id="lg-1c">
         <name>codestart</name>
         <load_address>0x3f8000</load_address>
         <run_address>0x3f8000</run_address>
         <size>0x2</size>
         <contents>
            <object_component_ref idref="oc-76"/>
         </contents>
      </logical_group>
      <logical_group id="lg-1d">
         <name>ramfuncs</name>
         <load_address>0x3f85bb</load_address>
         <run_address>0x3f85bb</run_address>
         <size>0x1b</size>
         <contents>
            <object_component_ref idref="oc-36"/>
            <object_component_ref idref="oc-30"/>
         </contents>
      </logical_group>
      <logical_group id="lg-1e">
         <name>.text</name>
         <load_address>0x3f8002</load_address>
         <run_address>0x3f8002</run_address>
         <size>0x536</size>
         <contents>
            <object_component_ref idref="oc-28"/>
            <object_component_ref idref="oc-71"/>
            <object_component_ref idref="oc-6b"/>
            <object_component_ref idref="oc-34"/>
            <object_component_ref idref="oc-2c"/>
            <object_component_ref idref="oc-27"/>
            <object_component_ref idref="oc-85"/>
            <object_component_ref idref="oc-40"/>
            <object_component_ref idref="oc-3a"/>
            <object_component_ref idref="oc-8f"/>
            <object_component_ref idref="oc-7f"/>
            <object_component_ref idref="oc-45"/>
            <object_component_ref idref="oc-89"/>
            <object_component_ref idref="oc-75"/>
            <object_component_ref idref="oc-66"/>
         </contents>
      </logical_group>
      <logical_group id="lg-1f">
         <name>.cinit</name>
         <load_address>0x3f8538</load_address>
         <run_address>0x3f8538</run_address>
         <size>0x83</size>
         <contents>
            <object_component_ref idref="oc-2a"/>
            <object_component_ref idref="oc-8b"/>
            <object_component_ref idref="oc-81"/>
         </contents>
      </logical_group>
      <logical_group id="lg-20">
         <name>.pinit</name>
         <run_address>0x0</run_address>
         <size>0x0</size>
         <contents>
         </contents>
      </logical_group>
      <logical_group id="lg-21">
         <name>.switch</name>
         <run_address>0x0</run_address>
         <size>0x0</size>
         <contents>
         </contents>
      </logical_group>
      <logical_group id="lg-22">
         <name>.reset</name>
         <load_address>0x3fffc0</load_address>
         <run_address>0x3fffc0</run_address>
         <size>0x2</size>
         <contents>
            <object_component_ref idref="oc-7b"/>
         </contents>
      </logical_group>
      <logical_group id="lg-23">
         <name>.stack</name>
         <run_address>0x400</run_address>
         <size>0x400</size>
         <contents>
            <object_component_ref idref="oc-7a"/>
            <object_component_ref idref="oc-c1"/>
         </contents>
      </logical_group>
      <logical_group id="lg-24">
         <name>.ebss</name>
         <run_address>0x3f9100</run_address>
         <size>0x34</size>
         <contents>
            <object_component_ref idref="oc-2b"/>
            <object_component_ref idref="oc-82"/>
            <object_component_ref idref="oc-8c"/>
         </contents>
      </logical_group>
      <logical_group id="lg-25">
         <name>.econst</name>
         <load_address>0x3f9000</load_address>
         <run_address>0x3f9000</run_address>
         <size>0x100</size>
         <contents>
            <object_component_ref idref="oc-3c"/>
         </contents>
      </logical_group>
      <logical_group id="lg-26">
         <name>.esysmem</name>
         <run_address>0x0</run_address>
         <size>0x0</size>
         <contents>
         </contents>
      </logical_group>
      <logical_group id="lg-b8">
         <name>.debug_info</name>
         <load_address>0x0</load_address>
         <run_address>0x0</run_address>
         <size>0x2dc45</size>
         <contents>
            <object_component_ref idref="oc-29"/>
            <object_component_ref idref="oc-31"/>
            <object_component_ref idref="oc-35"/>
            <object_component_ref idref="oc-3b"/>
            <object_component_ref idref="oc-41"/>
            <object_component_ref idref="oc-46"/>
            <object_component_ref idref="oc-4a"/>
            <object_component_ref idref="oc-67"/>
            <object_component_ref idref="oc-6c"/>
            <object_component_ref idref="oc-70"/>
            <object_component_ref idref="oc-77"/>
            <object_component_ref idref="oc-7c"/>
            <object_component_ref idref="oc-80"/>
            <object_component_ref idref="oc-86"/>
            <object_component_ref idref="oc-8a"/>
            <object_component_ref idref="oc-90"/>
            <object_component_ref idref="oc-c2"/>
         </contents>
      </logical_group>
      <logical_group id="lg-ba">
         <name>.debug_frame</name>
         <load_address>0x0</load_address>
         <run_address>0x0</run_address>
         <size>0xc80</size>
         <contents>
            <object_component_ref idref="oc-2d"/>
            <object_component_ref idref="oc-37"/>
            <object_component_ref idref="oc-3d"/>
            <object_component_ref idref="oc-42"/>
            <object_component_ref idref="oc-47"/>
            <object_component_ref idref="oc-68"/>
            <object_component_ref idref="oc-6d"/>
            <object_component_ref idref="oc-72"/>
         </contents>
      </logical_group>
      <logical_group id="lg-bc">
         <name>.debug_line</name>
         <load_address>0x0</load_address>
         <run_address>0x0</run_address>
         <size>0xdf9</size>
         <contents>
            <object_component_ref idref="oc-2e"/>
            <object_component_ref idref="oc-32"/>
            <object_component_ref idref="oc-38"/>
            <object_component_ref idref="oc-3e"/>
            <object_component_ref idref="oc-43"/>
            <object_component_ref idref="oc-48"/>
            <object_component_ref idref="oc-69"/>
            <object_component_ref idref="oc-6e"/>
            <object_component_ref idref="oc-73"/>
            <object_component_ref idref="oc-78"/>
            <object_component_ref idref="oc-7d"/>
            <object_component_ref idref="oc-83"/>
            <object_component_ref idref="oc-87"/>
            <object_component_ref idref="oc-8d"/>
            <object_component_ref idref="oc-91"/>
         </contents>
      </logical_group>
      <logical_group id="lg-be">
         <name>.debug_abbrev</name>
         <load_address>0x0</load_address>
         <run_address>0x0</run_address>
         <size>0xbe3</size>
         <contents>
            <object_component_ref idref="oc-2f"/>
            <object_component_ref idref="oc-33"/>
            <object_component_ref idref="oc-39"/>
            <object_component_ref idref="oc-3f"/>
            <object_component_ref idref="oc-44"/>
            <object_component_ref idref="oc-49"/>
            <object_component_ref idref="oc-65"/>
            <object_component_ref idref="oc-6a"/>
            <object_component_ref idref="oc-6f"/>
            <object_component_ref idref="oc-74"/>
            <object_component_ref idref="oc-79"/>
            <object_component_ref idref="oc-7e"/>
            <object_component_ref idref="oc-84"/>
            <object_component_ref idref="oc-88"/>
            <object_component_ref idref="oc-8e"/>
            <object_component_ref idref="oc-92"/>
            <object_component_ref idref="oc-c3"/>
         </contents>
      </logical_group>
   </logical_group_list>
   <placement_map>
      <memory_area>
         <name>RAMM0</name>
         <page_id>0x0</page_id>
         <origin>0x0</origin>
         <length>0x400</length>
         <used_space>0x0</used_space>
         <unused_space>0x400</unused_space>
         <attributes>RWIX</attributes>
         <usage_details>
         </usage_details>
      </memory_area>
      <memory_area>
         <name>BEGIN</name>
         <page_id>0x0</page_id>
         <origin>0x3f8000</origin>
         <length>0x2</length>
         <used_space>0x2</used_space>
         <unused_space>0x0</unused_space>
         <attributes>RWIX</attributes>
         <usage_details>
            <allocated_space>
               <start_address>0x3f8000</start_address>
               <size>0x2</size>
               <logical_group_ref idref="lg-1c"/>
            </allocated_space>
         </usage_details>
      </memory_area>
      <memory_area>
         <name>PRAMH0</name>
         <page_id>0x0</page_id>
         <origin>0x3f8002</origin>
         <length>0xffe</length>
         <used_space>0x5d4</used_space>
         <unused_space>0xa2a</unused_space>
         <attributes>RWIX</attributes>
         <usage_details>
            <allocated_space>
               <start_address>0x3f8002</start_address>
               <size>0x536</size>
               <logical_group_ref idref="lg-1e"/>
            </allocated_space>
            <allocated_space>
               <start_address>0x3f8538</start_address>
               <size>0x83</size>
               <logical_group_ref idref="lg-1f"/>
            </allocated_space>
            <allocated_space>
               <start_address>0x3f85bb</start_address>
               <size>0x1b</size>
               <logical_group_ref idref="lg-1d"/>
            </allocated_space>
            <available_space>
               <start_address>0x3f85d6</start_address>
               <size>0xa2a</size>
            </available_space>
         </usage_details>
      </memory_area>
      <memory_area>
         <name>RESET</name>
         <page_id>0x0</page_id>
         <origin>0x3fffc0</origin>
         <length>0x2</length>
         <used_space>0x0</used_space>
         <unused_space>0x2</unused_space>
         <attributes>RWIX</attributes>
         <usage_details>
         </usage_details>
      </memory_area>
      <memory_area>
         <name>RAMM1</name>
         <page_id>0x1</page_id>
         <origin>0x400</origin>
         <length>0x400</length>
         <used_space>0x400</used_space>
         <unused_space>0x0</unused_space>
         <attributes>RWIX</attributes>
         <usage_details>
            <allocated_space>
               <start_address>0x400</start_address>
               <size>0x400</size>
               <logical_group_ref idref="lg-23"/>
            </allocated_space>
         </usage_details>
      </memory_area>
      <memory_area>
         <name>DEV_EMU</name>
         <page_id>0x1</page_id>
         <origin>0x880</origin>
         <length>0x180</length>
         <used_space>0xd0</used_space>
         <unused_space>0xb0</unused_space>
         <attributes>RWIX</attributes>
         <usage_details>
            <allocated_space>
               <start_address>0x880</start_address>
               <size>0xd0</size>
               <logical_group_ref idref="lg-3"/>
            </allocated_space>
            <available_space>
               <start_address>0x950</start_address>
               <size>0xb0</size>
            </available_space>
         </usage_details>
      </memory_area>
      <memory_area>
         <name>FLASH_REGS</name>
         <page_id>0x1</page_id>
         <origin>0xa80</origin>
         <length>0x60</length>
         <used_space>0x8</used_space>
         <unused_space>0x58</unused_space>
         <attributes>RWIX</attributes>
         <usage_details>
            <allocated_space>
               <start_address>0xa80</start_address>
               <size>0x8</size>
               <logical_group_ref idref="lg-4"/>
            </allocated_space>
            <available_space>
               <start_address>0xa88</start_address>
               <size>0x58</size>
            </available_space>
         </usage_details>
      </memory_area>
      <memory_area>
         <name>CSM</name>
         <page_id>0x1</page_id>
         <origin>0xae0</origin>
         <length>0x10</length>
         <used_space>0x10</used_space>
         <unused_space>0x0</unused_space>
         <attributes>RWIX</attributes>
         <usage_details>
            <allocated_space>
               <start_address>0xae0</start_address>
               <size>0x10</size>
               <logical_group_ref idref="lg-5"/>
            </allocated_space>
         </usage_details>
      </memory_area>
      <memory_area>
         <name>XINTF</name>
         <page_id>0x1</page_id>
         <origin>0xb20</origin>
         <length>0x20</length>
         <used_space>0x20</used_space>
         <unused_space>0x0</unused_space>
         <attributes>RWIX</attributes>
         <usage_details>
            <allocated_space>
               <start_address>0xb20</start_address>
               <size>0x20</size>
               <logical_group_ref idref="lg-6"/>
            </allocated_space>
         </usage_details>
      </memory_area>
      <memory_area>
         <name>CPU_TIMER0</name>
         <page_id>0x1</page_id>
         <origin>0xc00</origin>
         <length>0x8</length>
         <used_space>0x8</used_space>
         <unused_space>0x0</unused_space>
         <attributes>RWIX</attributes>
         <usage_details>
            <allocated_space>
               <start_address>0xc00</start_address>
               <size>0x8</size>
               <logical_group_ref idref="lg-7"/>
            </allocated_space>
         </usage_details>
      </memory_area>
      <memory_area>
         <name>CPU_TIMER1</name>
         <page_id>0x1</page_id>
         <origin>0xc08</origin>
         <length>0x8</length>
         <used_space>0x8</used_space>
         <unused_space>0x0</unused_space>
         <attributes>RWIX</attributes>
         <usage_details>
            <allocated_space>
               <start_address>0xc08</start_address>
               <size>0x8</size>
               <logical_group_ref idref="lg-8"/>
            </allocated_space>
         </usage_details>
      </memory_area>
      <memory_area>
         <name>CPU_TIMER2</name>
         <page_id>0x1</page_id>
         <origin>0xc10</origin>
         <length>0x8</length>
         <used_space>0x8</used_space>
         <unused_space>0x0</unused_space>
         <attributes>RWIX</attributes>
         <usage_details>
            <allocated_space>
               <start_address>0xc10</start_address>
               <size>0x8</size>
               <logical_group_ref idref="lg-9"/>
            </allocated_space>
         </usage_details>
      </memory_area>
      <memory_area>
         <name>PIE_CTRL</name>
         <page_id>0x1</page_id>
         <origin>0xce0</origin>
         <length>0x20</length>
         <used_space>0x1a</used_space>
         <unused_space>0x6</unused_space>
         <attributes>RWIX</attributes>
         <usage_details>
            <allocated_space>
               <start_address>0xce0</start_address>
               <size>0x1a</size>
               <logical_group_ref idref="lg-a"/>
            </allocated_space>
            <available_space>
               <start_address>0xcfa</start_address>
               <size>0x6</size>
            </available_space>
         </usage_details>
      </memory_area>
      <memory_area>
         <name>PIE_VECT</name>
         <page_id>0x1</page_id>
         <origin>0xd00</origin>
         <length>0x100</length>
         <used_space>0x100</used_space>
         <unused_space>0x0</unused_space>
         <attributes>RWIX</attributes>
         <usage_details>
            <allocated_space>
               <start_address>0xd00</start_address>
               <size>0x100</size>
               <logical_group_ref idref="lg-2"/>
            </allocated_space>
         </usage_details>
      </memory_area>
      <memory_area>
         <name>ECANA</name>
         <page_id>0x1</page_id>
         <origin>0x6000</origin>
         <length>0x40</length>
         <used_space>0x34</used_space>
         <unused_space>0xc</unused_space>
         <attributes>RWIX</attributes>
         <usage_details>
            <allocated_space>
               <start_address>0x6000</start_address>
               <size>0x34</size>
               <logical_group_ref idref="lg-b"/>
            </allocated_space>
            <available_space>
               <start_address>0x6034</start_address>
               <size>0xc</size>
            </available_space>
         </usage_details>
      </memory_area>
      <memory_area>
         <name>ECANA_LAM</name>
         <page_id>0x1</page_id>
         <origin>0x6040</origin>
         <length>0x40</length>
         <used_space>0x40</used_space>
         <unused_space>0x0</unused_space>
         <attributes>RWIX</attributes>
         <usage_details>
            <allocated_space>
               <start_address>0x6040</start_address>
               <size>0x40</size>
               <logical_group_ref idref="lg-c"/>
            </allocated_space>
         </usage_details>
      </memory_area>
      <memory_area>
         <name>ECANA_MOTS</name>
         <page_id>0x1</page_id>
         <origin>0x6080</origin>
         <length>0x40</length>
         <used_space>0x40</used_space>
         <unused_space>0x0</unused_space>
         <attributes>RWIX</attributes>
         <usage_details>
            <allocated_space>
               <start_address>0x6080</start_address>
               <size>0x40</size>
               <logical_group_ref idref="lg-e"/>
            </allocated_space>
         </usage_details>
      </memory_area>
      <memory_area>
         <name>ECANA_MOTO</name>
         <page_id>0x1</page_id>
         <origin>0x60c0</origin>
         <length>0x40</length>
         <used_space>0x40</used_space>
         <unused_space>0x0</unused_space>
         <attributes>RWIX</attributes>
         <usage_details>
            <allocated_space>
               <start_address>0x60c0</start_address>
               <size>0x40</size>
               <logical_group_ref idref="lg-f"/>
            </allocated_space>
         </usage_details>
      </memory_area>
      <memory_area>
         <name>ECANA_MBOX</name>
         <page_id>0x1</page_id>
         <origin>0x6100</origin>
         <length>0x100</length>
         <used_space>0x100</used_space>
         <unused_space>0x0</unused_space>
         <attributes>RWIX</attributes>
         <usage_details>
            <allocated_space>
               <start_address>0x6100</start_address>
               <size>0x100</size>
               <logical_group_ref idref="lg-d"/>
            </allocated_space>
         </usage_details>
      </memory_area>
      <memory_area>
         <name>SYSTEM</name>
         <page_id>0x1</page_id>
         <origin>0x7010</origin>
         <length>0x20</length>
         <used_space>0x20</used_space>
         <unused_space>0x0</unused_space>
         <attributes>RWIX</attributes>
         <usage_details>
            <allocated_space>
               <start_address>0x7010</start_address>
               <size>0x20</size>
               <logical_group_ref idref="lg-10"/>
            </allocated_space>
         </usage_details>
      </memory_area>
      <memory_area>
         <name>SPIA</name>
         <page_id>0x1</page_id>
         <origin>0x7040</origin>
         <length>0x10</length>
         <used_space>0x10</used_space>
         <unused_space>0x0</unused_space>
         <attributes>RWIX</attributes>
         <usage_details>
            <allocated_space>
               <start_address>0x7040</start_address>
               <size>0x10</size>
               <logical_group_ref idref="lg-11"/>
            </allocated_space>
         </usage_details>
      </memory_area>
      <memory_area>
         <name>SCIA</name>
         <page_id>0x1</page_id>
         <origin>0x7050</origin>
         <length>0x10</length>
         <used_space>0x10</used_space>
         <unused_space>0x0</unused_space>
         <attributes>RWIX</attributes>
         <usage_details>
            <allocated_space>
               <start_address>0x7050</start_address>
               <size>0x10</size>
               <logical_group_ref idref="lg-12"/>
            </allocated_space>
         </usage_details>
      </memory_area>
      <memory_area>
         <name>XINTRUPT</name>
         <page_id>0x1</page_id>
         <origin>0x7070</origin>
         <length>0x10</length>
         <used_space>0x10</used_space>
         <unused_space>0x0</unused_space>
         <attributes>RWIX</attributes>
         <usage_details>
            <allocated_space>
               <start_address>0x7070</start_address>
               <size>0x10</size>
               <logical_group_ref idref="lg-13"/>
            </allocated_space>
         </usage_details>
      </memory_area>
      <memory_area>
         <name>GPIOMUX</name>
         <page_id>0x1</page_id>
         <origin>0x70c0</origin>
         <length>0x20</length>
         <used_space>0x20</used_space>
         <unused_space>0x0</unused_space>
         <attributes>RWIX</attributes>
         <usage_details>
            <allocated_space>
               <start_address>0x70c0</start_address>
               <size>0x20</size>
               <logical_group_ref idref="lg-14"/>
            </allocated_space>
         </usage_details>
      </memory_area>
      <memory_area>
         <name>GPIODAT</name>
         <page_id>0x1</page_id>
         <origin>0x70e0</origin>
         <length>0x20</length>
         <used_space>0x20</used_space>
         <unused_space>0x0</unused_space>
         <attributes>RWIX</attributes>
         <usage_details>
            <allocated_space>
               <start_address>0x70e0</start_address>
               <size>0x20</size>
               <logical_group_ref idref="lg-15"/>
            </allocated_space>
         </usage_details>
      </memory_area>
      <memory_area>
         <name>ADC</name>
         <page_id>0x1</page_id>
         <origin>0x7100</origin>
         <length>0x20</length>
         <used_space>0x1a</used_space>
         <unused_space>0x6</unused_space>
         <attributes>RWIX</attributes>
         <usage_details>
            <allocated_space>
               <start_address>0x7100</start_address>
               <size>0x1a</size>
               <logical_group_ref idref="lg-16"/>
            </allocated_space>
            <available_space>
               <start_address>0x711a</start_address>
               <size>0x6</size>
            </available_space>
         </usage_details>
      </memory_area>
      <memory_area>
         <name>EVA</name>
         <page_id>0x1</page_id>
         <origin>0x7400</origin>
         <length>0x40</length>
         <used_space>0x32</used_space>
         <unused_space>0xe</unused_space>
         <attributes>RWIX</attributes>
         <usage_details>
            <allocated_space>
               <start_address>0x7400</start_address>
               <size>0x32</size>
               <logical_group_ref idref="lg-17"/>
            </allocated_space>
            <available_space>
               <start_address>0x7432</start_address>
               <size>0xe</size>
            </available_space>
         </usage_details>
      </memory_area>
      <memory_area>
         <name>EVB</name>
         <page_id>0x1</page_id>
         <origin>0x7500</origin>
         <length>0x40</length>
         <used_space>0x32</used_space>
         <unused_space>0xe</unused_space>
         <attributes>RWIX</attributes>
         <usage_details>
            <allocated_space>
               <start_address>0x7500</start_address>
               <size>0x32</size>
               <logical_group_ref idref="lg-18"/>
            </allocated_space>
            <available_space>
               <start_address>0x7532</start_address>
               <size>0xe</size>
            </available_space>
         </usage_details>
      </memory_area>
      <memory_area>
         <name>SCIB</name>
         <page_id>0x1</page_id>
         <origin>0x7750</origin>
         <length>0x10</length>
         <used_space>0x10</used_space>
         <unused_space>0x0</unused_space>
         <attributes>RWIX</attributes>
         <usage_details>
            <allocated_space>
               <start_address>0x7750</start_address>
               <size>0x10</size>
               <logical_group_ref idref="lg-19"/>
            </allocated_space>
         </usage_details>
      </memory_area>
      <memory_area>
         <name>MCBSPA</name>
         <page_id>0x1</page_id>
         <origin>0x7800</origin>
         <length>0x40</length>
         <used_space>0x25</used_space>
         <unused_space>0x1b</unused_space>
         <attributes>RWIX</attributes>
         <usage_details>
            <allocated_space>
               <start_address>0x7800</start_address>
               <size>0x25</size>
               <logical_group_ref idref="lg-1a"/>
            </allocated_space>
            <available_space>
               <start_address>0x7825</start_address>
               <size>0x1b</size>
            </available_space>
         </usage_details>
      </memory_area>
      <memory_area>
         <name>CSM_PWL</name>
         <page_id>0x1</page_id>
         <origin>0x3f7ff8</origin>
         <length>0x8</length>
         <used_space>0x8</used_space>
         <unused_space>0x0</unused_space>
         <attributes>RWIX</attributes>
         <usage_details>
            <allocated_space>
               <start_address>0x3f7ff8</start_address>
               <size>0x8</size>
               <logical_group_ref idref="lg-1b"/>
            </allocated_space>
         </usage_details>
      </memory_area>
      <memory_area>
         <name>DRAMH0</name>
         <page_id>0x1</page_id>
         <origin>0x3f9000</origin>
         <length>0x1000</length>
         <used_space>0x134</used_space>
         <unused_space>0xecc</unused_space>
         <attributes>RWIX</attributes>
         <usage_details>
            <allocated_space>
               <start_address>0x3f9000</start_address>
               <size>0x100</size>
               <logical_group_ref idref="lg-25"/>
            </allocated_space>
            <allocated_space>
               <start_address>0x3f9100</start_address>
               <size>0x34</size>
               <logical_group_ref idref="lg-24"/>
            </allocated_space>
            <available_space>
               <start_address>0x3f9134</start_address>
               <size>0xecc</size>
            </available_space>
         </usage_details>
      </memory_area>
   </placement_map>
   <symbol_table>
      <symbol id="sm-0">
         <name>cinit</name>
         <value>0x3f8538</value>
      </symbol>
      <symbol id="sm-1">
         <name>___cinit__</name>
         <value>0x3f8538</value>
      </symbol>
      <symbol id="sm-2">
         <name>pinit</name>
         <value>0xffffffff</value>
      </symbol>
      <symbol id="sm-3">
         <name>___pinit__</name>
         <value>0xffffffff</value>
      </symbol>
      <symbol id="sm-4">
         <name>binit</name>
         <value>0xffffffff</value>
      </symbol>
      <symbol id="sm-5">
         <name>___binit__</name>
         <value>0xffffffff</value>
      </symbol>
      <symbol id="sm-6">
         <name>__STACK_SIZE</name>
         <value>0x400</value>
      </symbol>
      <symbol id="sm-7">
         <name>__STACK_END</name>
         <value>0x800</value>
      </symbol>
      <symbol id="sm-8">
         <name>___c_args__</name>
         <value>0xffffffff</value>
      </symbol>
      <symbol id="sm-9">
         <name>.text</name>
         <value>0x3f8002</value>
      </symbol>
      <symbol id="sm-a">
         <name>___text__</name>
         <value>0x3f8002</value>
      </symbol>
      <symbol id="sm-b">
         <name>etext</name>
         <value>0x3f8538</value>
      </symbol>
      <symbol id="sm-c">
         <name>___etext__</name>
         <value>0x3f8538</value>
      </symbol>
      <symbol id="sm-81">
         <name>_main</name>
         <value>0x3f8002</value>
         <object_component_ref idref="oc-28"/>
      </symbol>
      <symbol id="sm-82">
         <name>_eCAN0INT_ISR</name>
         <value>0x3f83db</value>
         <object_component_ref idref="oc-2c"/>
      </symbol>
      <symbol id="sm-83">
         <name>_MachinePowerTransfer</name>
         <value>0x3f9116</value>
         <object_component_ref idref="oc-2b"/>
      </symbol>
      <symbol id="sm-84">
         <name>_initMBoxes</name>
         <value>0x3f8058</value>
         <object_component_ref idref="oc-28"/>
      </symbol>
      <symbol id="sm-85">
         <name>_MessageReceived</name>
         <value>0x3f9100</value>
         <object_component_ref idref="oc-2b"/>
      </symbol>
      <symbol id="sm-86">
         <name>_TOGGLE_PIN</name>
         <value>0x3f815c</value>
         <object_component_ref idref="oc-28"/>
      </symbol>
      <symbol id="sm-87">
         <name>_get_ADC</name>
         <value>0x3f8163</value>
         <object_component_ref idref="oc-28"/>
      </symbol>
      <symbol id="sm-88">
         <name>_BatteryCurrentDischarge</name>
         <value>0x3f910c</value>
         <object_component_ref idref="oc-2b"/>
      </symbol>
      <symbol id="sm-89">
         <name>_ErrorCount</name>
         <value>0x3f911a</value>
         <object_component_ref idref="oc-2b"/>
      </symbol>
      <symbol id="sm-8a">
         <name>_BatteryVoltage</name>
         <value>0x3f9122</value>
         <object_component_ref idref="oc-2b"/>
      </symbol>
      <symbol id="sm-8b">
         <name>_createMessage</name>
         <value>0x3f8081</value>
         <object_component_ref idref="oc-28"/>
      </symbol>
      <symbol id="sm-8c">
         <name>_SlaveBatteryPowerONAuth</name>
         <value>0x3f9112</value>
         <object_component_ref idref="oc-2b"/>
      </symbol>
      <symbol id="sm-8d">
         <name>_SOC</name>
         <value>0x3f9114</value>
         <object_component_ref idref="oc-2b"/>
      </symbol>
      <symbol id="sm-8e">
         <name>_MDLTempR</name>
         <value>0x3f9102</value>
         <object_component_ref idref="oc-2b"/>
      </symbol>
      <symbol id="sm-8f">
         <name>_MDLTempS</name>
         <value>0x3f9118</value>
         <object_component_ref idref="oc-2b"/>
      </symbol>
      <symbol id="sm-90">
         <name>_MDHTempR</name>
         <value>0x3f9104</value>
         <object_component_ref idref="oc-2b"/>
      </symbol>
      <symbol id="sm-91">
         <name>_MDHTempS</name>
         <value>0x3f911e</value>
         <object_component_ref idref="oc-2b"/>
      </symbol>
      <symbol id="sm-92">
         <name>_decodeMessage</name>
         <value>0x3f80bc</value>
         <object_component_ref idref="oc-28"/>
      </symbol>
      <symbol id="sm-93">
         <name>_initEcanInterrupt</name>
         <value>0x3f802a</value>
         <object_component_ref idref="oc-28"/>
      </symbol>
      <symbol id="sm-94">
         <name>_mailbox_read</name>
         <value>0x3f80e8</value>
         <object_component_ref idref="oc-28"/>
      </symbol>
      <symbol id="sm-95">
         <name>_sendMessage</name>
         <value>0x3f80aa</value>
         <object_component_ref idref="oc-28"/>
      </symbol>
      <symbol id="sm-96">
         <name>_MotorFrequency</name>
         <value>0x3f9110</value>
         <object_component_ref idref="oc-2b"/>
      </symbol>
      <symbol id="sm-97">
         <name>_Init_ADC</name>
         <value>0x3f810f</value>
         <object_component_ref idref="oc-28"/>
      </symbol>
      <symbol id="sm-98">
         <name>_BatteryTemp</name>
         <value>0x3f9106</value>
         <object_component_ref idref="oc-2b"/>
      </symbol>
      <symbol id="sm-99">
         <name>_MotorOrGenerator</name>
         <value>0x3f9124</value>
         <object_component_ref idref="oc-2b"/>
      </symbol>
      <symbol id="sm-9a">
         <name>_BusVoltage</name>
         <value>0x3f9108</value>
         <object_component_ref idref="oc-2b"/>
      </symbol>
      <symbol id="sm-9b">
         <name>_BatteryCurrentCharge</name>
         <value>0x3f910e</value>
         <object_component_ref idref="oc-2b"/>
      </symbol>
      <symbol id="sm-9c">
         <name>_RotorPosition</name>
         <value>0x3f911c</value>
         <object_component_ref idref="oc-2b"/>
      </symbol>
      <symbol id="sm-9d">
         <name>_PhaseAngle</name>
         <value>0x3f9120</value>
         <object_component_ref idref="oc-2b"/>
      </symbol>
      <symbol id="sm-9e">
         <name>_SlaveFaultState</name>
         <value>0x3f910a</value>
         <object_component_ref idref="oc-2b"/>
      </symbol>
      <symbol id="sm-9f">
         <name>_delay_loop</name>
         <value>0x3f80ff</value>
         <object_component_ref idref="oc-28"/>
      </symbol>
      <symbol id="sm-a0">
         <name>_TestMbox1</name>
         <value>0x3f9128</value>
         <object_component_ref idref="oc-2b"/>
      </symbol>
      <symbol id="sm-a1">
         <name>_TestMbox2</name>
         <value>0x3f912a</value>
         <object_component_ref idref="oc-2b"/>
      </symbol>
      <symbol id="sm-a2">
         <name>_TestMbox3</name>
         <value>0x3f9126</value>
         <object_component_ref idref="oc-2b"/>
      </symbol>
      <symbol id="sm-aa">
         <name>_DSP28x_usDelay</name>
         <value>0x3f85d2</value>
         <object_component_ref idref="oc-30"/>
      </symbol>
      <symbol id="sm-bc">
         <name>_InitPll</name>
         <value>0x3f8373</value>
         <object_component_ref idref="oc-34"/>
      </symbol>
      <symbol id="sm-bd">
         <name>_DisableDog</name>
         <value>0x3f836b</value>
         <object_component_ref idref="oc-34"/>
      </symbol>
      <symbol id="sm-be">
         <name>_InitPeripheralClocks</name>
         <value>0x3f8390</value>
         <object_component_ref idref="oc-34"/>
      </symbol>
      <symbol id="sm-bf">
         <name>_KickDog</name>
         <value>0x3f8361</value>
         <object_component_ref idref="oc-34"/>
      </symbol>
      <symbol id="sm-c0">
         <name>_InitFlash</name>
         <value>0x3f85bb</value>
         <object_component_ref idref="oc-36"/>
      </symbol>
      <symbol id="sm-c1">
         <name>_CsmUnlock</name>
         <value>0x3f83aa</value>
         <object_component_ref idref="oc-34"/>
      </symbol>
      <symbol id="sm-c2">
         <name>_InitSysCtrl</name>
         <value>0x3f8359</value>
         <object_component_ref idref="oc-34"/>
      </symbol>
      <symbol id="sm-d2">
         <name>_PieVectTableInit</name>
         <value>0x3f9000</value>
         <object_component_ref idref="oc-3c"/>
      </symbol>
      <symbol id="sm-d3">
         <name>_InitPieVectTable</name>
         <value>0x3f84bf</value>
         <object_component_ref idref="oc-3a"/>
      </symbol>
      <symbol id="sm-dd">
         <name>_InitPieCtrl</name>
         <value>0x3f8497</value>
         <object_component_ref idref="oc-40"/>
      </symbol>
      <symbol id="sm-de">
         <name>_EnableInterrupts</name>
         <value>0x3f84b6</value>
         <object_component_ref idref="oc-40"/>
      </symbol>
      <symbol id="sm-e8">
         <name>_InitGpio</name>
         <value>0x3f8511</value>
         <object_component_ref idref="oc-45"/>
      </symbol>
      <symbol id="sm-122">
         <name>_PieVectTable</name>
         <value>0xd00</value>
         <object_component_ref idref="oc-63"/>
      </symbol>
      <symbol id="sm-123">
         <name>_CsmRegs</name>
         <value>0xae0</value>
         <object_component_ref idref="oc-53"/>
      </symbol>
      <symbol id="sm-124">
         <name>_ECanaLAMRegs</name>
         <value>0x6040</value>
         <object_component_ref idref="oc-60"/>
      </symbol>
      <symbol id="sm-125">
         <name>_EvaRegs</name>
         <value>0x7400</value>
         <object_component_ref idref="oc-5c"/>
      </symbol>
      <symbol id="sm-126">
         <name>_GpioMuxRegs</name>
         <value>0x70c0</value>
         <object_component_ref idref="oc-59"/>
      </symbol>
      <symbol id="sm-127">
         <name>_EvbRegs</name>
         <value>0x7500</value>
         <object_component_ref idref="oc-5d"/>
      </symbol>
      <symbol id="sm-128">
         <name>_CpuTimer1Regs</name>
         <value>0xc08</value>
         <object_component_ref idref="oc-4e"/>
      </symbol>
      <symbol id="sm-129">
         <name>_SysCtrlRegs</name>
         <value>0x7010</value>
         <object_component_ref idref="oc-58"/>
      </symbol>
      <symbol id="sm-12a">
         <name>_SpiaRegs</name>
         <value>0x7040</value>
         <object_component_ref idref="oc-51"/>
      </symbol>
      <symbol id="sm-12b">
         <name>_ECanaMOTSRegs</name>
         <value>0x6080</value>
         <object_component_ref idref="oc-5f"/>
      </symbol>
      <symbol id="sm-12c">
         <name>_FlashRegs</name>
         <value>0xa80</value>
         <object_component_ref idref="oc-4c"/>
      </symbol>
      <symbol id="sm-12d">
         <name>_CpuTimer0Regs</name>
         <value>0xc00</value>
         <object_component_ref idref="oc-4d"/>
      </symbol>
      <symbol id="sm-12e">
         <name>_DevEmuRegs</name>
         <value>0x880</value>
         <object_component_ref idref="oc-62"/>
      </symbol>
      <symbol id="sm-12f">
         <name>_SciaRegs</name>
         <value>0x7050</value>
         <object_component_ref idref="oc-52"/>
      </symbol>
      <symbol id="sm-130">
         <name>_GpioDataRegs</name>
         <value>0x70e0</value>
         <object_component_ref idref="oc-5a"/>
      </symbol>
      <symbol id="sm-131">
         <name>_CsmPwl</name>
         <value>0x3f7ff8</value>
         <object_component_ref idref="oc-4f"/>
      </symbol>
      <symbol id="sm-132">
         <name>_AdcRegs</name>
         <value>0x7100</value>
         <object_component_ref idref="oc-55"/>
      </symbol>
      <symbol id="sm-133">
         <name>_XIntruptRegs</name>
         <value>0x7070</value>
         <object_component_ref idref="oc-54"/>
      </symbol>
      <symbol id="sm-134">
         <name>_CpuTimer2Regs</name>
         <value>0xc10</value>
         <object_component_ref idref="oc-4b"/>
      </symbol>
      <symbol id="sm-135">
         <name>_PieCtrlRegs</name>
         <value>0xce0</value>
         <object_component_ref idref="oc-56"/>
      </symbol>
      <symbol id="sm-136">
         <name>_ECanaRegs</name>
         <value>0x6000</value>
         <object_component_ref idref="oc-5e"/>
      </symbol>
      <symbol id="sm-137">
         <name>_XintfRegs</name>
         <value>0xb20</value>
         <object_component_ref idref="oc-57"/>
      </symbol>
      <symbol id="sm-138">
         <name>_McbspaRegs</name>
         <value>0x7800</value>
         <object_component_ref idref="oc-5b"/>
      </symbol>
      <symbol id="sm-139">
         <name>_ScibRegs</name>
         <value>0x7750</value>
         <object_component_ref idref="oc-50"/>
      </symbol>
      <symbol id="sm-13a">
         <name>_ECanaMboxes</name>
         <value>0x6100</value>
         <object_component_ref idref="oc-64"/>
      </symbol>
      <symbol id="sm-13b">
         <name>_ECanaMOTORegs</name>
         <value>0x60c0</value>
         <object_component_ref idref="oc-61"/>
      </symbol>
      <symbol id="sm-143">
         <name>_InitEv</name>
         <value>0x3f8537</value>
         <object_component_ref idref="oc-66"/>
      </symbol>
      <symbol id="sm-153">
         <name>_InitECan</name>
         <value>0x3f82d5</value>
         <object_component_ref idref="oc-6b"/>
      </symbol>
      <symbol id="sm-221">
         <name>_ILLEGAL_ISR</name>
         <value>0x3f81a4</value>
         <object_component_ref idref="oc-71"/>
      </symbol>
      <symbol id="sm-222">
         <name>_T1PINT_ISR</name>
         <value>0x3f8217</value>
         <object_component_ref idref="oc-71"/>
      </symbol>
      <symbol id="sm-223">
         <name>_CMP6INT_ISR</name>
         <value>0x3f8258</value>
         <object_component_ref idref="oc-71"/>
      </symbol>
      <symbol id="sm-224">
         <name>_T2CINT_ISR</name>
         <value>0x3f8230</value>
         <object_component_ref idref="oc-71"/>
      </symbol>
      <symbol id="sm-225">
         <name>_CMP3INT_ISR</name>
         <value>0x3f8212</value>
         <object_component_ref idref="oc-71"/>
      </symbol>
      <symbol id="sm-226">
         <name>_DATALOG_ISR</name>
         <value>0x3f8190</value>
         <object_component_ref idref="oc-71"/>
      </symbol>
      <symbol id="sm-227">
         <name>_SPITXINTA_ISR</name>
         <value>0x3f8299</value>
         <object_component_ref idref="oc-71"/>
      </symbol>
      <symbol id="sm-228">
         <name>_SPIRXINTA_ISR</name>
         <value>0x3f8294</value>
         <object_component_ref idref="oc-71"/>
      </symbol>
      <symbol id="sm-229">
         <name>_INT13_ISR</name>
         <value>0x3f8186</value>
         <object_component_ref idref="oc-71"/>
      </symbol>
      <symbol id="sm-22a">
         <name>_CAPINT3_ISR</name>
         <value>0x3f8249</value>
         <object_component_ref idref="oc-71"/>
      </symbol>
      <symbol id="sm-22b">
         <name>_MXINTA_ISR</name>
         <value>0x3f82a3</value>
         <object_component_ref idref="oc-71"/>
      </symbol>
      <symbol id="sm-22c">
         <name>_T1UFINT_ISR</name>
         <value>0x3f8221</value>
         <object_component_ref idref="oc-71"/>
      </symbol>
      <symbol id="sm-22d">
         <name>_T3UFINT_ISR</name>
         <value>0x3f8267</value>
         <object_component_ref idref="oc-71"/>
      </symbol>
      <symbol id="sm-22e">
         <name>_USER5_ISR</name>
         <value>0x3f81bd</value>
         <object_component_ref idref="oc-71"/>
      </symbol>
      <symbol id="sm-22f">
         <name>_EMPTY_ISR</name>
         <value>0x3f82c6</value>
         <object_component_ref idref="oc-71"/>
      </symbol>
      <symbol id="sm-230">
         <name>_ECAN0INTA_ISR</name>
         <value>0x3f82bc</value>
         <object_component_ref idref="oc-71"/>
      </symbol>
      <symbol id="sm-231">
         <name>_EMUINT_ISR</name>
         <value>0x3f819a</value>
         <object_component_ref idref="oc-71"/>
      </symbol>
      <symbol id="sm-232">
         <name>_PDPINTB_ISR</name>
         <value>0x3f81ea</value>
         <object_component_ref idref="oc-71"/>
      </symbol>
      <symbol id="sm-233">
         <name>_CMP5INT_ISR</name>
         <value>0x3f8253</value>
         <object_component_ref idref="oc-71"/>
      </symbol>
      <symbol id="sm-234">
         <name>_CAPINT2_ISR</name>
         <value>0x3f8244</value>
         <object_component_ref idref="oc-71"/>
      </symbol>
      <symbol id="sm-235">
         <name>_CMP2INT_ISR</name>
         <value>0x3f820d</value>
         <object_component_ref idref="oc-71"/>
      </symbol>
      <symbol id="sm-236">
         <name>_USER11_ISR</name>
         <value>0x3f81db</value>
         <object_component_ref idref="oc-71"/>
      </symbol>
      <symbol id="sm-237">
         <name>_USER4_ISR</name>
         <value>0x3f81b8</value>
         <object_component_ref idref="oc-71"/>
      </symbol>
      <symbol id="sm-238">
         <name>_TINT0_ISR</name>
         <value>0x3f81fe</value>
         <object_component_ref idref="oc-71"/>
      </symbol>
      <symbol id="sm-239">
         <name>_WAKEINT_ISR</name>
         <value>0x3f8203</value>
         <object_component_ref idref="oc-71"/>
      </symbol>
      <symbol id="sm-23a">
         <name>_T2UFINT_ISR</name>
         <value>0x3f8235</value>
         <object_component_ref idref="oc-71"/>
      </symbol>
      <symbol id="sm-23b">
         <name>_T4UFINT_ISR</name>
         <value>0x3f827b</value>
         <object_component_ref idref="oc-71"/>
      </symbol>
      <symbol id="sm-23c">
         <name>_USER10_ISR</name>
         <value>0x3f81d6</value>
         <object_component_ref idref="oc-71"/>
      </symbol>
      <symbol id="sm-23d">
         <name>_T1OFINT_ISR</name>
         <value>0x3f8226</value>
         <object_component_ref idref="oc-71"/>
      </symbol>
      <symbol id="sm-23e">
         <name>_T3OFINT_ISR</name>
         <value>0x3f826c</value>
         <object_component_ref idref="oc-71"/>
      </symbol>
      <symbol id="sm-23f">
         <name>_USER7_ISR</name>
         <value>0x3f81c7</value>
         <object_component_ref idref="oc-71"/>
      </symbol>
      <symbol id="sm-240">
         <name>_XINT1_ISR</name>
         <value>0x3f81ef</value>
         <object_component_ref idref="oc-71"/>
      </symbol>
      <symbol id="sm-241">
         <name>_INT14_ISR</name>
         <value>0x3f818b</value>
         <object_component_ref idref="oc-71"/>
      </symbol>
      <symbol id="sm-242">
         <name>_T2PINT_ISR</name>
         <value>0x3f822b</value>
         <object_component_ref idref="oc-71"/>
      </symbol>
      <symbol id="sm-243">
         <name>_CMP4INT_ISR</name>
         <value>0x3f824e</value>
         <object_component_ref idref="oc-71"/>
      </symbol>
      <symbol id="sm-244">
         <name>_CMP1INT_ISR</name>
         <value>0x3f8208</value>
         <object_component_ref idref="oc-71"/>
      </symbol>
      <symbol id="sm-245">
         <name>_T4CINT_ISR</name>
         <value>0x3f8276</value>
         <object_component_ref idref="oc-71"/>
      </symbol>
      <symbol id="sm-246">
         <name>_USER6_ISR</name>
         <value>0x3f81c2</value>
         <object_component_ref idref="oc-71"/>
      </symbol>
      <symbol id="sm-247">
         <name>_T3CINT_ISR</name>
         <value>0x3f8262</value>
         <object_component_ref idref="oc-71"/>
      </symbol>
      <symbol id="sm-248">
         <name>_CAPINT5_ISR</name>
         <value>0x3f828a</value>
         <object_component_ref idref="oc-71"/>
      </symbol>
      <symbol id="sm-249">
         <name>_MRINTA_ISR</name>
         <value>0x3f829e</value>
         <object_component_ref idref="oc-71"/>
      </symbol>
      <symbol id="sm-24a">
         <name>_T2OFINT_ISR</name>
         <value>0x3f823a</value>
         <object_component_ref idref="oc-71"/>
      </symbol>
      <symbol id="sm-24b">
         <name>_T4OFINT_ISR</name>
         <value>0x3f8280</value>
         <object_component_ref idref="oc-71"/>
      </symbol>
      <symbol id="sm-24c">
         <name>_USER12_ISR</name>
         <value>0x3f81e0</value>
         <object_component_ref idref="oc-71"/>
      </symbol>
      <symbol id="sm-24d">
         <name>_ADCINT_ISR</name>
         <value>0x3f81f9</value>
         <object_component_ref idref="oc-71"/>
      </symbol>
      <symbol id="sm-24e">
         <name>_USER1_ISR</name>
         <value>0x3f81a9</value>
         <object_component_ref idref="oc-71"/>
      </symbol>
      <symbol id="sm-24f">
         <name>_NMI_ISR</name>
         <value>0x3f819f</value>
         <object_component_ref idref="oc-71"/>
      </symbol>
      <symbol id="sm-250">
         <name>_SCITXINTB_ISR</name>
         <value>0x3f82b7</value>
         <object_component_ref idref="oc-71"/>
      </symbol>
      <symbol id="sm-251">
         <name>_SCIRXINTB_ISR</name>
         <value>0x3f82b2</value>
         <object_component_ref idref="oc-71"/>
      </symbol>
      <symbol id="sm-252">
         <name>_T1CINT_ISR</name>
         <value>0x3f821c</value>
         <object_component_ref idref="oc-71"/>
      </symbol>
      <symbol id="sm-253">
         <name>_CAPINT4_ISR</name>
         <value>0x3f8285</value>
         <object_component_ref idref="oc-71"/>
      </symbol>
      <symbol id="sm-254">
         <name>_ECAN1INTA_ISR</name>
         <value>0x3f82c1</value>
         <object_component_ref idref="oc-71"/>
      </symbol>
      <symbol id="sm-255">
         <name>_PIE_RESERVED</name>
         <value>0x3f82cb</value>
         <object_component_ref idref="oc-71"/>
      </symbol>
      <symbol id="sm-256">
         <name>_XINT2_ISR</name>
         <value>0x3f81f4</value>
         <object_component_ref idref="oc-71"/>
      </symbol>
      <symbol id="sm-257">
         <name>_RTOSINT_ISR</name>
         <value>0x3f8195</value>
         <object_component_ref idref="oc-71"/>
      </symbol>
      <symbol id="sm-258">
         <name>_USER9_ISR</name>
         <value>0x3f81d1</value>
         <object_component_ref idref="oc-71"/>
      </symbol>
      <symbol id="sm-259">
         <name>_USER3_ISR</name>
         <value>0x3f81b3</value>
         <object_component_ref idref="oc-71"/>
      </symbol>
      <symbol id="sm-25a">
         <name>_CAPINT6_ISR</name>
         <value>0x3f828f</value>
         <object_component_ref idref="oc-71"/>
      </symbol>
      <symbol id="sm-25b">
         <name>_T4PINT_ISR</name>
         <value>0x3f8271</value>
         <object_component_ref idref="oc-71"/>
      </symbol>
      <symbol id="sm-25c">
         <name>_T3PINT_ISR</name>
         <value>0x3f825d</value>
         <object_component_ref idref="oc-71"/>
      </symbol>
      <symbol id="sm-25d">
         <name>_USER8_ISR</name>
         <value>0x3f81cc</value>
         <object_component_ref idref="oc-71"/>
      </symbol>
      <symbol id="sm-25e">
         <name>_USER2_ISR</name>
         <value>0x3f81ae</value>
         <object_component_ref idref="oc-71"/>
      </symbol>
      <symbol id="sm-25f">
         <name>_SCITXINTA_ISR</name>
         <value>0x3f82ad</value>
         <object_component_ref idref="oc-71"/>
      </symbol>
      <symbol id="sm-260">
         <name>_SCIRXINTA_ISR</name>
         <value>0x3f82a8</value>
         <object_component_ref idref="oc-71"/>
      </symbol>
      <symbol id="sm-261">
         <name>_PDPINTA_ISR</name>
         <value>0x3f81e5</value>
         <object_component_ref idref="oc-71"/>
      </symbol>
      <symbol id="sm-262">
         <name>_rsvd_ISR</name>
         <value>0x3f82d0</value>
         <object_component_ref idref="oc-71"/>
      </symbol>
      <symbol id="sm-263">
         <name>_CAPINT1_ISR</name>
         <value>0x3f823f</value>
         <object_component_ref idref="oc-71"/>
      </symbol>
      <symbol id="sm-27a">
         <name>_c_int00</name>
         <value>0x3f8429</value>
         <object_component_ref idref="oc-27"/>
      </symbol>
      <symbol id="sm-27b">
         <name>__stack</name>
         <value>0x400</value>
         <object_component_ref idref="oc-7a"/>
      </symbol>
      <symbol id="sm-289">
         <name>C$$EXIT</name>
         <value>0x3f84f8</value>
         <object_component_ref idref="oc-7f"/>
      </symbol>
      <symbol id="sm-28a">
         <name>_exit</name>
         <value>0x3f84fa</value>
         <object_component_ref idref="oc-7f"/>
      </symbol>
      <symbol id="sm-28b">
         <name>_abort</name>
         <value>0x3f84f8</value>
         <object_component_ref idref="oc-7f"/>
      </symbol>
      <symbol id="sm-28c">
         <name>__cleanup_ptr</name>
         <value>0x3f9130</value>
         <object_component_ref idref="oc-82"/>
      </symbol>
      <symbol id="sm-28d">
         <name>__dtors_ptr</name>
         <value>0x3f9132</value>
         <object_component_ref idref="oc-82"/>
      </symbol>
      <symbol id="sm-295">
         <name>UL$$MOD</name>
         <value>0x3f8491</value>
         <object_component_ref idref="oc-85"/>
      </symbol>
      <symbol id="sm-296">
         <name>L$$MOD</name>
         <value>0x3f847c</value>
         <object_component_ref idref="oc-85"/>
      </symbol>
      <symbol id="sm-297">
         <name>L$$DIV</name>
         <value>0x3f846d</value>
         <object_component_ref idref="oc-85"/>
      </symbol>
      <symbol id="sm-298">
         <name>UL$$DIV</name>
         <value>0x3f848a</value>
         <object_component_ref idref="oc-85"/>
      </symbol>
      <symbol id="sm-2a6">
         <name>__unlock</name>
         <value>0x3f912c</value>
         <object_component_ref idref="oc-8c"/>
      </symbol>
      <symbol id="sm-2a7">
         <name>__lock</name>
         <value>0x3f912e</value>
         <object_component_ref idref="oc-8c"/>
      </symbol>
      <symbol id="sm-2a8">
         <name>__register_lock</name>
         <value>0x3f852a</value>
         <object_component_ref idref="oc-89"/>
      </symbol>
      <symbol id="sm-2a9">
         <name>__nop</name>
         <value>0x3f852e</value>
         <object_component_ref idref="oc-89"/>
      </symbol>
      <symbol id="sm-2aa">
         <name>__register_unlock</name>
         <value>0x3f8526</value>
         <object_component_ref idref="oc-89"/>
      </symbol>
      <symbol id="sm-2b4">
         <name>__args_main</name>
         <value>0x3f84df</value>
         <object_component_ref idref="oc-8f"/>
      </symbol>
      <symbol id="sm-2b5">
         <name>__TI_args_main</name>
         <value>0x1</value>
      </symbol>
   </symbol_table>
</link_info>
